223.105.4.244 - - [15/May/2020:01:28:31 +0600] "GET http://2018.ip138.com/ic.asp HTTP/1.1" 400 61680 "-" "Mozilla/5.0 (X11; Linux i686) AppleWebKit/537.31 (KHTML, like Gecko) Chrome/26.0.1410.43 Safari/537.31"
223.105.4.244 - - [15/May/2020:01:28:31 +0600] "GET http://www.baidu.com/ HTTP/1.1" 400 61578 "-" "Mozilla/5.0 (X11; Linux i686) AppleWebKit/537.31 (KHTML, like Gecko) Chrome/26.0.1410.43 Safari/537.31"
112.25.65.106 - - [15/May/2020:01:28:50 +0600] "GET http://ztggzyjy.zt.gov.cn/jyxx/zfcg/gzsx HTTP/1.1" 400 62101 "-" "Mozilla/5.0 (Windows NT 6.1; rv:2.0.1) Gecko/20100101 Firefox/4.0.1"
112.25.65.104 - - [15/May/2020:01:28:50 +0600] "CONNECT mp.weixin.qq.com:443 HTTP/1.1" 400 61079 "-" "-"
223.105.4.245 - - [15/May/2020:01:29:01 +0600] "GET http://2018.ip138.com/ic.asp HTTP/1.1" 400 61680 "-" "Mozilla/5.0 (X11; U; Linux i686; en-US; rv:1.8.1.12) Gecko/20080219 Firefox/2.0.0.12 Navigator/9.0.0.6"
223.105.4.244 - - [15/May/2020:01:29:04 +0600] "GET http://2018.ip138.com/ic.asp HTTP/1.1" 400 61578 "-" "Mozilla/5.0 (X11; U; Linux i686; en-US; rv:1.9a3pre) Gecko/20070330"
223.105.4.244 - - [15/May/2020:01:29:04 +0600] "GET http://www.baidu.com/ HTTP/1.1" 400 61476 "-" "Mozilla/5.0 (X11; U; Linux i686; en-US; rv:1.9a3pre) Gecko/20070330"
223.105.4.245 - - [15/May/2020:01:29:11 +0600] "GET http://2018.ip138.com/ic.asp HTTP/1.1" 400 61680 "-" "Mozilla/5.0 (X11; Linux i686) AppleWebKit/537.31 (KHTML, like Gecko) Chrome/26.0.1410.43 Safari/537.31"
223.105.4.245 - - [15/May/2020:01:29:11 +0600] "GET http://www.baidu.com/ HTTP/1.1" 400 61578 "-" "Mozilla/5.0 (X11; Linux i686) AppleWebKit/537.31 (KHTML, like Gecko) Chrome/26.0.1410.43 Safari/537.31"
223.105.0.240 - - [15/May/2020:01:29:23 +0600] "GET http://news.baidu.com/ HTTP/1.1" 400 61766 "-" "Mozilla/5.0 (Windows NT 10.0; Win64; x64) AppleWebKit/537.36 (KHTML, like Gecko) Chrome/61.0.3163.100 Safari/537.36"
223.105.0.240 - - [15/May/2020:01:29:23 +0600] "GET http://news.chinaso.com/search?wd=%E6%B2%B9%E4%BB%B7%E5%B0%86%E8%BF%8E%E4%BA%8C%E8%BF%9E%E8%B7%8C&order=time&page=0&startTime=3h&endTime=now HTTP/1.1" 400 63707 "-" "Mozilla/5.0 (Macintosh; Intel Mac OS X 10_11_4) AppleWebKit/601.5.17 (KHTML, like Gecko) Version/9.1 Safari/601.5.17"
223.105.0.240 - - [15/May/2020:01:29:23 +0600] "GET http://www.baidu.com/s?tn=baidurt&rtt=4&pnw=1&pbl=0&pbs=0&bsst=1&rn=20&wd=%E7%9F%B3%E5%A2%A8%E7%83%AF HTTP/1.1" 400 63778 "-" "Mozilla/5.0 (Macintosh; Intel Mac OS X 10_11_6) AppleWebKit/601.7.7 (KHTML, like Gecko) Version/9.1.2 Safari/601.7.7"
223.105.0.240 - - [15/May/2020:01:29:23 +0600] "GET http://search.tianya.cn/bbs?q=%E4%B8%A4%E4%BC%9A HTTP/1.1" 400 62164 "-" "Mozilla/5.0 (Windows NT 5.1; rv:7.0.1) Gecko/20100101 Firefox/7.0.1"
223.105.0.240 - - [15/May/2020:01:29:22 +0600] "CONNECT www.toutiao.com:443 HTTP/1.0" 400 60810 "-" "-"
223.105.0.240 - - [15/May/2020:01:29:23 +0600] "GET http://search.sina.com.cn/?c=blog&q=%D6%D0%B9%FA%D2%C6%B6%AF&range=article&by=all&sort=time HTTP/1.1" 400 63306 "-" "Mozilla/5.0 (Macintosh; Intel Mac OS X 10_11_6) AppleWebKit/602.1.50 (KHTML, like Gecko) Version/10.0 Safari/602.1.50"
223.105.0.240 - - [15/May/2020:01:29:23 +0600] "CONNECT weixin.sogou.com:443 HTTP/1.0" 400 60843 "-" "-"
223.105.0.240 - - [15/May/2020:01:29:23 +0600] "CONNECT m.weibo.cn:443 HTTP/1.0" 400 60725 "-" "-"
223.105.0.240 - - [15/May/2020:01:29:23 +0600] "CONNECT www.douban.com:443 HTTP/1.0" 400 60793 "-" "-"
223.105.0.240 - - [15/May/2020:01:29:23 +0600] "GET http://news.sogou.com/news?time=0&query=%CB%D5%D6%DD&mode=1&sort=1 HTTP/1.1" 400 62837 "-" "Mozilla/5.0 (Macintosh; Intel Mac OS X 10.11; rv:52.0) Gecko/20100101 Firefox/52.0"
223.105.4.245 - - [15/May/2020:01:29:24 +0600] "GET http://2018.ip138.com/ic.asp HTTP/1.1" 400 61708 "-" "Mozilla/5.0 (Macintosh; U; PPC Mac OS X Mach-O; en-US; rv:1.8.1.7pre) Gecko/20070815 Firefox/2.0.0.6 Navigator/9.0b3"
223.105.4.245 - - [15/May/2020:01:29:24 +0600] "GET http://www.baidu.com/ HTTP/1.1" 400 61606 "-" "Mozilla/5.0 (Macintosh; U; PPC Mac OS X Mach-O; en-US; rv:1.8.1.7pre) Gecko/20070815 Firefox/2.0.0.6 Navigator/9.0b3"
::1 - - [15/May/2020:01:29:25 +0600] "OPTIONS * HTTP/1.0" 200 126 "-" "Apache/2.4.41 (Ubuntu) mod_wsgi/4.6.8 Python/3.8 (internal dummy connection)"
112.25.65.104 - - [15/May/2020:01:29:38 +0600] "CONNECT mp.weixin.qq.com:443 HTTP/1.1" 400 61079 "-" "-"
112.25.65.106 - - [15/May/2020:01:29:39 +0600] "GET http://www.zhaohua.gov.cn/news/list/20170821091347326.html HTTP/1.1" 400 62075 "-" "python-requests/2.8.1"
223.105.4.244 - - [15/May/2020:01:29:53 +0600] "GET http://2018.ip138.com/ic.asp HTTP/1.1" 400 61596 "-" "Mozilla/6.0 (Windows NT 6.2; WOW64; rv:16.0.1) Gecko/20121011 Firefox/16.0.1"
223.105.4.244 - - [15/May/2020:01:29:53 +0600] "GET http://www.baidu.com/ HTTP/1.1" 400 61494 "-" "Mozilla/6.0 (Windows NT 6.2; WOW64; rv:16.0.1) Gecko/20121011 Firefox/16.0.1"
112.25.65.104 - - [15/May/2020:01:29:58 +0600] "GET http://www.jiangyang.gov.cn/zwgk/jbxx/zwdt/bmjz HTTP/1.1" 400 61929 "-" "python-requests/2.8.1"
223.105.4.244 - - [15/May/2020:01:30:06 +0600] "GET http://www.baidu.com/ HTTP/1.1" 400 61578 "-" "Mozilla/5.0 (X11; Linux i686) AppleWebKit/537.31 (KHTML, like Gecko) Chrome/26.0.1410.43 Safari/537.31"
223.105.4.244 - - [15/May/2020:01:30:06 +0600] "GET http://2018.ip138.com/ic.asp HTTP/1.1" 400 61680 "-" "Mozilla/5.0 (X11; Linux i686) AppleWebKit/537.31 (KHTML, like Gecko) Chrome/26.0.1410.43 Safari/537.31"
112.25.65.104 - - [15/May/2020:01:30:17 +0600] "CONNECT mp.weixin.qq.com:443 HTTP/1.1" 400 61079 "-" "-"
223.105.4.244 - - [15/May/2020:01:30:23 +0600] "GET http://www.baidu.com/ HTTP/1.1" 400 61578 "-" "Mozilla/5.0 (X11; Linux i686) AppleWebKit/537.31 (KHTML, like Gecko) Chrome/26.0.1410.43 Safari/537.31"
223.105.4.244 - - [15/May/2020:01:30:24 +0600] "GET http://2018.ip138.com/ic.asp HTTP/1.1" 400 61680 "-" "Mozilla/5.0 (X11; Linux i686) AppleWebKit/537.31 (KHTML, like Gecko) Chrome/26.0.1410.43 Safari/537.31"
223.105.4.244 - - [15/May/2020:01:30:33 +0600] "GET http://www.baidu.com/ HTTP/1.1" 400 61534 "-" "Mozilla/5.0 (Windows NT 6.2; WOW64; rv:15.0) Gecko/20120910144328 Firefox/15.0.2"
223.105.4.244 - - [15/May/2020:01:30:33 +0600] "GET http://2018.ip138.com/ic.asp HTTP/1.1" 400 61636 "-" "Mozilla/5.0 (Windows NT 6.2; WOW64; rv:15.0) Gecko/20120910144328 Firefox/15.0.2"
223.105.4.245 - - [15/May/2020:01:30:56 +0600] "GET http://2018.ip138.com/ic.asp HTTP/1.1" 400 61644 "-" "Mozilla/5.0 (Macintosh; U; Intel Mac OS X 10.6; en-US; rv:1.9.2.13; ) Gecko/20101203"
223.105.4.245 - - [15/May/2020:01:30:56 +0600] "GET http://www.baidu.com/ HTTP/1.1" 400 61542 "-" "Mozilla/5.0 (Macintosh; U; Intel Mac OS X 10.6; en-US; rv:1.9.2.13; ) Gecko/20101203"
223.105.4.244 - - [15/May/2020:01:31:06 +0600] "GET http://www.baidu.com/ HTTP/1.1" 400 61456 "-" "Mozilla/5.0 (Windows; U; MSIE 7.0; Windows NT 6.0; en-US)"
223.105.4.244 - - [15/May/2020:01:31:06 +0600] "GET http://2018.ip138.com/ic.asp HTTP/1.1" 400 61558 "-" "Mozilla/5.0 (Windows; U; MSIE 7.0; Windows NT 6.0; en-US)"
223.105.4.244 - - [15/May/2020:01:31:29 +0600] "GET http://2018.ip138.com/ic.asp HTTP/1.1" 400 61692 "-" "Mozilla/5.0 (Windows NT 6.1; WOW64) AppleWebKit/537.17 (KHTML, like Gecko) Chrome/24.0.1312.60 Safari/537.17"
223.105.4.244 - - [15/May/2020:01:31:29 +0600] "GET http://www.baidu.com/ HTTP/1.1" 400 61590 "-" "Mozilla/5.0 (Windows NT 6.1; WOW64) AppleWebKit/537.17 (KHTML, like Gecko) Chrome/24.0.1312.60 Safari/537.17"
223.105.4.245 - - [15/May/2020:01:31:37 +0600] "GET http://2018.ip138.com/ic.asp HTTP/1.1" 400 61712 "-" "Mozilla/5.0 (Macintosh; Intel Mac OS X 10_8_2) AppleWebKit/537.17 (KHTML, like Gecko) Chrome/24.0.1309.0 Safari/537.17"
223.105.4.245 - - [15/May/2020:01:31:37 +0600] "GET http://www.baidu.com/ HTTP/1.1" 400 61610 "-" "Mozilla/5.0 (Macintosh; Intel Mac OS X 10_8_2) AppleWebKit/537.17 (KHTML, like Gecko) Chrome/24.0.1309.0 Safari/537.17"
223.105.4.244 - - [15/May/2020:01:31:46 +0600] "GET http://www.baidu.com/ HTTP/1.1" 400 61578 "-" "Mozilla/5.0 (X11; U; Linux i686; en-US; rv:1.8.1.12) Gecko/20080219 Firefox/2.0.0.12 Navigator/9.0.0.6"
223.105.4.244 - - [15/May/2020:01:31:46 +0600] "GET http://2018.ip138.com/ic.asp HTTP/1.1" 400 61680 "-" "Mozilla/5.0 (X11; U; Linux i686; en-US; rv:1.8.1.12) Gecko/20080219 Firefox/2.0.0.12 Navigator/9.0.0.6"
223.105.4.244 - - [15/May/2020:01:32:25 +0600] "GET http://www.baidu.com/ HTTP/1.1" 400 61494 "-" "Mozilla/5.0 (X11; Ubuntu; Linux i686; rv:15.0) Gecko/20100101 Firefox/15.0.1"
223.105.4.244 - - [15/May/2020:01:32:26 +0600] "GET http://2018.ip138.com/ic.asp HTTP/1.1" 400 61596 "-" "Mozilla/5.0 (X11; Ubuntu; Linux i686; rv:15.0) Gecko/20100101 Firefox/15.0.1"
223.105.4.244 - - [15/May/2020:01:32:28 +0600] "GET http://www.baidu.com/ HTTP/1.1" 400 61542 "-" "Mozilla/5.0 (Macintosh; U; Intel Mac OS X 10.6; en-US; rv:1.9.2.13; ) Gecko/20101203"
223.105.4.244 - - [15/May/2020:01:32:28 +0600] "GET http://2018.ip138.com/ic.asp HTTP/1.1" 400 61644 "-" "Mozilla/5.0 (Macintosh; U; Intel Mac OS X 10.6; en-US; rv:1.9.2.13; ) Gecko/20101203"
223.105.4.245 - - [15/May/2020:01:32:41 +0600] "GET http://2018.ip138.com/ic.asp HTTP/1.1" 400 61570 "-" "Mozilla/5.0 (Windows; U; Windows NT 6.1; rv:2.2) Gecko/20110201"
223.105.4.245 - - [15/May/2020:01:32:42 +0600] "GET http://www.baidu.com/ HTTP/1.1" 400 61468 "-" "Mozilla/5.0 (Windows; U; Windows NT 6.1; rv:2.2) Gecko/20110201"
223.105.0.240 - - [15/May/2020:01:32:59 +0600] "GET http://news.baidu.com/ HTTP/1.1" 400 61745 "-" "Mozilla/5.0 (Windows NT 6.1; WOW64) AppleWebKit/537.36 (KHTML, like Gecko) Chrome/51.0.2704.63 Safari/537.36"
223.105.0.240 - - [15/May/2020:01:32:59 +0600] "GET http://search.tianya.cn/bbs?q=%E4%B8%A4%E4%BC%9A HTTP/1.1" 400 62174 "-" "Mozilla/5.0 (Windows NT 6.3; WOW64; rv:50.0) Gecko/20100101 Firefox/50.0"
223.105.0.240 - - [15/May/2020:01:32:59 +0600] "GET http://www.baidu.com/s?tn=baidurt&rtt=4&pnw=1&pbl=0&pbs=0&bsst=1&rn=20&wd=%E7%9F%B3%E5%A2%A8%E7%83%AF HTTP/1.1" 400 63660 "-" "Mozilla/5.0 (Windows NT 10.0; WOW64; rv:47.0) Gecko/20100101 Firefox/47.0"
223.105.0.240 - - [15/May/2020:01:32:59 +0600] "GET http://news.chinaso.com/search?wd=%E6%B2%B9%E4%BB%B7%E5%B0%86%E8%BF%8E%E4%BA%8C%E8%BF%9E%E8%B7%8C&order=time&page=0&startTime=3h&endTime=now HTTP/1.1" 400 63659 "-" "Mozilla/5.0 (Windows; U; Windows NT 5.1; en-US; rv:1.8.1.12) Gecko/20080201 Firefox/2.0.0.12"
223.105.0.240 - - [15/May/2020:01:32:59 +0600] "GET http://search.sina.com.cn/?c=blog&q=%D6%D0%B9%FA%D2%C6%B6%AF&range=article&by=all&sort=time HTTP/1.1" 400 63314 "-" "Mozilla/5.0 (Macintosh; Intel Mac OS X 10_11_6) AppleWebKit/537.36 (KHTML, like Gecko) Chrome/57.0.2987.133 Safari/537.36"
223.105.0.240 - - [15/May/2020:01:32:59 +0600] "CONNECT weixin.sogou.com:443 HTTP/1.0" 400 60843 "-" "-"
223.105.0.240 - - [15/May/2020:01:32:59 +0600] "CONNECT www.toutiao.com:443 HTTP/1.0" 400 60810 "-" "-"
223.105.0.240 - - [15/May/2020:01:32:59 +0600] "GET http://news.sogou.com/news?time=0&query=%CB%D5%D6%DD&mode=1&sort=1 HTTP/1.1" 400 62901 "-" "Mozilla/5.0 (Windows NT 6.2; Win64; x64) AppleWebKit/537.36 (KHTML, like Gecko) Chrome/57.0.2987.133 Safari/537.36"
223.105.0.240 - - [15/May/2020:01:32:59 +0600] "CONNECT m.weibo.cn:443 HTTP/1.0" 400 60725 "-" "-"
223.105.0.240 - - [15/May/2020:01:32:59 +0600] "CONNECT www.douban.com:443 HTTP/1.0" 400 60793 "-" "-"
::1 - - [15/May/2020:01:33:00 +0600] "OPTIONS * HTTP/1.0" 200 126 "-" "Apache/2.4.41 (Ubuntu) mod_wsgi/4.6.8 Python/3.8 (internal dummy connection)"
223.105.4.244 - - [15/May/2020:01:33:12 +0600] "GET http://www.baidu.com/ HTTP/1.1" 400 61676 "-" "Mozilla/4.0 (compatible; MSIE 8.0; Windows NT 6.2; Trident/4.0; SLCC2; .NET CLR 2.0.50727; .NET CLR 3.5.30729; .NET CLR 3.0.30729; Media Center PC 6.0)"
223.105.4.244 - - [15/May/2020:01:33:12 +0600] "GET http://2018.ip138.com/ic.asp HTTP/1.1" 400 61778 "-" "Mozilla/4.0 (compatible; MSIE 8.0; Windows NT 6.2; Trident/4.0; SLCC2; .NET CLR 2.0.50727; .NET CLR 3.5.30729; .NET CLR 3.0.30729; Media Center PC 6.0)"
223.105.4.245 - - [15/May/2020:01:33:35 +0600] "GET http://www.baidu.com/ HTTP/1.1" 400 61456 "-" "Mozilla/5.0 (Windows; U; MSIE 7.0; Windows NT 6.0; en-US)"
223.105.4.245 - - [15/May/2020:01:33:35 +0600] "GET http://2018.ip138.com/ic.asp HTTP/1.1" 400 61558 "-" "Mozilla/5.0 (Windows; U; MSIE 7.0; Windows NT 6.0; en-US)"
223.105.4.245 - - [15/May/2020:01:33:47 +0600] "GET http://www.baidu.com/ HTTP/1.1" 400 61492 "-" "Mozilla/5.0 (Windows; U; MSIE 6.0; Windows NT 5.1; SV1; .NET CLR 2.0.50727)"
223.105.4.245 - - [15/May/2020:01:33:47 +0600] "GET http://2018.ip138.com/ic.asp HTTP/1.1" 400 61594 "-" "Mozilla/5.0 (Windows; U; MSIE 6.0; Windows NT 5.1; SV1; .NET CLR 2.0.50727)"
223.105.4.244 - - [15/May/2020:01:34:02 +0600] "GET http://2018.ip138.com/ic.asp HTTP/1.1" 400 61692 "-" "Mozilla/5.0 (Windows NT 6.1; WOW64) AppleWebKit/537.17 (KHTML, like Gecko) Chrome/24.0.1312.60 Safari/537.17"
223.105.4.244 - - [15/May/2020:01:34:02 +0600] "GET http://www.baidu.com/ HTTP/1.1" 400 61590 "-" "Mozilla/5.0 (Windows NT 6.1; WOW64) AppleWebKit/537.17 (KHTML, like Gecko) Chrome/24.0.1312.60 Safari/537.17"
223.105.4.245 - - [15/May/2020:01:34:13 +0600] "GET http://www.baidu.com/ HTTP/1.1" 400 61468 "-" "Mozilla/5.0 (Windows; U; Windows NT 6.1; rv:2.2) Gecko/20110201"
223.105.4.245 - - [15/May/2020:01:34:13 +0600] "GET http://2018.ip138.com/ic.asp HTTP/1.1" 400 61570 "-" "Mozilla/5.0 (Windows; U; Windows NT 6.1; rv:2.2) Gecko/20110201"
223.105.4.244 - - [15/May/2020:01:34:50 +0600] "GET http://2018.ip138.com/ic.asp HTTP/1.1" 400 61680 "-" "Mozilla/5.0 (X11; U; Linux i686; en-US; rv:1.8.1.12) Gecko/20080219 Firefox/2.0.0.12 Navigator/9.0.0.6"
223.105.4.244 - - [15/May/2020:01:34:50 +0600] "GET http://www.baidu.com/ HTTP/1.1" 400 61578 "-" "Mozilla/5.0 (X11; U; Linux i686; en-US; rv:1.8.1.12) Gecko/20080219 Firefox/2.0.0.12 Navigator/9.0.0.6"
112.25.65.102 - - [15/May/2020:01:34:54 +0600] "GET http://www.qionghai.ccoo.cn/tieba/index-12-1-1.html HTTP/1.1" 400 61985 "-" "python-requests/2.8.1"
112.25.65.102 - - [15/May/2020:01:34:55 +0600] "GET http://www.qionghai.ccoo.cn/tieba/index-12-1-1.html HTTP/1.1" 400 61985 "-" "python-requests/2.8.1"
223.105.4.245 - - [15/May/2020:01:35:05 +0600] "GET http://www.baidu.com/ HTTP/1.1" 400 61474 "-" "Opera/9.80 (X11; Linux x86_64; U; fr) Presto/2.9.168 Version/11.50"
223.105.4.245 - - [15/May/2020:01:35:05 +0600] "GET http://2018.ip138.com/ic.asp HTTP/1.1" 400 61576 "-" "Opera/9.80 (X11; Linux x86_64; U; fr) Presto/2.9.168 Version/11.50"
223.105.4.245 - - [15/May/2020:01:35:29 +0600] "GET http://www.baidu.com/ HTTP/1.1" 400 61456 "-" "Opera/9.80 (Windows NT 6.0) Presto/2.12.388 Version/12.14"
223.105.4.245 - - [15/May/2020:01:35:29 +0600] "GET http://2018.ip138.com/ic.asp HTTP/1.1" 400 61558 "-" "Opera/9.80 (Windows NT 6.0) Presto/2.12.388 Version/12.14"
223.105.4.244 - - [15/May/2020:01:35:35 +0600] "GET http://2018.ip138.com/ic.asp HTTP/1.1" 400 61570 "-" "Mozilla/5.0 (Windows; U; Windows NT 6.1; rv:2.2) Gecko/20110201"
223.105.4.244 - - [15/May/2020:01:35:35 +0600] "GET http://www.baidu.com/ HTTP/1.1" 400 61468 "-" "Mozilla/5.0 (Windows; U; Windows NT 6.1; rv:2.2) Gecko/20110201"
112.25.65.103 - - [15/May/2020:01:36:14 +0600] "GET http://www.weicheng.gov.cn/XWZX/TPXW/ HTTP/1.1" 400 61785 "-" "python-requests/2.8.1"
112.25.65.103 - - [15/May/2020:01:36:22 +0600] "GET http://www.weicheng.gov.cn/XWZX/ywdt/ HTTP/1.1" 400 61785 "-" "python-requests/2.8.1"
223.105.4.245 - - [15/May/2020:01:36:24 +0600] "GET http://2018.ip138.com/ic.asp HTTP/1.1" 400 61712 "-" "Mozilla/5.0 (Macintosh; Intel Mac OS X 10_8_2) AppleWebKit/537.17 (KHTML, like Gecko) Chrome/24.0.1309.0 Safari/537.17"
223.105.4.245 - - [15/May/2020:01:36:24 +0600] "GET http://www.baidu.com/ HTTP/1.1" 400 61610 "-" "Mozilla/5.0 (Macintosh; Intel Mac OS X 10_8_2) AppleWebKit/537.17 (KHTML, like Gecko) Chrome/24.0.1309.0 Safari/537.17"
223.105.4.244 - - [15/May/2020:01:36:24 +0600] "GET http://2018.ip138.com/ic.asp HTTP/1.1" 400 61680 "-" "Mozilla/5.0 (X11; U; Linux i686; en-US; rv:1.8.1.12) Gecko/20080219 Firefox/2.0.0.12 Navigator/9.0.0.6"
223.105.4.244 - - [15/May/2020:01:36:24 +0600] "GET http://www.baidu.com/ HTTP/1.1" 400 61578 "-" "Mozilla/5.0 (X11; U; Linux i686; en-US; rv:1.8.1.12) Gecko/20080219 Firefox/2.0.0.12 Navigator/9.0.0.6"
223.105.4.245 - - [15/May/2020:01:36:24 +0600] "GET http://2018.ip138.com/ic.asp HTTP/1.1" 400 61708 "-" "Mozilla/5.0 (Macintosh; U; PPC Mac OS X Mach-O; en-US; rv:1.8.1.7pre) Gecko/20070815 Firefox/2.0.0.6 Navigator/9.0b3"
223.105.4.245 - - [15/May/2020:01:36:24 +0600] "GET http://www.baidu.com/ HTTP/1.1" 400 61606 "-" "Mozilla/5.0 (Macintosh; U; PPC Mac OS X Mach-O; en-US; rv:1.8.1.7pre) Gecko/20070815 Firefox/2.0.0.6 Navigator/9.0b3"
112.25.65.103 - - [15/May/2020:01:36:26 +0600] "GET http://www.weicheng.gov.cn/XWZX/TPXW/ HTTP/1.1" 400 61947 "-" "Mozilla/4.0 (compatible; MSIE 6.0; Windows NT 5.1; SV1; .NET CLR 1.0.3705)"
223.105.0.240 - - [15/May/2020:01:36:44 +0600] "GET http://search.tianya.cn/bbs?q=%E4%B8%A4%E4%BC%9A HTTP/1.1" 400 62174 "-" "Mozilla/5.0 (Windows NT 6.1; WOW64; rv:41.0) Gecko/20100101 Firefox/41.0"
223.105.0.240 - - [15/May/2020:01:36:44 +0600] "GET http://news.baidu.com/ HTTP/1.1" 400 61763 "-" "Mozilla/5.0 (Macintosh; Intel Mac OS X 10_9_4) AppleWebKit/537.78.2 (KHTML, like Gecko) Version/7.0.6 Safari/537.78.2"
223.105.0.240 - - [15/May/2020:01:36:44 +0600] "GET http://news.chinaso.com/search?wd=%E6%B2%B9%E4%BB%B7%E5%B0%86%E8%BF%8E%E4%BA%8C%E8%BF%9E%E8%B7%8C&order=time&page=0&startTime=3h&endTime=now HTTP/1.1" 400 63597 "-" "Mozilla/5.0 (Windows NT 6.1; Win64; x64; rv:62.0) Gecko/20100101 Firefox/62.0"
223.105.0.240 - - [15/May/2020:01:36:44 +0600] "GET http://www.baidu.com/s?tn=baidurt&rtt=4&pnw=1&pbl=0&pbs=0&bsst=1&rn=20&wd=%E7%9F%B3%E5%A2%A8%E7%83%AF HTTP/1.1" 400 63778 "-" "Mozilla/5.0 (Macintosh; Intel Mac OS X 10_11_2) AppleWebKit/601.3.9 (KHTML, like Gecko) Version/9.0.2 Safari/601.3.9"
223.105.0.240 - - [15/May/2020:01:36:44 +0600] "CONNECT www.toutiao.com:443 HTTP/1.0" 400 60810 "-" "-"
223.105.0.240 - - [15/May/2020:01:36:44 +0600] "GET http://search.sina.com.cn/?c=blog&q=%D6%D0%B9%FA%D2%C6%B6%AF&range=article&by=all&sort=time HTTP/1.1" 400 63170 "-" "Mozilla/5.0 (Windows NT 6.1; rv:35.0) Gecko/20100101 Firefox/35.0"
223.105.0.240 - - [15/May/2020:01:36:44 +0600] "CONNECT weixin.sogou.com:443 HTTP/1.0" 400 60843 "-" "-"
223.105.0.240 - - [15/May/2020:01:36:44 +0600] "CONNECT m.weibo.cn:443 HTTP/1.0" 400 60725 "-" "-"
223.105.0.240 - - [15/May/2020:01:36:44 +0600] "CONNECT www.douban.com:443 HTTP/1.0" 400 60793 "-" "-"
223.105.0.240 - - [15/May/2020:01:36:45 +0600] "GET http://news.sogou.com/news?time=0&query=%CB%D5%D6%DD&mode=1&sort=1 HTTP/1.1" 400 62901 "-" "Mozilla/5.0 (Windows NT 6.1; Win64; x64) AppleWebKit/537.36 (KHTML, like Gecko) Chrome/58.0.3029.110 Safari/537.36"
::1 - - [15/May/2020:01:36:46 +0600] "OPTIONS * HTTP/1.0" 200 126 "-" "Apache/2.4.41 (Ubuntu) mod_wsgi/4.6.8 Python/3.8 (internal dummy connection)"
223.105.4.245 - - [15/May/2020:01:36:55 +0600] "GET http://www.baidu.com/ HTTP/1.1" 400 61492 "-" "Mozilla/5.0 (Windows; U; MSIE 6.0; Windows NT 5.1; SV1; .NET CLR 2.0.50727)"
223.105.4.245 - - [15/May/2020:01:36:55 +0600] "GET http://2018.ip138.com/ic.asp HTTP/1.1" 400 61594 "-" "Mozilla/5.0 (Windows; U; MSIE 6.0; Windows NT 5.1; SV1; .NET CLR 2.0.50727)"
223.105.4.245 - - [15/May/2020:01:37:09 +0600] "GET http://www.baidu.com/ HTTP/1.1" 400 61494 "-" "Mozilla/6.0 (Windows NT 6.2; WOW64; rv:16.0.1) Gecko/20121011 Firefox/16.0.1"
223.105.4.245 - - [15/May/2020:01:37:09 +0600] "GET http://2018.ip138.com/ic.asp HTTP/1.1" 400 61596 "-" "Mozilla/6.0 (Windows NT 6.2; WOW64; rv:16.0.1) Gecko/20121011 Firefox/16.0.1"
112.25.65.107 - - [15/May/2020:01:37:44 +0600] "GET http://ptxw.fjsen.com/node_175216.htm HTTP/1.1" 400 61749 "-" "python-requests/2.8.1"
223.105.4.244 - - [15/May/2020:01:37:55 +0600] "GET http://2018.ip138.com/ic.asp HTTP/1.1" 400 61578 "-" "Mozilla/5.0 (X11; U; Linux i686; en-US; rv:1.9a3pre) Gecko/20070330"
223.105.4.244 - - [15/May/2020:01:37:55 +0600] "GET http://www.baidu.com/ HTTP/1.1" 400 61476 "-" "Mozilla/5.0 (X11; U; Linux i686; en-US; rv:1.9a3pre) Gecko/20070330"
112.25.65.107 - - [15/May/2020:01:38:08 +0600] "GET http://ptxw.fjsen.com/node_175216.htm HTTP/1.1" 400 62025 "-" "Mozilla/5.0 (Windows NT 10.0; Win64; x64) AppleWebKit/537.36 (KHTML, like Gecko) Chrome/61.0.3163.100 Safari/537.36"
223.105.4.244 - - [15/May/2020:01:38:09 +0600] "GET http://2018.ip138.com/ic.asp HTTP/1.1" 400 61636 "-" "Mozilla/5.0 (Windows NT 6.2; WOW64; rv:15.0) Gecko/20120910144328 Firefox/15.0.2"
223.105.4.244 - - [15/May/2020:01:38:09 +0600] "GET http://www.baidu.com/ HTTP/1.1" 400 61534 "-" "Mozilla/5.0 (Windows NT 6.2; WOW64; rv:15.0) Gecko/20120910144328 Firefox/15.0.2"
223.105.4.244 - - [15/May/2020:01:38:33 +0600] "GET http://www.baidu.com/ HTTP/1.1" 400 61546 "-" "Mozilla/5.0 (Windows; U; Win 9x 4.90; SG; rv:1.9.2.4) Gecko/20101104 Netscape/9.1.0285"
223.105.4.244 - - [15/May/2020:01:38:33 +0600] "GET http://2018.ip138.com/ic.asp HTTP/1.1" 400 61648 "-" "Mozilla/5.0 (Windows; U; Win 9x 4.90; SG; rv:1.9.2.4) Gecko/20101104 Netscape/9.1.0285"
223.105.4.244 - - [15/May/2020:01:38:42 +0600] "GET http://2018.ip138.com/ic.asp HTTP/1.1" 400 61778 "-" "Mozilla/4.0 (compatible; MSIE 8.0; Windows NT 6.2; Trident/4.0; SLCC2; .NET CLR 2.0.50727; .NET CLR 3.5.30729; .NET CLR 3.0.30729; Media Center PC 6.0)"
223.105.4.244 - - [15/May/2020:01:38:42 +0600] "GET http://www.baidu.com/ HTTP/1.1" 400 61676 "-" "Mozilla/4.0 (compatible; MSIE 8.0; Windows NT 6.2; Trident/4.0; SLCC2; .NET CLR 2.0.50727; .NET CLR 3.5.30729; .NET CLR 3.0.30729; Media Center PC 6.0)"
223.105.4.244 - - [15/May/2020:01:38:48 +0600] "GET http://www.baidu.com/ HTTP/1.1" 400 61476 "-" "Mozilla/5.0 (X11; U; Linux i686; en-US; rv:1.9a3pre) Gecko/20070330"
223.105.4.244 - - [15/May/2020:01:38:48 +0600] "GET http://2018.ip138.com/ic.asp HTTP/1.1" 400 61578 "-" "Mozilla/5.0 (X11; U; Linux i686; en-US; rv:1.9a3pre) Gecko/20070330"
223.105.4.245 - - [15/May/2020:01:39:06 +0600] "GET http://2018.ip138.com/ic.asp HTTP/1.1" 400 61596 "-" "Mozilla/6.0 (Windows NT 6.2; WOW64; rv:16.0.1) Gecko/20121011 Firefox/16.0.1"
223.105.4.245 - - [15/May/2020:01:39:06 +0600] "GET http://www.baidu.com/ HTTP/1.1" 400 61494 "-" "Mozilla/6.0 (Windows NT 6.2; WOW64; rv:16.0.1) Gecko/20121011 Firefox/16.0.1"
112.25.65.105 - - [15/May/2020:01:39:11 +0600] "GET http://www.ksbbs.com/thread-htm-fid-264.html HTTP/1.1" 400 62101 "-" "Mozilla/5.0 (Windows NT 6.1; WOW64) AppleWebKit/537.1 (KHTML, like Gecko) Chrome/21.0.1180.83 Safari/537.1"
112.25.65.107 - - [15/May/2020:01:39:20 +0600] "CONNECT app.thepaper.cn:443 HTTP/1.1" 400 61045 "-" "-"
112.25.65.104 - - [15/May/2020:01:39:23 +0600] "CONNECT mp.weixin.qq.com:443 HTTP/1.1" 400 61079 "-" "-"
223.105.4.245 - - [15/May/2020:01:39:24 +0600] "GET http://2018.ip138.com/ic.asp HTTP/1.1" 400 61596 "-" "Mozilla/5.0 (X11; Ubuntu; Linux i686; rv:15.0) Gecko/20100101 Firefox/15.0.1"
223.105.4.245 - - [15/May/2020:01:39:24 +0600] "GET http://www.baidu.com/ HTTP/1.1" 400 61494 "-" "Mozilla/5.0 (X11; Ubuntu; Linux i686; rv:15.0) Gecko/20100101 Firefox/15.0.1"
112.25.65.107 - - [15/May/2020:01:39:25 +0600] "CONNECT app.thepaper.cn:443 HTTP/1.1" 400 61045 "-" "-"
223.105.4.244 - - [15/May/2020:01:39:28 +0600] "GET http://2018.ip138.com/ic.asp HTTP/1.1" 400 61570 "-" "Mozilla/5.0 (Windows; U; Windows NT 6.1; rv:2.2) Gecko/20110201"
223.105.4.244 - - [15/May/2020:01:39:28 +0600] "GET http://www.baidu.com/ HTTP/1.1" 400 61468 "-" "Mozilla/5.0 (Windows; U; Windows NT 6.1; rv:2.2) Gecko/20110201"
112.25.65.107 - - [15/May/2020:01:39:31 +0600] "CONNECT app.thepaper.cn:443 HTTP/1.1" 400 61045 "-" "-"
223.105.4.244 - - [15/May/2020:01:39:40 +0600] "GET http://www.baidu.com/ HTTP/1.1" 400 61606 "-" "Mozilla/5.0 (Macintosh; U; PPC Mac OS X Mach-O; en-US; rv:1.8.1.7pre) Gecko/20070815 Firefox/2.0.0.6 Navigator/9.0b3"
223.105.4.244 - - [15/May/2020:01:39:40 +0600] "GET http://2018.ip138.com/ic.asp HTTP/1.1" 400 61708 "-" "Mozilla/5.0 (Macintosh; U; PPC Mac OS X Mach-O; en-US; rv:1.8.1.7pre) Gecko/20070815 Firefox/2.0.0.6 Navigator/9.0b3"
223.105.4.244 - - [15/May/2020:01:40:07 +0600] "GET http://www.baidu.com/ HTTP/1.1" 400 61590 "-" "Mozilla/5.0 (Windows NT 6.1; WOW64) AppleWebKit/537.17 (KHTML, like Gecko) Chrome/24.0.1312.60 Safari/537.17"
223.105.4.244 - - [15/May/2020:01:40:07 +0600] "GET http://2018.ip138.com/ic.asp HTTP/1.1" 400 61692 "-" "Mozilla/5.0 (Windows NT 6.1; WOW64) AppleWebKit/537.17 (KHTML, like Gecko) Chrome/24.0.1312.60 Safari/537.17"
223.105.4.244 - - [15/May/2020:01:40:20 +0600] "GET http://2018.ip138.com/ic.asp HTTP/1.1" 400 61594 "-" "Mozilla/5.0 (Windows; U; MSIE 6.0; Windows NT 5.1; SV1; .NET CLR 2.0.50727)"
223.105.4.244 - - [15/May/2020:01:40:20 +0600] "GET http://www.baidu.com/ HTTP/1.1" 400 61492 "-" "Mozilla/5.0 (Windows; U; MSIE 6.0; Windows NT 5.1; SV1; .NET CLR 2.0.50727)"
223.105.0.240 - - [15/May/2020:01:40:32 +0600] "GET http://news.chinaso.com/search?wd=%E6%B2%B9%E4%BB%B7%E5%B0%86%E8%BF%8E%E4%BA%8C%E8%BF%9E%E8%B7%8C&order=time&page=0&startTime=3h&endTime=now HTTP/1.1" 400 63709 "-" "Mozilla/5.0 (Macintosh; Intel Mac OS X 10_11_6) AppleWebKit/604.5.6 (KHTML, like Gecko) Version/11.0.3 Safari/604.5.6"
223.105.0.240 - - [15/May/2020:01:40:33 +0600] "GET http://news.baidu.com/ HTTP/1.1" 400 61757 "-" "Mozilla/5.0 (Windows NT 6.1; Win64; x64) AppleWebKit/537.36 (KHTML, like Gecko) Chrome/64.0.3282.167 Safari/537.36"
223.105.0.240 - - [15/May/2020:01:40:33 +0600] "GET http://www.baidu.com/s?tn=baidurt&rtt=4&pnw=1&pbl=0&pbs=0&bsst=1&rn=20&wd=%E7%9F%B3%E5%A2%A8%E7%83%AF HTTP/1.1" 400 63780 "-" "Mozilla/5.0 (Macintosh; Intel Mac OS X 10_11_6) AppleWebKit/604.1.38 (KHTML, like Gecko) Version/11.0 Safari/604.1.38"
223.105.4.245 - - [15/May/2020:01:40:33 +0600] "GET http://2018.ip138.com/ic.asp HTTP/1.1" 400 61558 "-" "Opera/9.80 (Windows NT 6.0) Presto/2.12.388 Version/12.14"
223.105.0.240 - - [15/May/2020:01:40:32 +0600] "CONNECT www.toutiao.com:443 HTTP/1.0" 400 60810 "-" "-"
223.105.0.240 - - [15/May/2020:01:40:33 +0600] "GET http://search.tianya.cn/bbs?q=%E4%B8%A4%E4%BC%9A HTTP/1.1" 400 62304 "-" "Mozilla/5.0 (Macintosh; Intel Mac OS X 10_11_6) AppleWebKit/537.36 (KHTML, like Gecko) Chrome/69.0.3497.100 Safari/537.36"
223.105.4.245 - - [15/May/2020:01:40:33 +0600] "GET http://www.baidu.com/ HTTP/1.1" 400 61456 "-" "Opera/9.80 (Windows NT 6.0) Presto/2.12.388 Version/12.14"
223.105.0.240 - - [15/May/2020:01:40:33 +0600] "GET http://search.sina.com.cn/?c=blog&q=%D6%D0%B9%FA%D2%C6%B6%AF&range=article&by=all&sort=time HTTP/1.1" 400 63185 "-" "Mozilla/5.0 (Windows NT 10.0; WOW64; rv:43.0) Gecko/20100101 Firefox/43.0"
223.105.0.240 - - [15/May/2020:01:40:33 +0600] "CONNECT m.weibo.cn:443 HTTP/1.0" 400 60725 "-" "-"
223.105.0.240 - - [15/May/2020:01:40:33 +0600] "CONNECT weixin.sogou.com:443 HTTP/1.0" 400 60842 "-" "-"
223.105.0.240 - - [15/May/2020:01:40:33 +0600] "CONNECT www.douban.com:443 HTTP/1.0" 400 60793 "-" "-"
223.105.0.240 - - [15/May/2020:01:40:33 +0600] "GET http://news.sogou.com/news?time=0&query=%CB%D5%D6%DD&mode=1&sort=1 HTTP/1.1" 400 62794 "-" "Mozilla/5.0 (Windows NT 6.3; Win64; x64; rv:58.0) Gecko/20100101 Firefox/58.0"
::1 - - [15/May/2020:01:40:35 +0600] "OPTIONS * HTTP/1.0" 200 126 "-" "Apache/2.4.41 (Ubuntu) mod_wsgi/4.6.8 Python/3.8 (internal dummy connection)"
223.105.4.244 - - [15/May/2020:01:40:49 +0600] "GET http://www.baidu.com/ HTTP/1.1" 400 61606 "-" "Mozilla/5.0 (Macintosh; U; PPC Mac OS X Mach-O; en-US; rv:1.8.1.7pre) Gecko/20070815 Firefox/2.0.0.6 Navigator/9.0b3"
223.105.4.244 - - [15/May/2020:01:40:49 +0600] "GET http://2018.ip138.com/ic.asp HTTP/1.1" 400 61707 "-" "Mozilla/5.0 (Macintosh; U; PPC Mac OS X Mach-O; en-US; rv:1.8.1.7pre) Gecko/20070815 Firefox/2.0.0.6 Navigator/9.0b3"
223.105.4.244 - - [15/May/2020:01:41:20 +0600] "GET http://www.baidu.com/ HTTP/1.1" 400 61456 "-" "Mozilla/5.0 (Windows; U; MSIE 7.0; Windows NT 6.0; en-US)"
223.105.4.244 - - [15/May/2020:01:41:20 +0600] "GET http://2018.ip138.com/ic.asp HTTP/1.1" 400 61557 "-" "Mozilla/5.0 (Windows; U; MSIE 7.0; Windows NT 6.0; en-US)"
223.105.4.244 - - [15/May/2020:01:41:39 +0600] "GET http://www.baidu.com/ HTTP/1.1" 400 61606 "-" "Mozilla/5.0 (Macintosh; U; PPC Mac OS X Mach-O; en-US; rv:1.8.1.7pre) Gecko/20070815 Firefox/2.0.0.6 Navigator/9.0b3"
223.105.4.244 - - [15/May/2020:01:41:39 +0600] "GET http://2018.ip138.com/ic.asp HTTP/1.1" 400 61707 "-" "Mozilla/5.0 (Macintosh; U; PPC Mac OS X Mach-O; en-US; rv:1.8.1.7pre) Gecko/20070815 Firefox/2.0.0.6 Navigator/9.0b3"
223.105.4.244 - - [15/May/2020:01:42:05 +0600] "GET http://www.baidu.com/ HTTP/1.1" 400 61456 "-" "Opera/9.80 (Windows NT 6.0) Presto/2.12.388 Version/12.14"
223.105.4.244 - - [15/May/2020:01:42:05 +0600] "GET http://2018.ip138.com/ic.asp HTTP/1.1" 400 61557 "-" "Opera/9.80 (Windows NT 6.0) Presto/2.12.388 Version/12.14"
223.105.4.245 - - [15/May/2020:01:42:54 +0600] "GET http://www.baidu.com/ HTTP/1.1" 400 61675 "-" "Mozilla/4.0 (compatible; MSIE 8.0; Windows NT 6.2; Trident/4.0; SLCC2; .NET CLR 2.0.50727; .NET CLR 3.5.30729; .NET CLR 3.0.30729; Media Center PC 6.0)"
223.105.4.245 - - [15/May/2020:01:42:54 +0600] "GET http://2018.ip138.com/ic.asp HTTP/1.1" 400 61778 "-" "Mozilla/4.0 (compatible; MSIE 8.0; Windows NT 6.2; Trident/4.0; SLCC2; .NET CLR 2.0.50727; .NET CLR 3.5.30729; .NET CLR 3.0.30729; Media Center PC 6.0)"
112.25.65.105 - - [15/May/2020:01:43:02 +0600] "CONNECT mp.weixin.qq.com:443 HTTP/1.1" 400 61079 "-" "-"
112.25.65.104 - - [15/May/2020:01:43:03 +0600] "CONNECT mp.weixin.qq.com:443 HTTP/1.1" 400 61079 "-" "-"
112.25.65.105 - - [15/May/2020:01:43:07 +0600] "CONNECT mp.weixin.qq.com:443 HTTP/1.1" 400 61079 "-" "-"
112.25.65.105 - - [15/May/2020:01:43:07 +0600] "CONNECT mp.weixin.qq.com:443 HTTP/1.1" 400 61079 "-" "-"
223.105.4.244 - - [15/May/2020:01:43:12 +0600] "GET http://2018.ip138.com/ic.asp HTTP/1.1" 400 61576 "-" "Opera/9.80 (X11; Linux x86_64; U; fr) Presto/2.9.168 Version/11.50"
223.105.4.244 - - [15/May/2020:01:43:12 +0600] "GET http://www.baidu.com/ HTTP/1.1" 400 61474 "-" "Opera/9.80 (X11; Linux x86_64; U; fr) Presto/2.9.168 Version/11.50"
112.25.65.104 - - [15/May/2020:01:43:18 +0600] "CONNECT mp.weixin.qq.com:443 HTTP/1.1" 400 61078 "-" "-"
223.105.4.245 - - [15/May/2020:01:43:36 +0600] "GET http://2018.ip138.com/ic.asp HTTP/1.1" 400 61637 "-" "Opera/9.80 (Macintosh; Intel Mac OS X 10.6.8; U; de) Presto/2.9.168 Version/11.52"
223.105.4.245 - - [15/May/2020:01:43:36 +0600] "GET http://www.baidu.com/ HTTP/1.1" 400 61536 "-" "Opera/9.80 (Macintosh; Intel Mac OS X 10.6.8; U; de) Presto/2.9.168 Version/11.52"
112.25.65.102 - - [15/May/2020:01:43:42 +0600] "GET http://people.rednet.cn/peoplearea.asp?Area=%E8%A1%A1%E9%98%B3 HTTP/1.1" 400 62253 "-" "python-requests/2.8.1"
223.105.4.244 - - [15/May/2020:01:44:03 +0600] "GET http://www.baidu.com/ HTTP/1.1" 400 61456 "-" "Mozilla/5.0 (Windows; U; MSIE 7.0; Windows NT 6.0; en-US)"
223.105.4.244 - - [15/May/2020:01:44:03 +0600] "GET http://2018.ip138.com/ic.asp HTTP/1.1" 400 61558 "-" "Mozilla/5.0 (Windows; U; MSIE 7.0; Windows NT 6.0; en-US)"
223.105.4.244 - - [15/May/2020:01:44:08 +0600] "GET http://2018.ip138.com/ic.asp HTTP/1.1" 400 61595 "-" "Mozilla/6.0 (Windows NT 6.2; WOW64; rv:16.0.1) Gecko/20121011 Firefox/16.0.1"
223.105.4.244 - - [15/May/2020:01:44:08 +0600] "GET http://www.baidu.com/ HTTP/1.1" 400 61494 "-" "Mozilla/6.0 (Windows NT 6.2; WOW64; rv:16.0.1) Gecko/20121011 Firefox/16.0.1"
223.105.4.244 - - [15/May/2020:01:44:18 +0600] "GET http://2018.ip138.com/ic.asp HTTP/1.1" 400 61680 "-" "Mozilla/5.0 (X11; Linux i686) AppleWebKit/537.31 (KHTML, like Gecko) Chrome/26.0.1410.43 Safari/537.31"
223.105.4.244 - - [15/May/2020:01:44:18 +0600] "GET http://www.baidu.com/ HTTP/1.1" 400 61578 "-" "Mozilla/5.0 (X11; Linux i686) AppleWebKit/537.31 (KHTML, like Gecko) Chrome/26.0.1410.43 Safari/537.31"
223.105.4.244 - - [15/May/2020:01:44:34 +0600] "GET http://2018.ip138.com/ic.asp HTTP/1.1" 400 61712 "-" "Mozilla/5.0 (Macintosh; Intel Mac OS X 10_8_2) AppleWebKit/537.17 (KHTML, like Gecko) Chrome/24.0.1309.0 Safari/537.17"
223.105.4.244 - - [15/May/2020:01:44:34 +0600] "GET http://www.baidu.com/ HTTP/1.1" 400 61610 "-" "Mozilla/5.0 (Macintosh; Intel Mac OS X 10_8_2) AppleWebKit/537.17 (KHTML, like Gecko) Chrome/24.0.1309.0 Safari/537.17"
223.105.4.244 - - [15/May/2020:01:44:45 +0600] "GET http://www.baidu.com/ HTTP/1.1" 400 61474 "-" "Opera/9.80 (X11; Linux x86_64; U; fr) Presto/2.9.168 Version/11.50"
223.105.4.244 - - [15/May/2020:01:44:45 +0600] "GET http://2018.ip138.com/ic.asp HTTP/1.1" 400 61576 "-" "Opera/9.80 (X11; Linux x86_64; U; fr) Presto/2.9.168 Version/11.50"
112.25.65.106 - - [15/May/2020:01:45:13 +0600] "GET http://www.ccdijl-cc.gov.cn/ttxw/ HTTP/1.1" 400 61733 "-" "python-requests/2.8.1"
223.105.4.244 - - [15/May/2020:01:45:34 +0600] "GET http://2018.ip138.com/ic.asp HTTP/1.1" 400 61570 "-" "Mozilla/5.0 (Windows; U; Windows NT 6.1; rv:2.2) Gecko/20110201"
223.105.4.244 - - [15/May/2020:01:45:34 +0600] "GET http://www.baidu.com/ HTTP/1.1" 400 61468 "-" "Mozilla/5.0 (Windows; U; Windows NT 6.1; rv:2.2) Gecko/20110201"
223.105.0.240 - - [15/May/2020:01:45:42 +0600] "GET http://news.baidu.com/ HTTP/1.1" 400 61757 "-" "Mozilla/5.0 (Windows NT 6.2; Win64; x64) AppleWebKit/537.36 (KHTML, like Gecko) Chrome/57.0.2987.133 Safari/537.36"
223.105.0.240 - - [15/May/2020:01:45:42 +0600] "GET http://www.baidu.com/s?tn=baidurt&rtt=4&pnw=1&pbl=0&pbs=0&bsst=1&rn=20&wd=%E7%9F%B3%E5%A2%A8%E7%83%AF HTTP/1.1" 400 63660 "-" "Mozilla/5.0 (Windows NT 10.0; WOW64; rv:46.0) Gecko/20100101 Firefox/46.0"
223.105.0.240 - - [15/May/2020:01:45:42 +0600] "GET http://news.chinaso.com/search?wd=%E6%B2%B9%E4%BB%B7%E5%B0%86%E8%BF%8E%E4%BA%8C%E8%BF%9E%E8%B7%8C&order=time&page=0&startTime=3h&endTime=now HTTP/1.1" 400 63573 "-" "Mozilla/5.0 (Windows NT 5.1; rv:45.0) Gecko/20100101 Firefox/45.0"
223.105.0.240 - - [15/May/2020:01:45:42 +0600] "GET http://search.tianya.cn/bbs?q=%E4%B8%A4%E4%BC%9A HTTP/1.1" 400 62303 "-" "Mozilla/5.0 (Macintosh; Intel Mac OS X 10_11_6) AppleWebKit/537.36 (KHTML, like Gecko) Chrome/69.0.3497.100 Safari/537.36"
223.105.0.240 - - [15/May/2020:01:45:42 +0600] "CONNECT www.toutiao.com:443 HTTP/1.0" 400 60810 "-" "-"
223.105.0.240 - - [15/May/2020:01:45:42 +0600] "CONNECT weixin.sogou.com:443 HTTP/1.0" 400 60842 "-" "-"
223.105.0.240 - - [15/May/2020:01:45:43 +0600] "GET http://search.sina.com.cn/?c=blog&q=%D6%D0%B9%FA%D2%C6%B6%AF&range=article&by=all&sort=time HTTP/1.1" 400 63194 "-" "Mozilla/5.0 (Windows NT 6.1; Win64; x64; rv:61.0) Gecko/20100101 Firefox/61.0"
223.105.0.240 - - [15/May/2020:01:45:43 +0600] "GET http://news.sogou.com/news?time=0&query=%CB%D5%D6%DD&mode=1&sort=1 HTTP/1.1" 400 62784 "-" "Mozilla/5.0 (Windows NT 6.1; WOW64; rv:37.0) Gecko/20100101 Firefox/37.0"
223.105.0.240 - - [15/May/2020:01:45:43 +0600] "CONNECT www.douban.com:443 HTTP/1.0" 400 60793 "-" "-"
223.105.0.240 - - [15/May/2020:01:45:43 +0600] "CONNECT m.weibo.cn:443 HTTP/1.0" 400 60725 "-" "-"
223.105.4.244 - - [15/May/2020:01:45:48 +0600] "GET http://www.baidu.com/ HTTP/1.1" 400 61578 "-" "Mozilla/5.0 (X11; U; Linux i686; en-US; rv:1.8.1.12) Gecko/20080219 Firefox/2.0.0.12 Navigator/9.0.0.6"
223.105.4.244 - - [15/May/2020:01:45:48 +0600] "GET http://2018.ip138.com/ic.asp HTTP/1.1" 400 61680 "-" "Mozilla/5.0 (X11; U; Linux i686; en-US; rv:1.8.1.12) Gecko/20080219 Firefox/2.0.0.12 Navigator/9.0.0.6"
223.105.4.244 - - [15/May/2020:01:46:08 +0600] "GET http://www.baidu.com/ HTTP/1.1" 400 61578 "-" "Mozilla/5.0 (X11; U; Linux i686; en-US; rv:1.8.1.12) Gecko/20080219 Firefox/2.0.0.12 Navigator/9.0.0.6"
223.105.4.244 - - [15/May/2020:01:46:09 +0600] "GET http://2018.ip138.com/ic.asp HTTP/1.1" 400 61680 "-" "Mozilla/5.0 (X11; U; Linux i686; en-US; rv:1.8.1.12) Gecko/20080219 Firefox/2.0.0.12 Navigator/9.0.0.6"
223.105.4.245 - - [15/May/2020:01:46:21 +0600] "GET http://www.baidu.com/ HTTP/1.1" 400 61536 "-" "Opera/9.80 (Macintosh; Intel Mac OS X 10.6.8; U; de) Presto/2.9.168 Version/11.52"
223.105.4.245 - - [15/May/2020:01:46:21 +0600] "GET http://2018.ip138.com/ic.asp HTTP/1.1" 400 61638 "-" "Opera/9.80 (Macintosh; Intel Mac OS X 10.6.8; U; de) Presto/2.9.168 Version/11.52"
223.105.4.244 - - [15/May/2020:01:46:27 +0600] "GET http://2018.ip138.com/ic.asp HTTP/1.1" 400 61637 "-" "Mozilla/5.0 (Windows NT 6.2; WOW64; rv:15.0) Gecko/20120910144328 Firefox/15.0.2"
223.105.4.244 - - [15/May/2020:01:46:27 +0600] "GET http://www.baidu.com/ HTTP/1.1" 400 61534 "-" "Mozilla/5.0 (Windows NT 6.2; WOW64; rv:15.0) Gecko/20120910144328 Firefox/15.0.2"
223.105.4.245 - - [15/May/2020:01:46:50 +0600] "GET http://www.baidu.com/ HTTP/1.1" 400 61474 "-" "Opera/9.80 (X11; Linux x86_64; U; fr) Presto/2.9.168 Version/11.50"
223.105.4.245 - - [15/May/2020:01:46:51 +0600] "GET http://2018.ip138.com/ic.asp HTTP/1.1" 400 61576 "-" "Opera/9.80 (X11; Linux x86_64; U; fr) Presto/2.9.168 Version/11.50"
223.105.4.244 - - [15/May/2020:01:46:53 +0600] "GET http://www.baidu.com/ HTTP/1.1" 400 61610 "-" "Mozilla/5.0 (Macintosh; Intel Mac OS X 10_8_2) AppleWebKit/537.17 (KHTML, like Gecko) Chrome/24.0.1309.0 Safari/537.17"
223.105.4.244 - - [15/May/2020:01:46:53 +0600] "GET http://2018.ip138.com/ic.asp HTTP/1.1" 400 61712 "-" "Mozilla/5.0 (Macintosh; Intel Mac OS X 10_8_2) AppleWebKit/537.17 (KHTML, like Gecko) Chrome/24.0.1309.0 Safari/537.17"
223.105.4.245 - - [15/May/2020:01:47:31 +0600] "GET http://www.baidu.com/ HTTP/1.1" 400 61457 "-" "Opera/9.80 (Windows NT 6.0) Presto/2.12.388 Version/12.14"
223.105.4.245 - - [15/May/2020:01:47:31 +0600] "GET http://2018.ip138.com/ic.asp HTTP/1.1" 400 61558 "-" "Opera/9.80 (Windows NT 6.0) Presto/2.12.388 Version/12.14"
223.105.4.244 - - [15/May/2020:01:47:32 +0600] "GET http://2018.ip138.com/ic.asp HTTP/1.1" 400 61692 "-" "Mozilla/5.0 (Windows NT 6.1; WOW64) AppleWebKit/537.17 (KHTML, like Gecko) Chrome/24.0.1312.60 Safari/537.17"
223.105.4.244 - - [15/May/2020:01:47:32 +0600] "GET http://www.baidu.com/ HTTP/1.1" 400 61590 "-" "Mozilla/5.0 (Windows NT 6.1; WOW64) AppleWebKit/537.17 (KHTML, like Gecko) Chrome/24.0.1312.60 Safari/537.17"
112.25.65.105 - - [15/May/2020:01:47:54 +0600] "GET http://www.ksbbs.com/thread-htm-fid-113-page-3.html HTTP/1.1" 400 63935 "http://www.ksbbs.com/thread-htm-fid-113.html" "Mozilla/4.0 (compatible; MSIE 6.0; Windows NT 5.1; .NET CLR 1.1.4322)"
223.105.4.245 - - [15/May/2020:01:47:58 +0600] "GET http://2018.ip138.com/ic.asp HTTP/1.1" 400 61596 "-" "Mozilla/5.0 (X11; Ubuntu; Linux i686; rv:15.0) Gecko/20100101 Firefox/15.0.1"
223.105.4.245 - - [15/May/2020:01:47:58 +0600] "GET http://www.baidu.com/ HTTP/1.1" 400 61495 "-" "Mozilla/5.0 (X11; Ubuntu; Linux i686; rv:15.0) Gecko/20100101 Firefox/15.0.1"
223.105.4.244 - - [15/May/2020:01:48:27 +0600] "GET http://2018.ip138.com/ic.asp HTTP/1.1" 400 61597 "-" "Mozilla/6.0 (Windows NT 6.2; WOW64; rv:16.0.1) Gecko/20121011 Firefox/16.0.1"
223.105.4.244 - - [15/May/2020:01:48:27 +0600] "GET http://www.baidu.com/ HTTP/1.1" 400 61494 "-" "Mozilla/6.0 (Windows NT 6.2; WOW64; rv:16.0.1) Gecko/20121011 Firefox/16.0.1"
223.105.4.245 - - [15/May/2020:01:48:30 +0600] "GET http://www.baidu.com/ HTTP/1.1" 400 61476 "-" "Mozilla/5.0 (X11; U; Linux i686; en-US; rv:1.9a3pre) Gecko/20070330"
223.105.4.245 - - [15/May/2020:01:48:30 +0600] "GET http://2018.ip138.com/ic.asp HTTP/1.1" 400 61578 "-" "Mozilla/5.0 (X11; U; Linux i686; en-US; rv:1.9a3pre) Gecko/20070330"
223.105.4.244 - - [15/May/2020:01:48:38 +0600] "GET http://2018.ip138.com/ic.asp HTTP/1.1" 400 61681 "-" "Mozilla/5.0 (X11; Linux i686) AppleWebKit/537.31 (KHTML, like Gecko) Chrome/26.0.1410.43 Safari/537.31"
223.105.4.244 - - [15/May/2020:01:48:38 +0600] "GET http://www.baidu.com/ HTTP/1.1" 400 61578 "-" "Mozilla/5.0 (X11; Linux i686) AppleWebKit/537.31 (KHTML, like Gecko) Chrome/26.0.1410.43 Safari/537.31"
185.108.164.178 - - [15/May/2020:01:48:38 +0600] "GET / HTTP/1.1" 302 246 "-" "Mozilla/5.0 (Windows NT 6.1; WOW64) AppleWebKit/537.36 (KHTML, like Gecko) Chrome/52.0.2743.116 Safari/537.36"
223.105.4.244 - - [15/May/2020:01:48:56 +0600] "GET http://2018.ip138.com/ic.asp HTTP/1.1" 400 61680 "-" "Mozilla/5.0 (X11; Linux i686) AppleWebKit/537.31 (KHTML, like Gecko) Chrome/26.0.1410.43 Safari/537.31"
223.105.4.244 - - [15/May/2020:01:48:56 +0600] "GET http://www.baidu.com/ HTTP/1.1" 400 61578 "-" "Mozilla/5.0 (X11; Linux i686) AppleWebKit/537.31 (KHTML, like Gecko) Chrome/26.0.1410.43 Safari/537.31"
223.105.4.244 - - [15/May/2020:01:49:09 +0600] "GET http://www.baidu.com/ HTTP/1.1" 400 61495 "-" "Mozilla/6.0 (Windows NT 6.2; WOW64; rv:16.0.1) Gecko/20121011 Firefox/16.0.1"
223.105.4.244 - - [15/May/2020:01:49:09 +0600] "GET http://2018.ip138.com/ic.asp HTTP/1.1" 400 61596 "-" "Mozilla/6.0 (Windows NT 6.2; WOW64; rv:16.0.1) Gecko/20121011 Firefox/16.0.1"
223.105.0.240 - - [15/May/2020:01:49:31 +0600] "GET http://news.chinaso.com/search?wd=%E6%B2%B9%E4%BB%B7%E5%B0%86%E8%BF%8E%E4%BA%8C%E8%BF%9E%E8%B7%8C&order=time&page=0&startTime=3h&endTime=now HTTP/1.1" 400 63709 "-" "Mozilla/5.0 (Macintosh; Intel Mac OS X 10_11_6) AppleWebKit/604.1.38 (KHTML, like Gecko) Version/11.0 Safari/604.1.38"
223.105.0.240 - - [15/May/2020:01:49:31 +0600] "GET http://news.baidu.com/ HTTP/1.1" 400 61693 "-" "Mozilla/5.0 (Macintosh; Intel Mac OS X 10.11; rv:52.0) Gecko/20100101 Firefox/52.0"
223.105.0.240 - - [15/May/2020:01:49:31 +0600] "GET http://www.baidu.com/s?tn=baidurt&rtt=4&pnw=1&pbl=0&pbs=0&bsst=1&rn=20&wd=%E7%9F%B3%E5%A2%A8%E7%83%AF HTTP/1.1" 400 63777 "-" "Mozilla/5.0 (Macintosh; Intel Mac OS X 10_9_5) AppleWebKit/601.5.17 (KHTML, like Gecko) Version/9.1 Safari/537.86.5"
223.105.0.240 - - [15/May/2020:01:49:31 +0600] "CONNECT www.toutiao.com:443 HTTP/1.0" 400 60810 "-" "-"
223.105.0.240 - - [15/May/2020:01:49:31 +0600] "GET http://search.tianya.cn/bbs?q=%E4%B8%A4%E4%BC%9A HTTP/1.1" 400 62303 "-" "Mozilla/5.0 (Macintosh; Intel Mac OS X 10_11_6) AppleWebKit/537.36 (KHTML, like Gecko) Chrome/55.0.2883.95 Safari/537.36"
223.105.0.240 - - [15/May/2020:01:49:31 +0600] "GET http://news.sogou.com/news?time=0&query=%CB%D5%D6%DD&mode=1&sort=1 HTTP/1.1" 400 62785 "-" "Mozilla/5.0 (Windows NT 6.1; WOW64; rv:43.0) Gecko/20100101 Firefox/43.0"
223.105.0.240 - - [15/May/2020:01:49:31 +0600] "GET http://search.sina.com.cn/?c=blog&q=%D6%D0%B9%FA%D2%C6%B6%AF&range=article&by=all&sort=time HTTP/1.1" 400 63299 "-" "Mozilla/5.0 (Windows NT 6.3; Win64; x64) AppleWebKit/537.36 (KHTML, like Gecko) Chrome/70.0.3538.67 Safari/537.36"
223.105.0.240 - - [15/May/2020:01:49:31 +0600] "CONNECT m.weibo.cn:443 HTTP/1.0" 400 60724 "-" "-"
223.105.0.240 - - [15/May/2020:01:49:31 +0600] "CONNECT weixin.sogou.com:443 HTTP/1.0" 400 60843 "-" "-"
223.105.0.240 - - [15/May/2020:01:49:31 +0600] "CONNECT www.douban.com:443 HTTP/1.0" 400 60793 "-" "-"
::1 - - [15/May/2020:01:49:32 +0600] "OPTIONS * HTTP/1.0" 200 126 "-" "Apache/2.4.41 (Ubuntu) mod_wsgi/4.6.8 Python/3.8 (internal dummy connection)"
223.105.4.245 - - [15/May/2020:01:49:42 +0600] "GET http://www.baidu.com/ HTTP/1.1" 400 61676 "-" "Mozilla/4.0 (compatible; MSIE 8.0; Windows NT 6.2; Trident/4.0; SLCC2; .NET CLR 2.0.50727; .NET CLR 3.5.30729; .NET CLR 3.0.30729; Media Center PC 6.0)"
223.105.4.245 - - [15/May/2020:01:49:42 +0600] "GET http://2018.ip138.com/ic.asp HTTP/1.1" 400 61778 "-" "Mozilla/4.0 (compatible; MSIE 8.0; Windows NT 6.2; Trident/4.0; SLCC2; .NET CLR 2.0.50727; .NET CLR 3.5.30729; .NET CLR 3.0.30729; Media Center PC 6.0)"
223.105.4.244 - - [15/May/2020:01:49:50 +0600] "GET http://www.baidu.com/ HTTP/1.1" 400 61610 "-" "Mozilla/5.0 (Macintosh; Intel Mac OS X 10_8_2) AppleWebKit/537.17 (KHTML, like Gecko) Chrome/24.0.1309.0 Safari/537.17"
223.105.4.244 - - [15/May/2020:01:49:50 +0600] "GET http://2018.ip138.com/ic.asp HTTP/1.1" 400 61711 "-" "Mozilla/5.0 (Macintosh; Intel Mac OS X 10_8_2) AppleWebKit/537.17 (KHTML, like Gecko) Chrome/24.0.1309.0 Safari/537.17"
223.105.4.245 - - [15/May/2020:01:50:01 +0600] "GET http://www.baidu.com/ HTTP/1.1" 400 61577 "-" "Mozilla/5.0 (X11; Linux i686) AppleWebKit/537.31 (KHTML, like Gecko) Chrome/26.0.1410.43 Safari/537.31"
223.105.4.245 - - [15/May/2020:01:50:01 +0600] "GET http://2018.ip138.com/ic.asp HTTP/1.1" 400 61680 "-" "Mozilla/5.0 (X11; Linux i686) AppleWebKit/537.31 (KHTML, like Gecko) Chrome/26.0.1410.43 Safari/537.31"
223.105.4.244 - - [15/May/2020:01:50:10 +0600] "GET http://2018.ip138.com/ic.asp HTTP/1.1" 400 61594 "-" "Mozilla/5.0 (Windows; U; MSIE 6.0; Windows NT 5.1; SV1; .NET CLR 2.0.50727)"
223.105.4.244 - - [15/May/2020:01:50:10 +0600] "GET http://www.baidu.com/ HTTP/1.1" 400 61493 "-" "Mozilla/5.0 (Windows; U; MSIE 6.0; Windows NT 5.1; SV1; .NET CLR 2.0.50727)"
112.25.65.102 - - [15/May/2020:01:50:16 +0600] "GET http://www.lvxw.cn/col.jsp?id=125 HTTP/1.1" 400 61923 "-" "python-requests/2.8.1"
223.105.4.244 - - [15/May/2020:01:50:29 +0600] "GET http://www.baidu.com/ HTTP/1.1" 400 61543 "-" "Mozilla/5.0 (Macintosh; U; Intel Mac OS X 10.6; en-US; rv:1.9.2.13; ) Gecko/20101203"
223.105.4.244 - - [15/May/2020:01:50:29 +0600] "GET http://2018.ip138.com/ic.asp HTTP/1.1" 400 61643 "-" "Mozilla/5.0 (Macintosh; U; Intel Mac OS X 10.6; en-US; rv:1.9.2.13; ) Gecko/20101203"
112.25.65.103 - - [15/May/2020:01:50:34 +0600] "GET http://py.66wz.com/channel/yst/ HTTP/1.1" 400 61652 "-" "python-requests/2.8.1"
112.25.65.107 - - [15/May/2020:01:50:36 +0600] "GET http://www.dpcm.cn/html/news/gundong/ HTTP/1.1" 400 61736 "-" "python-requests/2.8.1"
223.105.4.244 - - [15/May/2020:01:50:54 +0600] "GET http://2018.ip138.com/ic.asp HTTP/1.1" 400 61596 "-" "Mozilla/5.0 (X11; Ubuntu; Linux i686; rv:15.0) Gecko/20100101 Firefox/15.0.1"
223.105.4.244 - - [15/May/2020:01:50:54 +0600] "GET http://www.baidu.com/ HTTP/1.1" 400 61494 "-" "Mozilla/5.0 (X11; Ubuntu; Linux i686; rv:15.0) Gecko/20100101 Firefox/15.0.1"
223.105.4.245 - - [15/May/2020:01:51:09 +0600] "GET http://2018.ip138.com/ic.asp HTTP/1.1" 400 61597 "-" "Mozilla/5.0 (X11; Ubuntu; Linux i686; rv:15.0) Gecko/20100101 Firefox/15.0.1"
223.105.4.245 - - [15/May/2020:01:51:09 +0600] "GET http://www.baidu.com/ HTTP/1.1" 400 61494 "-" "Mozilla/5.0 (X11; Ubuntu; Linux i686; rv:15.0) Gecko/20100101 Firefox/15.0.1"
223.105.4.244 - - [15/May/2020:01:51:22 +0600] "GET http://www.baidu.com/ HTTP/1.1" 400 61476 "-" "Mozilla/5.0 (X11; U; Linux i686; en-US; rv:1.9a3pre) Gecko/20070330"
223.105.4.244 - - [15/May/2020:01:51:22 +0600] "GET http://2018.ip138.com/ic.asp HTTP/1.1" 400 61578 "-" "Mozilla/5.0 (X11; U; Linux i686; en-US; rv:1.9a3pre) Gecko/20070330"
223.105.4.244 - - [15/May/2020:01:51:44 +0600] "GET http://2018.ip138.com/ic.asp HTTP/1.1" 400 61712 "-" "Mozilla/5.0 (Macintosh; Intel Mac OS X 10_8_2) AppleWebKit/537.17 (KHTML, like Gecko) Chrome/24.0.1309.0 Safari/537.17"
223.105.4.244 - - [15/May/2020:01:51:44 +0600] "GET http://www.baidu.com/ HTTP/1.1" 400 61611 "-" "Mozilla/5.0 (Macintosh; Intel Mac OS X 10_8_2) AppleWebKit/537.17 (KHTML, like Gecko) Chrome/24.0.1309.0 Safari/537.17"
112.25.65.104 - - [15/May/2020:01:51:55 +0600] "GET http://epaper.qjrb.cn/paperindex.htm HTTP/1.1" 400 61735 "-" "python-requests/2.8.1"
223.105.4.245 - - [15/May/2020:01:52:17 +0600] "GET http://www.baidu.com/ HTTP/1.1" 400 61457 "-" "Opera/9.80 (Windows NT 6.0) Presto/2.12.388 Version/12.14"
223.105.4.245 - - [15/May/2020:01:52:17 +0600] "GET http://2018.ip138.com/ic.asp HTTP/1.1" 400 61558 "-" "Opera/9.80 (Windows NT 6.0) Presto/2.12.388 Version/12.14"
223.105.4.244 - - [15/May/2020:01:52:21 +0600] "GET http://www.baidu.com/ HTTP/1.1" 400 61534 "-" "Mozilla/5.0 (Windows NT 6.2; WOW64; rv:15.0) Gecko/20120910144328 Firefox/15.0.2"
223.105.4.244 - - [15/May/2020:01:52:21 +0600] "GET http://2018.ip138.com/ic.asp HTTP/1.1" 400 61636 "-" "Mozilla/5.0 (Windows NT 6.2; WOW64; rv:15.0) Gecko/20120910144328 Firefox/15.0.2"
112.25.65.104 - - [15/May/2020:01:52:41 +0600] "GET http://www.yybnet.net/nanning/longan/ HTTP/1.1" 400 61750 "-" "python-requests/2.8.1"
223.105.4.245 - - [15/May/2020:01:52:47 +0600] "GET http://www.baidu.com/ HTTP/1.1" 400 61578 "-" "Mozilla/5.0 (X11; Linux i686) AppleWebKit/537.31 (KHTML, like Gecko) Chrome/26.0.1410.43 Safari/537.31"
223.105.4.245 - - [15/May/2020:01:52:47 +0600] "GET http://2018.ip138.com/ic.asp HTTP/1.1" 400 61681 "-" "Mozilla/5.0 (X11; Linux i686) AppleWebKit/537.31 (KHTML, like Gecko) Chrome/26.0.1410.43 Safari/537.31"
223.105.4.245 - - [15/May/2020:01:52:58 +0600] "GET http://2018.ip138.com/ic.asp HTTP/1.1" 400 61778 "-" "Mozilla/4.0 (compatible; MSIE 8.0; Windows NT 6.2; Trident/4.0; SLCC2; .NET CLR 2.0.50727; .NET CLR 3.5.30729; .NET CLR 3.0.30729; Media Center PC 6.0)"
223.105.4.245 - - [15/May/2020:01:52:58 +0600] "GET http://www.baidu.com/ HTTP/1.1" 400 61677 "-" "Mozilla/4.0 (compatible; MSIE 8.0; Windows NT 6.2; Trident/4.0; SLCC2; .NET CLR 2.0.50727; .NET CLR 3.5.30729; .NET CLR 3.0.30729; Media Center PC 6.0)"
223.105.4.244 - - [15/May/2020:01:53:07 +0600] "GET http://2018.ip138.com/ic.asp HTTP/1.1" 400 61708 "-" "Mozilla/5.0 (Macintosh; U; PPC Mac OS X Mach-O; en-US; rv:1.8.1.7pre) Gecko/20070815 Firefox/2.0.0.6 Navigator/9.0b3"
223.105.4.244 - - [15/May/2020:01:53:07 +0600] "GET http://www.baidu.com/ HTTP/1.1" 400 61607 "-" "Mozilla/5.0 (Macintosh; U; PPC Mac OS X Mach-O; en-US; rv:1.8.1.7pre) Gecko/20070815 Firefox/2.0.0.6 Navigator/9.0b3"
223.105.4.245 - - [15/May/2020:01:53:13 +0600] "GET http://2018.ip138.com/ic.asp HTTP/1.1" 400 61709 "-" "Mozilla/5.0 (Macintosh; U; PPC Mac OS X Mach-O; en-US; rv:1.8.1.7pre) Gecko/20070815 Firefox/2.0.0.6 Navigator/9.0b3"
223.105.4.245 - - [15/May/2020:01:53:13 +0600] "GET http://www.baidu.com/ HTTP/1.1" 400 61606 "-" "Mozilla/5.0 (Macintosh; U; PPC Mac OS X Mach-O; en-US; rv:1.8.1.7pre) Gecko/20070815 Firefox/2.0.0.6 Navigator/9.0b3"
112.25.65.102 - - [15/May/2020:01:53:17 +0600] "GET http://bbs.0516k.com/forum.php?mod=forumdisplay&fid=22&filter=author&orderby=dateline HTTP/1.1" 400 62870 "-" "python-requests/2.8.1"
