223.105.4.245 - - [15/May/2020:02:45:33 +0600] "GET http://2018.ip138.com/ic.asp HTTP/1.1" 400 61558 "-" "Mozilla/5.0 (Windows; U; MSIE 7.0; Windows NT 6.0; en-US)"
223.105.4.245 - - [15/May/2020:02:45:33 +0600] "GET http://www.baidu.com/ HTTP/1.1" 400 61457 "-" "Mozilla/5.0 (Windows; U; MSIE 7.0; Windows NT 6.0; en-US)"
112.25.65.106 - - [15/May/2020:02:45:33 +0600] "GET http://ohztb.ouhai.gov.cn/ohcms/zcggcggs/index.htm HTTP/1.1" 400 62366 "-" "Mozilla/5.0 (Windows; U; Windows NT 6.0; en-GB; rv:1.9.0.11) Gecko/2009060215 Firefox/3.0.11 (.NET CLR 3.5.30729)"
112.25.65.106 - - [15/May/2020:02:45:33 +0600] "GET http://ohztb.ouhai.gov.cn/ohcms/zfcgcggg/index.htm HTTP/1.1" 400 62351 "-" "Mozilla/5.0 (Windows NT 6.1; WOW64) AppleWebKit/535.1 (KHTML, like Gecko) Chrome/13.0.782.24 Safari/535.1"
112.25.65.106 - - [15/May/2020:02:45:34 +0600] "GET http://ohztb.ouhai.gov.cn/ohcms/zfcgcght/index.htm HTTP/1.1" 400 62163 "-" "Mozilla/3.01Gold (Win95; I)"
112.25.65.106 - - [15/May/2020:02:45:34 +0600] "GET http://ohztb.ouhai.gov.cn/ohcms/zfcgzbgg/index.htm HTTP/1.1" 400 62375 "-" "Mozilla/5.0 (Windows; U; Windows NT 6.0; en-US) AppleWebKit/534.14 (KHTML, like Gecko) Chrome/9.0.601.0 Safari/534.14"
112.25.65.106 - - [15/May/2020:02:45:35 +0600] "GET http://ohztb.ouhai.gov.cn/ohcms/zfcglyys/index.htm HTTP/1.1" 400 62371 "-" "Mozilla/5.0 (Windows; U; Windows NT 6.1; en-US) AppleWebKit/532.5 (KHTML, like Gecko) Chrome/4.0.249.0 Safari/532.5"
112.25.65.104 - - [15/May/2020:02:45:36 +0600] "GET http://www.yybnet.net/hechi/donglan/ HTTP/1.1" 400 61737 "-" "python-requests/2.8.1"
223.105.4.244 - - [15/May/2020:02:45:52 +0600] "GET http://2018.ip138.com/ic.asp HTTP/1.1" 400 61694 "-" "Mozilla/5.0 (Windows NT 6.1; WOW64) AppleWebKit/537.17 (KHTML, like Gecko) Chrome/24.0.1312.60 Safari/537.17"
223.105.4.244 - - [15/May/2020:02:45:52 +0600] "GET http://www.baidu.com/ HTTP/1.1" 400 61592 "-" "Mozilla/5.0 (Windows NT 6.1; WOW64) AppleWebKit/537.17 (KHTML, like Gecko) Chrome/24.0.1312.60 Safari/537.17"
223.105.4.244 - - [15/May/2020:02:46:02 +0600] "GET http://www.baidu.com/ HTTP/1.1" 400 61476 "-" "Opera/9.80 (X11; Linux x86_64; U; fr) Presto/2.9.168 Version/11.50"
223.105.4.244 - - [15/May/2020:02:46:02 +0600] "GET http://2018.ip138.com/ic.asp HTTP/1.1" 400 61578 "-" "Opera/9.80 (X11; Linux x86_64; U; fr) Presto/2.9.168 Version/11.50"
112.25.65.104 - - [15/May/2020:02:46:16 +0600] "GET http://www.yybnet.net/hechi/donglan/ HTTP/1.1" 400 61853 "-" "Mozilla/5.0 (compatible; MSIE 10.0; Windows NT 6.2)"
223.105.0.240 - - [15/May/2020:02:46:22 +0600] "GET http://search.tianya.cn/bbs?q=%E4%B8%A4%E4%BC%9A HTTP/1.1" 400 62186 "-" "Mozilla/5.0 (Windows NT 6.1; Win64; x64; rv:61.0) Gecko/20100101 Firefox/61.0"
223.105.0.240 - - [15/May/2020:02:46:22 +0600] "CONNECT m.weibo.cn:443 HTTP/1.0" 400 60727 "-" "-"
223.105.0.240 - - [15/May/2020:02:46:22 +0600] "CONNECT weixin.sogou.com:443 HTTP/1.0" 400 60845 "-" "-"
223.105.0.240 - - [15/May/2020:02:46:22 +0600] "GET http://news.baidu.com/ HTTP/1.1" 400 61757 "-" "Mozilla/5.0 (Windows NT 6.1; Win64; x64) AppleWebKit/537.36 (KHTML, like Gecko) Chrome/56.0.2924.87 Safari/537.36"
223.105.0.240 - - [15/May/2020:02:46:22 +0600] "GET http://news.chinaso.com/search?wd=%E6%B2%B9%E4%BB%B7%E5%B0%86%E8%BF%8E%E4%BA%8C%E8%BF%9E%E8%B7%8C&order=time&page=0&startTime=3h&endTime=now HTTP/1.1" 400 63589 "-" "Mozilla/5.0 (Windows NT 6.1; WOW64; rv:43.0) Gecko/20100101 Firefox/43.0"
223.105.0.240 - - [15/May/2020:02:46:23 +0600] "GET http://search.sina.com.cn/?c=blog&q=%D6%D0%B9%FA%D2%C6%B6%AF&range=article&by=all&sort=time HTTP/1.1" 400 63238 "-" "Mozilla/5.0 (Macintosh; Intel Mac OS X 10.10; rv:41.0) Gecko/20100101 Firefox/41.0"
223.105.0.240 - - [15/May/2020:02:46:23 +0600] "CONNECT www.douban.com:443 HTTP/1.0" 400 60795 "-" "-"
223.105.4.244 - - [15/May/2020:02:46:30 +0600] "GET http://2018.ip138.com/ic.asp HTTP/1.1" 400 61650 "-" "Mozilla/5.0 (Windows; U; Win 9x 4.90; SG; rv:1.9.2.4) Gecko/20101104 Netscape/9.1.0285"
223.105.4.244 - - [15/May/2020:02:46:30 +0600] "GET http://www.baidu.com/ HTTP/1.1" 400 61548 "-" "Mozilla/5.0 (Windows; U; Win 9x 4.90; SG; rv:1.9.2.4) Gecko/20101104 Netscape/9.1.0285"
223.105.4.244 - - [15/May/2020:02:46:40 +0600] "GET http://2018.ip138.com/ic.asp HTTP/1.1" 400 61682 "-" "Mozilla/5.0 (X11; U; Linux i686; en-US; rv:1.8.1.12) Gecko/20080219 Firefox/2.0.0.12 Navigator/9.0.0.6"
223.105.4.244 - - [15/May/2020:02:46:40 +0600] "GET http://www.baidu.com/ HTTP/1.1" 400 61580 "-" "Mozilla/5.0 (X11; U; Linux i686; en-US; rv:1.8.1.12) Gecko/20080219 Firefox/2.0.0.12 Navigator/9.0.0.6"
223.105.4.245 - - [15/May/2020:02:47:22 +0600] "GET http://2018.ip138.com/ic.asp HTTP/1.1" 400 61650 "-" "Mozilla/5.0 (Windows; U; Win 9x 4.90; SG; rv:1.9.2.4) Gecko/20101104 Netscape/9.1.0285"
223.105.4.245 - - [15/May/2020:02:47:22 +0600] "GET http://www.baidu.com/ HTTP/1.1" 400 61548 "-" "Mozilla/5.0 (Windows; U; Win 9x 4.90; SG; rv:1.9.2.4) Gecko/20101104 Netscape/9.1.0285"
223.105.4.244 - - [15/May/2020:02:47:31 +0600] "GET http://2018.ip138.com/ic.asp HTTP/1.1" 400 61580 "-" "Mozilla/5.0 (X11; U; Linux i686; en-US; rv:1.9a3pre) Gecko/20070330"
223.105.4.244 - - [15/May/2020:02:47:31 +0600] "GET http://www.baidu.com/ HTTP/1.1" 400 61478 "-" "Mozilla/5.0 (X11; U; Linux i686; en-US; rv:1.9a3pre) Gecko/20070330"
223.105.4.245 - - [15/May/2020:02:47:46 +0600] "GET http://www.baidu.com/ HTTP/1.1" 400 61470 "-" "Mozilla/5.0 (Windows; U; Windows NT 6.1; rv:2.2) Gecko/20110201"
223.105.4.245 - - [15/May/2020:02:47:46 +0600] "GET http://2018.ip138.com/ic.asp HTTP/1.1" 400 61572 "-" "Mozilla/5.0 (Windows; U; Windows NT 6.1; rv:2.2) Gecko/20110201"
223.105.4.244 - - [15/May/2020:02:48:05 +0600] "GET http://www.baidu.com/ HTTP/1.1" 400 61580 "-" "Mozilla/5.0 (X11; Linux i686) AppleWebKit/537.31 (KHTML, like Gecko) Chrome/26.0.1410.43 Safari/537.31"
223.105.4.244 - - [15/May/2020:02:48:05 +0600] "GET http://2018.ip138.com/ic.asp HTTP/1.1" 400 61682 "-" "Mozilla/5.0 (X11; Linux i686) AppleWebKit/537.31 (KHTML, like Gecko) Chrome/26.0.1410.43 Safari/537.31"
223.105.4.244 - - [15/May/2020:02:48:16 +0600] "GET http://2018.ip138.com/ic.asp HTTP/1.1" 400 61682 "-" "Mozilla/5.0 (X11; U; Linux i686; en-US; rv:1.8.1.12) Gecko/20080219 Firefox/2.0.0.12 Navigator/9.0.0.6"
223.105.4.244 - - [15/May/2020:02:48:16 +0600] "GET http://www.baidu.com/ HTTP/1.1" 400 61580 "-" "Mozilla/5.0 (X11; U; Linux i686; en-US; rv:1.8.1.12) Gecko/20080219 Firefox/2.0.0.12 Navigator/9.0.0.6"
223.105.4.244 - - [15/May/2020:02:48:53 +0600] "GET http://www.baidu.com/ HTTP/1.1" 400 61536 "-" "Mozilla/5.0 (Windows NT 6.2; WOW64; rv:15.0) Gecko/20120910144328 Firefox/15.0.2"
223.105.4.244 - - [15/May/2020:02:48:53 +0600] "GET http://2018.ip138.com/ic.asp HTTP/1.1" 400 61638 "-" "Mozilla/5.0 (Windows NT 6.2; WOW64; rv:15.0) Gecko/20120910144328 Firefox/15.0.2"
112.25.65.103 - - [15/May/2020:02:49:02 +0600] "GET http://www.hnhx.gov.cn/xwzx/bmdt.htm HTTP/1.1" 400 61741 "-" "python-requests/2.8.1"
223.105.4.245 - - [15/May/2020:02:49:03 +0600] "GET http://2018.ip138.com/ic.asp HTTP/1.1" 400 61560 "-" "Mozilla/5.0 (Windows; U; MSIE 7.0; Windows NT 6.0; en-US)"
223.105.4.245 - - [15/May/2020:02:49:03 +0600] "GET http://www.baidu.com/ HTTP/1.1" 400 61458 "-" "Mozilla/5.0 (Windows; U; MSIE 7.0; Windows NT 6.0; en-US)"
223.105.4.245 - - [15/May/2020:02:49:27 +0600] "GET http://www.baidu.com/ HTTP/1.1" 400 61538 "-" "Opera/9.80 (Macintosh; Intel Mac OS X 10.6.8; U; de) Presto/2.9.168 Version/11.52"
223.105.4.245 - - [15/May/2020:02:49:27 +0600] "GET http://2018.ip138.com/ic.asp HTTP/1.1" 400 61640 "-" "Opera/9.80 (Macintosh; Intel Mac OS X 10.6.8; U; de) Presto/2.9.168 Version/11.52"
223.105.4.244 - - [15/May/2020:02:49:52 +0600] "GET http://2018.ip138.com/ic.asp HTTP/1.1" 400 61682 "-" "Mozilla/5.0 (X11; Linux i686) AppleWebKit/537.31 (KHTML, like Gecko) Chrome/26.0.1410.43 Safari/537.31"
223.105.4.244 - - [15/May/2020:02:49:52 +0600] "GET http://www.baidu.com/ HTTP/1.1" 400 61580 "-" "Mozilla/5.0 (X11; Linux i686) AppleWebKit/537.31 (KHTML, like Gecko) Chrome/26.0.1410.43 Safari/537.31"
112.25.65.105 - - [15/May/2020:02:49:52 +0600] "GET http://www.hunantoday.cn/class/3422.html HTTP/1.1" 400 61821 "-" "python-requests/2.8.1"
223.105.4.244 - - [15/May/2020:02:50:47 +0600] "GET http://2018.ip138.com/ic.asp HTTP/1.1" 400 61560 "-" "Opera/9.80 (Windows NT 6.0) Presto/2.12.388 Version/12.14"
223.105.4.244 - - [15/May/2020:02:50:47 +0600] "GET http://www.baidu.com/ HTTP/1.1" 400 61458 "-" "Opera/9.80 (Windows NT 6.0) Presto/2.12.388 Version/12.14"
223.105.4.244 - - [15/May/2020:02:51:00 +0600] "GET http://2018.ip138.com/ic.asp HTTP/1.1" 400 61638 "-" "Mozilla/5.0 (Windows NT 6.2; WOW64; rv:15.0) Gecko/20120910144328 Firefox/15.0.2"
223.105.4.244 - - [15/May/2020:02:51:00 +0600] "GET http://www.baidu.com/ HTTP/1.1" 400 61536 "-" "Mozilla/5.0 (Windows NT 6.2; WOW64; rv:15.0) Gecko/20120910144328 Firefox/15.0.2"
223.105.4.244 - - [15/May/2020:02:51:16 +0600] "GET http://2018.ip138.com/ic.asp HTTP/1.1" 400 61780 "-" "Mozilla/4.0 (compatible; MSIE 8.0; Windows NT 6.2; Trident/4.0; SLCC2; .NET CLR 2.0.50727; .NET CLR 3.5.30729; .NET CLR 3.0.30729; Media Center PC 6.0)"
223.105.4.244 - - [15/May/2020:02:51:16 +0600] "GET http://www.baidu.com/ HTTP/1.1" 400 61678 "-" "Mozilla/4.0 (compatible; MSIE 8.0; Windows NT 6.2; Trident/4.0; SLCC2; .NET CLR 2.0.50727; .NET CLR 3.5.30729; .NET CLR 3.0.30729; Media Center PC 6.0)"
223.105.0.240 - - [15/May/2020:02:51:24 +0600] "GET http://news.baidu.com/ HTTP/1.1" 400 61629 "-" "Mozilla/5.0 (Windows NT 5.1; rv:36.0) Gecko/20100101 Firefox/36.0"
223.105.0.240 - - [15/May/2020:02:51:24 +0600] "GET http://news.chinaso.com/search?wd=%E6%B2%B9%E4%BB%B7%E5%B0%86%E8%BF%8E%E4%BA%8C%E8%BF%9E%E8%B7%8C&order=time&page=0&startTime=3h&endTime=now HTTP/1.1" 400 63731 "-" "Mozilla/5.0 (Macintosh; U; Intel Mac OS X 10_6_6; en-us) AppleWebKit/533.19.4 (KHTML, like Gecko) Version/5.0.3 Safari/533.19.4"
223.105.0.240 - - [15/May/2020:02:51:24 +0600] "GET http://www.baidu.com/s?tn=baidurt&rtt=4&pnw=1&pbl=0&pbs=0&bsst=1&rn=20&wd=%E7%9F%B3%E5%A2%A8%E7%83%AF HTTP/1.1" 400 63778 "-" "Mozilla/5.0 (Windows NT 10.0; Win64; x64) AppleWebKit/537.36 (KHTML, like Gecko) Chrome/60.0.3112.101 Safari/537.36"
223.105.0.240 - - [15/May/2020:02:51:24 +0600] "GET http://search.tianya.cn/bbs?q=%E4%B8%A4%E4%BC%9A HTTP/1.1" 400 62282 "-" "Mozilla/5.0 (Windows NT 6.1; WOW64) AppleWebKit/537.36 (KHTML, like Gecko) Chrome/51.0.2704.103 Safari/537.36"
223.105.0.240 - - [15/May/2020:02:51:24 +0600] "CONNECT www.toutiao.com:443 HTTP/1.0" 400 60812 "-" "-"
223.105.0.240 - - [15/May/2020:02:51:25 +0600] "GET http://news.sogou.com/news?time=0&query=%CB%D5%D6%DD&mode=1&sort=1 HTTP/1.1" 400 62879 "-" "Mozilla/5.0 (Windows NT 6.1) AppleWebKit/537.36 (KHTML, like Gecko) Chrome/70.0.3538.102 Safari/537.36"
223.105.0.240 - - [15/May/2020:02:51:25 +0600] "GET http://search.sina.com.cn/?c=blog&q=%D6%D0%B9%FA%D2%C6%B6%AF&range=article&by=all&sort=time HTTP/1.1" 400 63312 "-" "Mozilla/5.0 (Macintosh; Intel Mac OS X 10_11_6) AppleWebKit/602.2.14 (KHTML, like Gecko) Version/10.0.1 Safari/602.2.14"
223.105.0.240 - - [15/May/2020:02:51:25 +0600] "CONNECT weixin.sogou.com:443 HTTP/1.0" 400 60845 "-" "-"
223.105.0.240 - - [15/May/2020:02:51:25 +0600] "CONNECT m.weibo.cn:443 HTTP/1.0" 400 60727 "-" "-"
223.105.0.240 - - [15/May/2020:02:51:25 +0600] "CONNECT www.douban.com:443 HTTP/1.0" 400 60794 "-" "-"
112.25.65.107 - - [15/May/2020:02:51:39 +0600] "GET http://www.ksbbs.com/thread-htm-fid-1438-page-2.html HTTP/1.1" 400 64486 "http://www.ksbbs.com/thread-htm-fid-1438.html" "Mozilla/4.0 (compatible; MSIE 7.0; Windows NT 6.0)"
223.105.4.244 - - [15/May/2020:02:51:54 +0600] "GET http://2018.ip138.com/ic.asp HTTP/1.1" 400 61645 "-" "Mozilla/5.0 (Macintosh; U; Intel Mac OS X 10.6; en-US; rv:1.9.2.13; ) Gecko/20101203"
223.105.4.244 - - [15/May/2020:02:51:54 +0600] "GET http://www.baidu.com/ HTTP/1.1" 400 61544 "-" "Mozilla/5.0 (Macintosh; U; Intel Mac OS X 10.6; en-US; rv:1.9.2.13; ) Gecko/20101203"
223.105.4.244 - - [15/May/2020:02:52:07 +0600] "GET http://2018.ip138.com/ic.asp HTTP/1.1" 400 61682 "-" "Mozilla/5.0 (X11; U; Linux i686; en-US; rv:1.8.1.12) Gecko/20080219 Firefox/2.0.0.12 Navigator/9.0.0.6"
223.105.4.244 - - [15/May/2020:02:52:07 +0600] "GET http://www.baidu.com/ HTTP/1.1" 400 61580 "-" "Mozilla/5.0 (X11; U; Linux i686; en-US; rv:1.8.1.12) Gecko/20080219 Firefox/2.0.0.12 Navigator/9.0.0.6"
223.105.4.244 - - [15/May/2020:02:52:20 +0600] "GET http://2018.ip138.com/ic.asp HTTP/1.1" 400 61596 "-" "Mozilla/5.0 (Windows; U; MSIE 6.0; Windows NT 5.1; SV1; .NET CLR 2.0.50727)"
223.105.4.244 - - [15/May/2020:02:52:20 +0600] "GET http://www.baidu.com/ HTTP/1.1" 400 61493 "-" "Mozilla/5.0 (Windows; U; MSIE 6.0; Windows NT 5.1; SV1; .NET CLR 2.0.50727)"
223.105.4.244 - - [15/May/2020:02:52:22 +0600] "GET http://2018.ip138.com/ic.asp HTTP/1.1" 400 61640 "-" "Opera/9.80 (Macintosh; Intel Mac OS X 10.6.8; U; de) Presto/2.9.168 Version/11.52"
223.105.4.244 - - [15/May/2020:02:52:22 +0600] "GET http://www.baidu.com/ HTTP/1.1" 400 61537 "-" "Opera/9.80 (Macintosh; Intel Mac OS X 10.6.8; U; de) Presto/2.9.168 Version/11.52"
112.25.65.102 - - [15/May/2020:02:52:37 +0600] "GET http://ipr365.com.cn/zhwu/ HTTP/1.1" 400 61593 "-" "python-requests/2.8.1"
112.25.65.102 - - [15/May/2020:02:52:39 +0600] "GET http://ipr365.com.cn/zhwu/ HTTP/1.1" 400 61706 "-" "Mozilla/4.0 (compatible; MSIE 6.0; Windows NT 5.1)"
223.105.4.244 - - [15/May/2020:02:53:14 +0600] "GET http://2018.ip138.com/ic.asp HTTP/1.1" 400 61596 "-" "Mozilla/5.0 (Windows; U; MSIE 6.0; Windows NT 5.1; SV1; .NET CLR 2.0.50727)"
223.105.4.244 - - [15/May/2020:02:53:14 +0600] "GET http://www.baidu.com/ HTTP/1.1" 400 61494 "-" "Mozilla/5.0 (Windows; U; MSIE 6.0; Windows NT 5.1; SV1; .NET CLR 2.0.50727)"
112.25.65.106 - - [15/May/2020:02:53:30 +0600] "GET http://www.ksbbs.com/thread-htm-fid-1500-page-4.html HTTP/1.1" 400 63319 "http://www.ksbbs.com/thread-htm-fid-1500.html" "Mozilla/5.0 (Windows NT 6.1; WOW64; rv:18.0) Gecko/20100101 Firefox/18.0"
223.105.4.244 - - [15/May/2020:02:53:48 +0600] "GET http://2018.ip138.com/ic.asp HTTP/1.1" 400 61714 "-" "Mozilla/5.0 (Macintosh; Intel Mac OS X 10_8_2) AppleWebKit/537.17 (KHTML, like Gecko) Chrome/24.0.1309.0 Safari/537.17"
223.105.4.244 - - [15/May/2020:02:53:48 +0600] "GET http://www.baidu.com/ HTTP/1.1" 400 61612 "-" "Mozilla/5.0 (Macintosh; Intel Mac OS X 10_8_2) AppleWebKit/537.17 (KHTML, like Gecko) Chrome/24.0.1309.0 Safari/537.17"
223.105.4.244 - - [15/May/2020:02:54:03 +0600] "GET http://www.baidu.com/ HTTP/1.1" 400 61608 "-" "Mozilla/5.0 (Macintosh; U; PPC Mac OS X Mach-O; en-US; rv:1.8.1.7pre) Gecko/20070815 Firefox/2.0.0.6 Navigator/9.0b3"
223.105.4.244 - - [15/May/2020:02:54:03 +0600] "GET http://2018.ip138.com/ic.asp HTTP/1.1" 400 61710 "-" "Mozilla/5.0 (Macintosh; U; PPC Mac OS X Mach-O; en-US; rv:1.8.1.7pre) Gecko/20070815 Firefox/2.0.0.6 Navigator/9.0b3"
223.105.4.244 - - [15/May/2020:02:54:20 +0600] "GET http://2018.ip138.com/ic.asp HTTP/1.1" 400 61646 "-" "Mozilla/5.0 (Macintosh; U; Intel Mac OS X 10.6; en-US; rv:1.9.2.13; ) Gecko/20101203"
223.105.4.244 - - [15/May/2020:02:54:20 +0600] "GET http://www.baidu.com/ HTTP/1.1" 400 61544 "-" "Mozilla/5.0 (Macintosh; U; Intel Mac OS X 10.6; en-US; rv:1.9.2.13; ) Gecko/20101203"
223.105.4.245 - - [15/May/2020:02:54:34 +0600] "GET http://2018.ip138.com/ic.asp HTTP/1.1" 400 61560 "-" "Opera/9.80 (Windows NT 6.0) Presto/2.12.388 Version/12.14"
223.105.4.245 - - [15/May/2020:02:54:34 +0600] "GET http://www.baidu.com/ HTTP/1.1" 400 61458 "-" "Opera/9.80 (Windows NT 6.0) Presto/2.12.388 Version/12.14"
223.105.4.245 - - [15/May/2020:02:54:50 +0600] "GET http://2018.ip138.com/ic.asp HTTP/1.1" 400 61638 "-" "Mozilla/5.0 (Windows NT 6.2; WOW64; rv:15.0) Gecko/20120910144328 Firefox/15.0.2"
223.105.4.245 - - [15/May/2020:02:54:50 +0600] "GET http://www.baidu.com/ HTTP/1.1" 400 61536 "-" "Mozilla/5.0 (Windows NT 6.2; WOW64; rv:15.0) Gecko/20120910144328 Firefox/15.0.2"
112.25.65.102 - - [15/May/2020:02:54:51 +0600] "GET http://www.ksbbs.com/thread-htm-fid-1502-search-all-orderway-postdate-asc-DESC-page-1-type-0-special-.html HTTP/1.1" 400 62713 "-" "python-requests/2.8.1"
223.105.4.244 - - [15/May/2020:02:55:07 +0600] "GET http://www.baidu.com/ HTTP/1.1" 400 61494 "-" "Mozilla/5.0 (Windows; U; MSIE 6.0; Windows NT 5.1; SV1; .NET CLR 2.0.50727)"
223.105.4.244 - - [15/May/2020:02:55:07 +0600] "GET http://2018.ip138.com/ic.asp HTTP/1.1" 400 61596 "-" "Mozilla/5.0 (Windows; U; MSIE 6.0; Windows NT 5.1; SV1; .NET CLR 2.0.50727)"
112.25.65.107 - - [15/May/2020:02:55:12 +0600] "GET http://xianrxw.com/xinwen/tuijian/ HTTP/1.1" 400 61697 "-" "python-requests/2.8.1"
112.25.65.107 - - [15/May/2020:02:55:13 +0600] "GET http://xianrxw.com/xinwen/tuijian/ HTTP/1.1" 400 61697 "-" "python-requests/2.8.1"
223.105.4.244 - - [15/May/2020:02:55:14 +0600] "GET http://www.baidu.com/ HTTP/1.1" 400 61478 "-" "Mozilla/5.0 (X11; U; Linux i686; en-US; rv:1.9a3pre) Gecko/20070330"
223.105.4.244 - - [15/May/2020:02:55:14 +0600] "GET http://2018.ip138.com/ic.asp HTTP/1.1" 400 61580 "-" "Mozilla/5.0 (X11; U; Linux i686; en-US; rv:1.9a3pre) Gecko/20070330"
223.105.0.240 - - [15/May/2020:02:55:16 +0600] "GET http://search.tianya.cn/bbs?q=%E4%B8%A4%E4%BC%9A HTTP/1.1" 400 62292 "-" "Mozilla/5.0 (Windows NT 10.0; Win64; x64) AppleWebKit/537.36 (KHTML, like Gecko) Chrome/55.0.2883.87 Safari/537.36"
223.105.0.240 - - [15/May/2020:02:55:16 +0600] "GET http://news.chinaso.com/search?wd=%E6%B2%B9%E4%BB%B7%E5%B0%86%E8%BF%8E%E4%BA%8C%E8%BF%9E%E8%B7%8C&order=time&page=0&startTime=3h&endTime=now HTTP/1.1" 400 63711 "-" "Mozilla/5.0 (Macintosh; Intel Mac OS X 10_10_5) AppleWebKit/602.1.50 (KHTML, like Gecko) Version/10.0 Safari/602.1.50"
223.105.0.240 - - [15/May/2020:02:55:16 +0600] "GET http://www.baidu.com/s?tn=baidurt&rtt=4&pnw=1&pbl=0&pbs=0&bsst=1&rn=20&wd=%E7%9F%B3%E5%A2%A8%E7%83%AF HTTP/1.1" 400 63775 "-" "Mozilla/5.0 (Windows NT 6.3; Win64; x64) AppleWebKit/537.36 (KHTML, like Gecko) Chrome/60.0.3112.113 Safari/537.36"
223.105.0.240 - - [15/May/2020:02:55:16 +0600] "GET http://news.baidu.com/ HTTP/1.1" 400 61629 "-" "Mozilla/5.0 (Windows NT 5.1; rv:42.0) Gecko/20100101 Firefox/42.0"
223.105.0.240 - - [15/May/2020:02:55:15 +0600] "CONNECT www.toutiao.com:443 HTTP/1.0" 400 60812 "-" "-"
223.105.0.240 - - [15/May/2020:02:55:16 +0600] "CONNECT weixin.sogou.com:443 HTTP/1.0" 400 60845 "-" "-"
223.105.0.240 - - [15/May/2020:02:55:16 +0600] "GET http://search.sina.com.cn/?c=blog&q=%D6%D0%B9%FA%D2%C6%B6%AF&range=article&by=all&sort=time HTTP/1.1" 400 63304 "-" "Mozilla/5.0 (Windows NT 10.0; Win64; x64) AppleWebKit/537.36 (KHTML, like Gecko) Chrome/69.0.3497.100 Safari/537.36"
223.105.0.240 - - [15/May/2020:02:55:16 +0600] "CONNECT m.weibo.cn:443 HTTP/1.0" 400 60727 "-" "-"
223.105.0.240 - - [15/May/2020:02:55:16 +0600] "CONNECT www.douban.com:443 HTTP/1.0" 400 60795 "-" "-"
223.105.0.240 - - [15/May/2020:02:55:16 +0600] "GET http://news.sogou.com/news?time=0&query=%CB%D5%D6%DD&mode=1&sort=1 HTTP/1.1" 400 62906 "-" "Mozilla/5.0 (Macintosh; Intel Mac OS X 10_10_3) AppleWebKit/600.6.3 (KHTML, like Gecko) Version/8.0.6 Safari/600.6.3"
::1 - - [15/May/2020:02:55:17 +0600] "OPTIONS * HTTP/1.0" 200 126 "-" "Apache/2.4.41 (Ubuntu) mod_wsgi/4.6.8 Python/3.8 (internal dummy connection)"
112.25.65.106 - - [15/May/2020:02:55:57 +0600] "GET http://www.tongdaonews.com/Column.aspx?ColId=1455 HTTP/1.1" 400 62178 "-" "python-requests/2.8.1"
223.105.4.244 - - [15/May/2020:02:56:02 +0600] "GET http://www.baidu.com/ HTTP/1.1" 400 61607 "-" "Mozilla/5.0 (Macintosh; U; PPC Mac OS X Mach-O; en-US; rv:1.8.1.7pre) Gecko/20070815 Firefox/2.0.0.6 Navigator/9.0b3"
223.105.4.244 - - [15/May/2020:02:56:02 +0600] "GET http://2018.ip138.com/ic.asp HTTP/1.1" 400 61710 "-" "Mozilla/5.0 (Macintosh; U; PPC Mac OS X Mach-O; en-US; rv:1.8.1.7pre) Gecko/20070815 Firefox/2.0.0.6 Navigator/9.0b3"
223.105.4.244 - - [15/May/2020:02:56:06 +0600] "GET http://2018.ip138.com/ic.asp HTTP/1.1" 400 61710 "-" "Mozilla/5.0 (Macintosh; U; PPC Mac OS X Mach-O; en-US; rv:1.8.1.7pre) Gecko/20070815 Firefox/2.0.0.6 Navigator/9.0b3"
223.105.4.244 - - [15/May/2020:02:56:06 +0600] "GET http://www.baidu.com/ HTTP/1.1" 400 61608 "-" "Mozilla/5.0 (Macintosh; U; PPC Mac OS X Mach-O; en-US; rv:1.8.1.7pre) Gecko/20070815 Firefox/2.0.0.6 Navigator/9.0b3"
223.105.4.245 - - [15/May/2020:02:56:29 +0600] "GET http://www.baidu.com/ HTTP/1.1" 400 61611 "-" "Mozilla/5.0 (Macintosh; Intel Mac OS X 10_8_2) AppleWebKit/537.17 (KHTML, like Gecko) Chrome/24.0.1309.0 Safari/537.17"
223.105.4.245 - - [15/May/2020:02:56:29 +0600] "GET http://2018.ip138.com/ic.asp HTTP/1.1" 400 61714 "-" "Mozilla/5.0 (Macintosh; Intel Mac OS X 10_8_2) AppleWebKit/537.17 (KHTML, like Gecko) Chrome/24.0.1309.0 Safari/537.17"
223.105.4.244 - - [15/May/2020:02:56:32 +0600] "GET http://www.baidu.com/ HTTP/1.1" 400 61476 "-" "Opera/9.80 (X11; Linux x86_64; U; fr) Presto/2.9.168 Version/11.50"
223.105.4.244 - - [15/May/2020:02:56:32 +0600] "GET http://2018.ip138.com/ic.asp HTTP/1.1" 400 61578 "-" "Opera/9.80 (X11; Linux x86_64; U; fr) Presto/2.9.168 Version/11.50"
223.105.4.245 - - [15/May/2020:02:56:46 +0600] "GET http://2018.ip138.com/ic.asp HTTP/1.1" 400 61645 "-" "Mozilla/5.0 (Macintosh; U; Intel Mac OS X 10.6; en-US; rv:1.9.2.13; ) Gecko/20101203"
223.105.4.245 - - [15/May/2020:02:56:46 +0600] "GET http://www.baidu.com/ HTTP/1.1" 400 61544 "-" "Mozilla/5.0 (Macintosh; U; Intel Mac OS X 10.6; en-US; rv:1.9.2.13; ) Gecko/20101203"
112.25.65.103 - - [15/May/2020:02:56:52 +0600] "GET http://www.ksbbs.com/thread-htm-fid-1400-page-4.html HTTP/1.1" 400 63434 "http://www.ksbbs.com/thread-htm-fid-1400.html" "Mozilla/5.0 (Windows NT 10.0; Win64; x64) AppleWebKit/537.36 (KHTML, like Gecko) Chrome/70.0.3538.77 Safari/537.36"
223.105.4.244 - - [15/May/2020:02:57:06 +0600] "GET http://2018.ip138.com/ic.asp HTTP/1.1" 400 61649 "-" "Mozilla/5.0 (Windows; U; Win 9x 4.90; SG; rv:1.9.2.4) Gecko/20101104 Netscape/9.1.0285"
223.105.4.244 - - [15/May/2020:02:57:06 +0600] "GET http://www.baidu.com/ HTTP/1.1" 400 61548 "-" "Mozilla/5.0 (Windows; U; Win 9x 4.90; SG; rv:1.9.2.4) Gecko/20101104 Netscape/9.1.0285"
223.105.4.244 - - [15/May/2020:02:57:46 +0600] "GET http://www.baidu.com/ HTTP/1.1" 400 61494 "-" "Mozilla/5.0 (Windows; U; MSIE 6.0; Windows NT 5.1; SV1; .NET CLR 2.0.50727)"
223.105.4.244 - - [15/May/2020:02:57:46 +0600] "GET http://2018.ip138.com/ic.asp HTTP/1.1" 400 61596 "-" "Mozilla/5.0 (Windows; U; MSIE 6.0; Windows NT 5.1; SV1; .NET CLR 2.0.50727)"
223.105.4.244 - - [15/May/2020:02:58:11 +0600] "GET http://www.baidu.com/ HTTP/1.1" 400 61543 "-" "Mozilla/5.0 (Macintosh; U; Intel Mac OS X 10.6; en-US; rv:1.9.2.13; ) Gecko/20101203"
223.105.4.244 - - [15/May/2020:02:58:11 +0600] "GET http://2018.ip138.com/ic.asp HTTP/1.1" 400 61646 "-" "Mozilla/5.0 (Macintosh; U; Intel Mac OS X 10.6; en-US; rv:1.9.2.13; ) Gecko/20101203"
223.105.4.245 - - [15/May/2020:02:58:18 +0600] "GET http://2018.ip138.com/ic.asp HTTP/1.1" 400 61710 "-" "Mozilla/5.0 (Macintosh; U; PPC Mac OS X Mach-O; en-US; rv:1.8.1.7pre) Gecko/20070815 Firefox/2.0.0.6 Navigator/9.0b3"
223.105.4.245 - - [15/May/2020:02:58:18 +0600] "GET http://www.baidu.com/ HTTP/1.1" 400 61608 "-" "Mozilla/5.0 (Macintosh; U; PPC Mac OS X Mach-O; en-US; rv:1.8.1.7pre) Gecko/20070815 Firefox/2.0.0.6 Navigator/9.0b3"
201.6.105.246 - - [15/May/2020:02:58:26 +0600] "GET / HTTP/1.1" 400 0 "-" "-"
223.105.4.245 - - [15/May/2020:02:58:30 +0600] "GET http://2018.ip138.com/ic.asp HTTP/1.1" 400 61639 "-" "Opera/9.80 (Macintosh; Intel Mac OS X 10.6.8; U; de) Presto/2.9.168 Version/11.52"
223.105.4.245 - - [15/May/2020:02:58:31 +0600] "GET http://www.baidu.com/ HTTP/1.1" 400 61538 "-" "Opera/9.80 (Macintosh; Intel Mac OS X 10.6.8; U; de) Presto/2.9.168 Version/11.52"
112.25.65.106 - - [15/May/2020:02:58:47 +0600] "GET http://ztggzyjy.zt.gov.cn/jyxx/tdsyq/cjqr HTTP/1.1" 400 62248 "-" "Mozilla/5.0 (Windows; U; Windows NT 5.1; tr; rv:1.9.2.8) Gecko/20100722 Firefox/3.6.8 ( .NET CLR 3.5.30729; .NET4.0E)"
223.105.4.245 - - [15/May/2020:02:58:47 +0600] "GET http://www.baidu.com/ HTTP/1.1" 400 61496 "-" "Mozilla/6.0 (Windows NT 6.2; WOW64; rv:16.0.1) Gecko/20121011 Firefox/16.0.1"
223.105.4.245 - - [15/May/2020:02:58:47 +0600] "GET http://2018.ip138.com/ic.asp HTTP/1.1" 400 61597 "-" "Mozilla/6.0 (Windows NT 6.2; WOW64; rv:16.0.1) Gecko/20121011 Firefox/16.0.1"
223.105.4.245 - - [15/May/2020:02:59:04 +0600] "GET http://2018.ip138.com/ic.asp HTTP/1.1" 400 61689 "-" "Mozilla/5.0 (X11; U; Linux i686; en-US; rv:1.8.1.12) Gecko/20080219 Firefox/2.0.0.12 Navigator/9.0.0.6"
223.105.4.245 - - [15/May/2020:02:59:04 +0600] "GET http://www.baidu.com/ HTTP/1.1" 400 61579 "-" "Mozilla/5.0 (X11; U; Linux i686; en-US; rv:1.8.1.12) Gecko/20080219 Firefox/2.0.0.12 Navigator/9.0.0.6"
223.105.0.240 - - [15/May/2020:02:59:46 +0600] "GET http://news.baidu.com/ HTTP/1.1" 400 61759 "-" "Mozilla/5.0 (Windows NT 6.2; Win64; x64) AppleWebKit/537.36 (KHTML, like Gecko) Chrome/57.0.2987.133 Safari/537.36"
223.105.0.240 - - [15/May/2020:02:59:46 +0600] "GET http://search.tianya.cn/bbs?q=%E4%B8%A4%E4%BC%9A HTTP/1.1" 400 62291 "-" "Mozilla/5.0 (Windows NT 6.1; Win64; x64) AppleWebKit/537.36 (KHTML, like Gecko) Chrome/60.0.3112.113 Safari/537.36"
223.105.0.240 - - [15/May/2020:02:59:46 +0600] "GET http://news.chinaso.com/search?wd=%E6%B2%B9%E4%BB%B7%E5%B0%86%E8%BF%8E%E4%BA%8C%E8%BF%9E%E8%B7%8C&order=time&page=0&startTime=3h&endTime=now HTTP/1.1" 400 63589 "-" "Mozilla/5.0 (Windows NT 6.1; WOW64; rv:41.0) Gecko/20100101 Firefox/41.0"
223.105.0.240 - - [15/May/2020:02:59:46 +0600] "GET http://www.baidu.com/s?tn=baidurt&rtt=4&pnw=1&pbl=0&pbs=0&bsst=1&rn=20&wd=%E7%9F%B3%E5%A2%A8%E7%83%AF HTTP/1.1" 400 63712 "-" "Mozilla/5.0 (Windows; U; Windows NT 5.1; en-US; rv:1.8) Gecko/20051111 Firefox/1.5"
223.105.0.240 - - [15/May/2020:02:59:46 +0600] "GET http://news.sogou.com/news?time=0&query=%CB%D5%D6%DD&mode=1&sort=1 HTTP/1.1" 400 62799 "-" "Mozilla/5.0 (Windows NT 10.0; Win64; x64; rv:40.0) Gecko/20100101 Firefox/40.0"
223.105.0.240 - - [15/May/2020:02:59:46 +0600] "GET http://search.sina.com.cn/?c=blog&q=%D6%D0%B9%FA%D2%C6%B6%AF&range=article&by=all&sort=time HTTP/1.1" 400 63312 "-" "Mozilla/5.0 (Macintosh; Intel Mac OS X 10_9_5) AppleWebKit/537.36 (KHTML, like Gecko) Chrome/67.0.3396.87 Safari/537.36"
223.105.0.240 - - [15/May/2020:02:59:46 +0600] "CONNECT www.toutiao.com:443 HTTP/1.0" 400 60812 "-" "-"
223.105.0.240 - - [15/May/2020:02:59:46 +0600] "CONNECT m.weibo.cn:443 HTTP/1.0" 400 60726 "-" "-"
223.105.0.240 - - [15/May/2020:02:59:46 +0600] "CONNECT weixin.sogou.com:443 HTTP/1.0" 400 60843 "-" "-"
223.105.0.240 - - [15/May/2020:02:59:46 +0600] "CONNECT www.douban.com:443 HTTP/1.0" 400 60794 "-" "-"
::1 - - [15/May/2020:02:59:48 +0600] "OPTIONS * HTTP/1.0" 200 126 "-" "Apache/2.4.41 (Ubuntu) mod_wsgi/4.6.8 Python/3.8 (internal dummy connection)"
112.25.65.107 - - [15/May/2020:02:59:48 +0600] "GET http://www.cuiping.gov.cn/zwhd/jcdt/ HTTP/1.1" 400 61768 "-" "python-requests/2.8.1"
223.105.4.244 - - [15/May/2020:02:59:57 +0600] "GET http://www.baidu.com/ HTTP/1.1" 400 61677 "-" "Mozilla/4.0 (compatible; MSIE 8.0; Windows NT 6.2; Trident/4.0; SLCC2; .NET CLR 2.0.50727; .NET CLR 3.5.30729; .NET CLR 3.0.30729; Media Center PC 6.0)"
223.105.4.244 - - [15/May/2020:02:59:57 +0600] "GET http://2018.ip138.com/ic.asp HTTP/1.1" 400 61779 "-" "Mozilla/4.0 (compatible; MSIE 8.0; Windows NT 6.2; Trident/4.0; SLCC2; .NET CLR 2.0.50727; .NET CLR 3.5.30729; .NET CLR 3.0.30729; Media Center PC 6.0)"
112.25.65.104 - - [15/May/2020:03:00:12 +0600] "GET http://www.dpcm.cn/html/news/gundong/ HTTP/1.1" 400 61737 "-" "python-requests/2.8.1"
223.105.4.244 - - [15/May/2020:03:00:12 +0600] "GET http://www.baidu.com/ HTTP/1.1" 400 61676 "-" "Mozilla/4.0 (compatible; MSIE 8.0; Windows NT 6.2; Trident/4.0; SLCC2; .NET CLR 2.0.50727; .NET CLR 3.5.30729; .NET CLR 3.0.30729; Media Center PC 6.0)"
223.105.4.244 - - [15/May/2020:03:00:12 +0600] "GET http://2018.ip138.com/ic.asp HTTP/1.1" 400 61779 "-" "Mozilla/4.0 (compatible; MSIE 8.0; Windows NT 6.2; Trident/4.0; SLCC2; .NET CLR 2.0.50727; .NET CLR 3.5.30729; .NET CLR 3.0.30729; Media Center PC 6.0)"
223.105.4.245 - - [15/May/2020:03:00:18 +0600] "GET http://www.baidu.com/ HTTP/1.1" 400 61493 "-" "Mozilla/5.0 (Windows; U; MSIE 6.0; Windows NT 5.1; SV1; .NET CLR 2.0.50727)"
223.105.4.245 - - [15/May/2020:03:00:18 +0600] "GET http://2018.ip138.com/ic.asp HTTP/1.1" 400 61595 "-" "Mozilla/5.0 (Windows; U; MSIE 6.0; Windows NT 5.1; SV1; .NET CLR 2.0.50727)"
112.25.65.106 - - [15/May/2020:03:00:26 +0600] "GET http://ggzy.xzsp.tj.gov.cn/queryContent_1-jyxx.jspx?title=&inDates=&ext=&ext1=&origin=&channelId=83&beginTime=&endTime= HTTP/1.1" 400 64321 "-" "Mozilla/5.0 (Windows NT 6.1; WOW64) AppleWebKit/537.36 (KHTML, like Gecko) Chrome/69.0.3497.100 Safari/537.36"
223.105.4.244 - - [15/May/2020:03:00:42 +0600] "GET http://2018.ip138.com/ic.asp HTTP/1.1" 400 61709 "-" "Mozilla/5.0 (Macintosh; U; PPC Mac OS X Mach-O; en-US; rv:1.8.1.7pre) Gecko/20070815 Firefox/2.0.0.6 Navigator/9.0b3"
223.105.4.244 - - [15/May/2020:03:00:42 +0600] "GET http://www.baidu.com/ HTTP/1.1" 400 61606 "-" "Mozilla/5.0 (Macintosh; U; PPC Mac OS X Mach-O; en-US; rv:1.8.1.7pre) Gecko/20070815 Firefox/2.0.0.6 Navigator/9.0b3"
112.25.65.106 - - [15/May/2020:03:00:58 +0600] "GET http://www.ksbbs.com/thread-htm-fid-1439-page-4.html HTTP/1.1" 400 63492 "http://www.ksbbs.com/thread-htm-fid-1439.html" "Mozilla/5.0 (Windows NT 6.1; Win64; x64) AppleWebKit/537.36 (KHTML, like Gecko) Chrome/51.0.2704.79 Safari/537.36 Edge/14.14393"
223.105.4.244 - - [15/May/2020:03:01:12 +0600] "GET http://2018.ip138.com/ic.asp HTTP/1.1" 400 61649 "-" "Mozilla/5.0 (Windows; U; Win 9x 4.90; SG; rv:1.9.2.4) Gecko/20101104 Netscape/9.1.0285"
223.105.4.244 - - [15/May/2020:03:01:12 +0600] "GET http://www.baidu.com/ HTTP/1.1" 400 61546 "-" "Mozilla/5.0 (Windows; U; Win 9x 4.90; SG; rv:1.9.2.4) Gecko/20101104 Netscape/9.1.0285"
223.105.4.245 - - [15/May/2020:03:01:20 +0600] "GET http://2018.ip138.com/ic.asp HTTP/1.1" 400 61712 "-" "Mozilla/5.0 (Macintosh; Intel Mac OS X 10_8_2) AppleWebKit/537.17 (KHTML, like Gecko) Chrome/24.0.1309.0 Safari/537.17"
223.105.4.245 - - [15/May/2020:03:01:20 +0600] "GET http://www.baidu.com/ HTTP/1.1" 400 61611 "-" "Mozilla/5.0 (Macintosh; Intel Mac OS X 10_8_2) AppleWebKit/537.17 (KHTML, like Gecko) Chrome/24.0.1309.0 Safari/537.17"
223.105.4.244 - - [15/May/2020:03:02:15 +0600] "GET http://2018.ip138.com/ic.asp HTTP/1.1" 400 61577 "-" "Opera/9.80 (X11; Linux x86_64; U; fr) Presto/2.9.168 Version/11.50"
223.105.4.244 - - [15/May/2020:03:02:15 +0600] "GET http://www.baidu.com/ HTTP/1.1" 400 61475 "-" "Opera/9.80 (X11; Linux x86_64; U; fr) Presto/2.9.168 Version/11.50"
223.105.4.245 - - [15/May/2020:03:02:27 +0600] "GET http://2018.ip138.com/ic.asp HTTP/1.1" 400 61680 "-" "Mozilla/5.0 (X11; U; Linux i686; en-US; rv:1.8.1.12) Gecko/20080219 Firefox/2.0.0.12 Navigator/9.0.0.6"
223.105.4.245 - - [15/May/2020:03:02:28 +0600] "GET http://www.baidu.com/ HTTP/1.1" 400 61579 "-" "Mozilla/5.0 (X11; U; Linux i686; en-US; rv:1.8.1.12) Gecko/20080219 Firefox/2.0.0.12 Navigator/9.0.0.6"
112.25.65.105 - - [15/May/2020:03:02:47 +0600] "GET http://www.fynews.com.cn/jj HTTP/1.1" 400 61637 "-" "python-requests/2.8.1"
223.105.4.244 - - [15/May/2020:03:02:59 +0600] "GET http://2018.ip138.com/ic.asp HTTP/1.1" 400 61577 "-" "Opera/9.80 (X11; Linux x86_64; U; fr) Presto/2.9.168 Version/11.50"
223.105.4.244 - - [15/May/2020:03:02:59 +0600] "GET http://www.baidu.com/ HTTP/1.1" 400 61474 "-" "Opera/9.80 (X11; Linux x86_64; U; fr) Presto/2.9.168 Version/11.50"
112.25.65.104 - - [15/May/2020:03:03:09 +0600] "GET http://www.wzljl.cn/node_103.htm HTTP/1.1" 400 61672 "-" "python-requests/2.8.1"
223.105.4.245 - - [15/May/2020:03:03:18 +0600] "GET http://www.baidu.com/ HTTP/1.1" 400 61457 "-" "Opera/9.80 (Windows NT 6.0) Presto/2.12.388 Version/12.14"
223.105.4.244 - - [15/May/2020:03:03:18 +0600] "GET http://2018.ip138.com/ic.asp HTTP/1.1" 400 61713 "-" "Mozilla/5.0 (Macintosh; Intel Mac OS X 10_8_2) AppleWebKit/537.17 (KHTML, like Gecko) Chrome/24.0.1309.0 Safari/537.17"
223.105.4.245 - - [15/May/2020:03:03:18 +0600] "GET http://2018.ip138.com/ic.asp HTTP/1.1" 400 61559 "-" "Opera/9.80 (Windows NT 6.0) Presto/2.12.388 Version/12.14"
223.105.4.244 - - [15/May/2020:03:03:18 +0600] "GET http://www.baidu.com/ HTTP/1.1" 400 61611 "-" "Mozilla/5.0 (Macintosh; Intel Mac OS X 10_8_2) AppleWebKit/537.17 (KHTML, like Gecko) Chrome/24.0.1309.0 Safari/537.17"
223.105.0.240 - - [15/May/2020:03:03:31 +0600] "GET http://search.tianya.cn/bbs?q=%E4%B8%A4%E4%BC%9A HTTP/1.1" 400 62162 "-" "Mozilla/5.0 (Windows NT 5.1; rv:36.0) Gecko/20100101 Firefox/36.0"
223.105.0.240 - - [15/May/2020:03:03:31 +0600] "GET http://www.baidu.com/s?tn=baidurt&rtt=4&pnw=1&pbl=0&pbs=0&bsst=1&rn=20&wd=%E7%9F%B3%E5%A2%A8%E7%83%AF HTTP/1.1" 400 63764 "-" "Mozilla/5.0 (Windows NT 6.1; WOW64) AppleWebKit/537.36 (KHTML, like Gecko) Chrome/55.0.2883.87 Safari/537.36"
223.105.0.240 - - [15/May/2020:03:03:31 +0600] "GET http://news.baidu.com/ HTTP/1.1" 400 61760 "-" "Mozilla/5.0 (Windows NT 10.0; Win64; x64) AppleWebKit/537.36 (KHTML, like Gecko) Chrome/66.0.3359.181 Safari/537.36"
223.105.0.240 - - [15/May/2020:03:03:31 +0600] "GET http://search.sina.com.cn/?c=blog&q=%D6%D0%B9%FA%D2%C6%B6%AF&range=article&by=all&sort=time HTTP/1.1" 400 63253 "-" "Mozilla/5.0 (Windows; U; Windows NT 5.1; en-US; rv:1.8.1.1) Gecko/20061204 Firefox/2.0.0.1"
223.105.0.240 - - [15/May/2020:03:03:31 +0600] "GET http://news.chinaso.com/search?wd=%E6%B2%B9%E4%BB%B7%E5%B0%86%E8%BF%8E%E4%BA%8C%E8%BF%9E%E8%B7%8C&order=time&page=0&startTime=3h&endTime=now HTTP/1.1" 400 63710 "-" "Mozilla/5.0 (Macintosh; Intel Mac OS X 10_10_5) AppleWebKit/603.3.8 (KHTML, like Gecko) Version/10.1.2 Safari/603.3.8"
223.105.0.240 - - [15/May/2020:03:03:31 +0600] "GET http://news.sogou.com/news?time=0&query=%CB%D5%D6%DD&mode=1&sort=1 HTTP/1.1" 400 62787 "-" "Mozilla/5.0 (Windows NT 6.1; WOW64; rv:51.0) Gecko/20100101 Firefox/51.0"
223.105.0.240 - - [15/May/2020:03:03:31 +0600] "CONNECT weixin.sogou.com:443 HTTP/1.0" 400 60844 "-" "-"
223.105.0.240 - - [15/May/2020:03:03:31 +0600] "CONNECT www.toutiao.com:443 HTTP/1.0" 400 60812 "-" "-"
223.105.0.240 - - [15/May/2020:03:03:31 +0600] "CONNECT www.douban.com:443 HTTP/1.0" 400 60794 "-" "-"
223.105.0.240 - - [15/May/2020:03:03:31 +0600] "CONNECT m.weibo.cn:443 HTTP/1.0" 400 60727 "-" "-"
::1 - - [15/May/2020:03:03:33 +0600] "OPTIONS * HTTP/1.0" 200 126 "-" "Apache/2.4.41 (Ubuntu) mod_wsgi/4.6.8 Python/3.8 (internal dummy connection)"
223.105.4.245 - - [15/May/2020:03:03:36 +0600] "GET http://www.baidu.com/ HTTP/1.1" 400 61457 "-" "Mozilla/5.0 (Windows; U; MSIE 7.0; Windows NT 6.0; en-US)"
223.105.4.245 - - [15/May/2020:03:03:37 +0600] "GET http://2018.ip138.com/ic.asp HTTP/1.1" 400 61560 "-" "Mozilla/5.0 (Windows; U; MSIE 7.0; Windows NT 6.0; en-US)"
223.105.4.244 - - [15/May/2020:03:03:51 +0600] "GET http://2018.ip138.com/ic.asp HTTP/1.1" 400 61559 "-" "Mozilla/5.0 (Windows; U; MSIE 7.0; Windows NT 6.0; en-US)"
223.105.4.244 - - [15/May/2020:03:03:51 +0600] "GET http://www.baidu.com/ HTTP/1.1" 400 61458 "-" "Mozilla/5.0 (Windows; U; MSIE 7.0; Windows NT 6.0; en-US)"
223.105.4.244 - - [15/May/2020:03:04:09 +0600] "GET http://www.baidu.com/ HTTP/1.1" 400 61678 "-" "Mozilla/4.0 (compatible; MSIE 8.0; Windows NT 6.2; Trident/4.0; SLCC2; .NET CLR 2.0.50727; .NET CLR 3.5.30729; .NET CLR 3.0.30729; Media Center PC 6.0)"
223.105.4.244 - - [15/May/2020:03:04:09 +0600] "GET http://2018.ip138.com/ic.asp HTTP/1.1" 400 61779 "-" "Mozilla/4.0 (compatible; MSIE 8.0; Windows NT 6.2; Trident/4.0; SLCC2; .NET CLR 2.0.50727; .NET CLR 3.5.30729; .NET CLR 3.0.30729; Media Center PC 6.0)"
223.105.4.244 - - [15/May/2020:03:04:29 +0600] "GET http://www.baidu.com/ HTTP/1.1" 400 61457 "-" "Opera/9.80 (Windows NT 6.0) Presto/2.12.388 Version/12.14"
223.105.4.244 - - [15/May/2020:03:04:29 +0600] "GET http://2018.ip138.com/ic.asp HTTP/1.1" 400 61559 "-" "Opera/9.80 (Windows NT 6.0) Presto/2.12.388 Version/12.14"
223.105.4.244 - - [15/May/2020:03:04:40 +0600] "GET http://2018.ip138.com/ic.asp HTTP/1.1" 400 61682 "-" "Mozilla/5.0 (X11; Linux i686) AppleWebKit/537.31 (KHTML, like Gecko) Chrome/26.0.1410.43 Safari/537.31"
223.105.4.244 - - [15/May/2020:03:04:40 +0600] "GET http://www.baidu.com/ HTTP/1.1" 400 61579 "-" "Mozilla/5.0 (X11; Linux i686) AppleWebKit/537.31 (KHTML, like Gecko) Chrome/26.0.1410.43 Safari/537.31"
112.25.65.102 - - [15/May/2020:03:04:46 +0600] "GET http://www.ksbbs.com/thread-htm-fid-483-page-4.html HTTP/1.1" 400 63710 "http://www.ksbbs.com/thread-htm-fid-483.html" "Mozilla/5.0 (Windows NT 5.1; rv:40.0) Gecko/20100101 Firefox/40.0"
112.25.65.103 - - [15/May/2020:03:04:50 +0600] "GET http://www.ksbbs.com/thread-htm-fid-1531-page-4.html HTTP/1.1" 400 64132 "http://www.ksbbs.com/thread-htm-fid-1531.html" "Mozilla/5.0 (Windows NT 5.1) AppleWebKit/537.36 (KHTML, like Gecko) Chrome/49.0.2623.112 Safari/537.36"
211.22.216.206 - - [15/May/2020:03:04:53 +0600] "GET / HTTP/1.1" 400 0 "-" "-"
223.105.4.245 - - [15/May/2020:03:04:56 +0600] "GET http://www.baidu.com/ HTTP/1.1" 400 61475 "-" "Opera/9.80 (X11; Linux x86_64; U; fr) Presto/2.9.168 Version/11.50"
223.105.4.245 - - [15/May/2020:03:04:56 +0600] "GET http://2018.ip138.com/ic.asp HTTP/1.1" 400 61577 "-" "Opera/9.80 (X11; Linux x86_64; U; fr) Presto/2.9.168 Version/11.50"
223.105.0.240 - - [15/May/2020:03:05:20 +0600] "GET http://news.chinaso.com/search?wd=%E6%B2%B9%E4%BB%B7%E5%B0%86%E8%BF%8E%E4%BA%8C%E8%BF%9E%E8%B7%8C&order=time&page=0&startTime=3h&endTime=now HTTP/1.1" 400 63679 "-" "Mozilla/5.0 (Windows NT 6.1) AppleWebKit/537.36 (KHTML, like Gecko) Chrome/70.0.3538.77 Safari/537.36"
223.105.0.240 - - [15/May/2020:03:05:20 +0600] "GET http://www.baidu.com/s?tn=baidurt&rtt=4&pnw=1&pbl=0&pbs=0&bsst=1&rn=20&wd=%E7%9F%B3%E5%A2%A8%E7%83%AF HTTP/1.1" 400 63660 "-" "Mozilla/5.0 (Windows NT 6.3; WOW64; rv:46.0) Gecko/20100101 Firefox/46.0"
223.105.0.240 - - [15/May/2020:03:05:20 +0600] "GET http://news.baidu.com/ HTTP/1.1" 400 61632 "-" "Mozilla/5.0 (Windows NT 6.1; rv:15.0) Gecko/20120716 Firefox/15.0a2"
223.105.0.240 - - [15/May/2020:03:05:20 +0600] "GET http://search.tianya.cn/bbs?q=%E4%B8%A4%E4%BC%9A HTTP/1.1" 400 62295 "-" "Mozilla/5.0 (Macintosh; Intel Mac OS X 10_9_5) AppleWebKit/600.1.17 (KHTML, like Gecko) Version/7.1 Safari/537.85.10"
223.105.0.240 - - [15/May/2020:03:05:20 +0600] "CONNECT www.toutiao.com:443 HTTP/1.0" 400 60812 "-" "-"
223.105.0.240 - - [15/May/2020:03:05:20 +0600] "GET http://search.sina.com.cn/?c=blog&q=%D6%D0%B9%FA%D2%C6%B6%AF&range=article&by=all&sort=time HTTP/1.1" 400 63236 "-" "Mozilla/5.0 (Macintosh; Intel Mac OS X 10.5; rv:12.0) Gecko/20100101 Firefox/12.0"
223.105.0.240 - - [15/May/2020:03:05:20 +0600] "CONNECT m.weibo.cn:443 HTTP/1.0" 400 60727 "-" "-"
223.105.0.240 - - [15/May/2020:03:05:20 +0600] "CONNECT weixin.sogou.com:443 HTTP/1.0" 400 60844 "-" "-"
223.105.0.240 - - [15/May/2020:03:05:20 +0600] "GET http://news.sogou.com/news?time=0&query=%CB%D5%D6%DD&mode=1&sort=1 HTTP/1.1" 400 62892 "-" "Mozilla/5.0 (Windows NT 6.1; WOW64) AppleWebKit/537.36 (KHTML, like Gecko) Chrome/51.0.2704.103 Safari/537.36"
223.105.0.240 - - [15/May/2020:03:05:20 +0600] "CONNECT www.douban.com:443 HTTP/1.0" 400 60795 "-" "-"
::1 - - [15/May/2020:03:05:22 +0600] "OPTIONS * HTTP/1.0" 200 126 "-" "Apache/2.4.41 (Ubuntu) mod_wsgi/4.6.8 Python/3.8 (internal dummy connection)"
223.105.4.244 - - [15/May/2020:03:05:27 +0600] "GET http://www.baidu.com/ HTTP/1.1" 400 61495 "-" "Mozilla/5.0 (X11; Ubuntu; Linux i686; rv:15.0) Gecko/20100101 Firefox/15.0.1"
223.105.4.244 - - [15/May/2020:03:05:28 +0600] "GET http://2018.ip138.com/ic.asp HTTP/1.1" 400 61598 "-" "Mozilla/5.0 (X11; Ubuntu; Linux i686; rv:15.0) Gecko/20100101 Firefox/15.0.1"
223.105.4.245 - - [15/May/2020:03:05:29 +0600] "GET http://www.baidu.com/ HTTP/1.1" 400 61495 "-" "Mozilla/6.0 (Windows NT 6.2; WOW64; rv:16.0.1) Gecko/20121011 Firefox/16.0.1"
223.105.4.245 - - [15/May/2020:03:05:29 +0600] "GET http://2018.ip138.com/ic.asp HTTP/1.1" 400 61598 "-" "Mozilla/6.0 (Windows NT 6.2; WOW64; rv:16.0.1) Gecko/20121011 Firefox/16.0.1"
223.105.4.244 - - [15/May/2020:03:06:21 +0600] "GET http://www.baidu.com/ HTTP/1.1" 400 61677 "-" "Mozilla/4.0 (compatible; MSIE 8.0; Windows NT 6.2; Trident/4.0; SLCC2; .NET CLR 2.0.50727; .NET CLR 3.5.30729; .NET CLR 3.0.30729; Media Center PC 6.0)"
223.105.4.244 - - [15/May/2020:03:06:21 +0600] "GET http://2018.ip138.com/ic.asp HTTP/1.1" 400 61780 "-" "Mozilla/4.0 (compatible; MSIE 8.0; Windows NT 6.2; Trident/4.0; SLCC2; .NET CLR 2.0.50727; .NET CLR 3.5.30729; .NET CLR 3.0.30729; Media Center PC 6.0)"
223.105.4.244 - - [15/May/2020:03:06:38 +0600] "GET http://www.baidu.com/ HTTP/1.1" 400 61607 "-" "Mozilla/5.0 (Macintosh; U; PPC Mac OS X Mach-O; en-US; rv:1.8.1.7pre) Gecko/20070815 Firefox/2.0.0.6 Navigator/9.0b3"
223.105.4.244 - - [15/May/2020:03:06:38 +0600] "GET http://2018.ip138.com/ic.asp HTTP/1.1" 400 61710 "-" "Mozilla/5.0 (Macintosh; U; PPC Mac OS X Mach-O; en-US; rv:1.8.1.7pre) Gecko/20070815 Firefox/2.0.0.6 Navigator/9.0b3"
112.25.65.106 - - [15/May/2020:03:06:55 +0600] "GET http://bbs.my0511.com/f152b?orderby=dateline&ascdesc=DESC HTTP/1.1" 400 62308 "-" "python-requests/2.8.1"
112.25.65.106 - - [15/May/2020:03:06:56 +0600] "GET http://bbs.my0511.com/f152b?orderby=dateline&ascdesc=DESC HTTP/1.1" 400 62309 "-" "python-requests/2.8.1"
223.105.4.245 - - [15/May/2020:03:07:01 +0600] "GET http://www.baidu.com/ HTTP/1.1" 400 61612 "-" "Mozilla/5.0 (Macintosh; Intel Mac OS X 10_8_2) AppleWebKit/537.17 (KHTML, like Gecko) Chrome/24.0.1309.0 Safari/537.17"
223.105.4.245 - - [15/May/2020:03:07:01 +0600] "GET http://2018.ip138.com/ic.asp HTTP/1.1" 400 61713 "-" "Mozilla/5.0 (Macintosh; Intel Mac OS X 10_8_2) AppleWebKit/537.17 (KHTML, like Gecko) Chrome/24.0.1309.0 Safari/537.17"
223.105.4.244 - - [15/May/2020:03:07:31 +0600] "GET http://www.baidu.com/ HTTP/1.1" 400 61495 "-" "Mozilla/6.0 (Windows NT 6.2; WOW64; rv:16.0.1) Gecko/20121011 Firefox/16.0.1"
223.105.4.244 - - [15/May/2020:03:07:31 +0600] "GET http://2018.ip138.com/ic.asp HTTP/1.1" 400 61597 "-" "Mozilla/6.0 (Windows NT 6.2; WOW64; rv:16.0.1) Gecko/20121011 Firefox/16.0.1"
223.105.4.244 - - [15/May/2020:03:07:59 +0600] "GET http://2018.ip138.com/ic.asp HTTP/1.1" 400 61681 "-" "Mozilla/5.0 (X11; U; Linux i686; en-US; rv:1.8.1.12) Gecko/20080219 Firefox/2.0.0.12 Navigator/9.0.0.6"
223.105.4.244 - - [15/May/2020:03:07:59 +0600] "GET http://www.baidu.com/ HTTP/1.1" 400 61580 "-" "Mozilla/5.0 (X11; U; Linux i686; en-US; rv:1.8.1.12) Gecko/20080219 Firefox/2.0.0.12 Navigator/9.0.0.6"
223.105.4.245 - - [15/May/2020:03:08:07 +0600] "GET http://2018.ip138.com/ic.asp HTTP/1.1" 400 61598 "-" "Mozilla/5.0 (X11; Ubuntu; Linux i686; rv:15.0) Gecko/20100101 Firefox/15.0.1"
223.105.4.245 - - [15/May/2020:03:08:07 +0600] "GET http://www.baidu.com/ HTTP/1.1" 400 61495 "-" "Mozilla/5.0 (X11; Ubuntu; Linux i686; rv:15.0) Gecko/20100101 Firefox/15.0.1"
223.105.4.244 - - [15/May/2020:03:08:33 +0600] "GET http://2018.ip138.com/ic.asp HTTP/1.1" 400 61681 "-" "Mozilla/5.0 (X11; U; Linux i686; en-US; rv:1.8.1.12) Gecko/20080219 Firefox/2.0.0.12 Navigator/9.0.0.6"
223.105.4.244 - - [15/May/2020:03:08:33 +0600] "GET http://www.baidu.com/ HTTP/1.1" 400 61579 "-" "Mozilla/5.0 (X11; U; Linux i686; en-US; rv:1.8.1.12) Gecko/20080219 Firefox/2.0.0.12 Navigator/9.0.0.6"
223.105.4.244 - - [15/May/2020:03:08:54 +0600] "GET http://www.baidu.com/ HTTP/1.1" 400 61607 "-" "Mozilla/5.0 (Macintosh; U; PPC Mac OS X Mach-O; en-US; rv:1.8.1.7pre) Gecko/20070815 Firefox/2.0.0.6 Navigator/9.0b3"
223.105.4.244 - - [15/May/2020:03:08:54 +0600] "GET http://2018.ip138.com/ic.asp HTTP/1.1" 400 61710 "-" "Mozilla/5.0 (Macintosh; U; PPC Mac OS X Mach-O; en-US; rv:1.8.1.7pre) Gecko/20070815 Firefox/2.0.0.6 Navigator/9.0b3"
223.105.4.245 - - [15/May/2020:03:09:33 +0600] "GET http://2018.ip138.com/ic.asp HTTP/1.1" 400 61595 "-" "Mozilla/5.0 (Windows; U; MSIE 6.0; Windows NT 5.1; SV1; .NET CLR 2.0.50727)"
223.105.4.245 - - [15/May/2020:03:09:33 +0600] "GET http://www.baidu.com/ HTTP/1.1" 400 61494 "-" "Mozilla/5.0 (Windows; U; MSIE 6.0; Windows NT 5.1; SV1; .NET CLR 2.0.50727)"
223.105.4.245 - - [15/May/2020:03:09:45 +0600] "GET http://2018.ip138.com/ic.asp HTTP/1.1" 400 61559 "-" "Mozilla/5.0 (Windows; U; MSIE 7.0; Windows NT 6.0; en-US)"
223.105.4.245 - - [15/May/2020:03:09:45 +0600] "GET http://www.baidu.com/ HTTP/1.1" 400 61458 "-" "Mozilla/5.0 (Windows; U; MSIE 7.0; Windows NT 6.0; en-US)"
112.25.65.103 - - [15/May/2020:03:09:55 +0600] "GET http://www.ksbbs.com/thread-htm-fid-120-page-4.html HTTP/1.1" 400 64041 "http://www.ksbbs.com/thread-htm-fid-120.html" "Mozilla/5.0 (Windows NT 10.0; WOW64; rv:50.0) Gecko/20100101 Firefox/50.0"
223.105.4.245 - - [15/May/2020:03:10:01 +0600] "GET http://2018.ip138.com/ic.asp HTTP/1.1" 400 61639 "-" "Opera/9.80 (Macintosh; Intel Mac OS X 10.6.8; U; de) Presto/2.9.168 Version/11.52"
223.105.4.245 - - [15/May/2020:03:10:01 +0600] "GET http://www.baidu.com/ HTTP/1.1" 400 61538 "-" "Opera/9.80 (Macintosh; Intel Mac OS X 10.6.8; U; de) Presto/2.9.168 Version/11.52"
223.105.4.245 - - [15/May/2020:03:10:16 +0600] "GET http://2018.ip138.com/ic.asp HTTP/1.1" 400 61571 "-" "Mozilla/5.0 (Windows; U; Windows NT 6.1; rv:2.2) Gecko/20110201"
223.105.4.245 - - [15/May/2020:03:10:17 +0600] "GET http://www.baidu.com/ HTTP/1.1" 400 61470 "-" "Mozilla/5.0 (Windows; U; Windows NT 6.1; rv:2.2) Gecko/20110201"
223.105.4.245 - - [15/May/2020:03:10:33 +0600] "GET http://2018.ip138.com/ic.asp HTTP/1.1" 400 61598 "-" "Mozilla/6.0 (Windows NT 6.2; WOW64; rv:16.0.1) Gecko/20121011 Firefox/16.0.1"
223.105.4.245 - - [15/May/2020:03:10:33 +0600] "GET http://www.baidu.com/ HTTP/1.1" 400 61495 "-" "Mozilla/6.0 (Windows NT 6.2; WOW64; rv:16.0.1) Gecko/20121011 Firefox/16.0.1"
223.105.0.240 - - [15/May/2020:03:10:52 +0600] "GET http://news.baidu.com/ HTTP/1.1" 400 61644 "-" "Mozilla/5.0 (Windows NT 10.0; WOW64; rv:43.0) Gecko/20100101 Firefox/43.0"
223.105.0.240 - - [15/May/2020:03:10:52 +0600] "GET http://www.baidu.com/s?tn=baidurt&rtt=4&pnw=1&pbl=0&pbs=0&bsst=1&rn=20&wd=%E7%9F%B3%E5%A2%A8%E7%83%AF HTTP/1.1" 400 63716 "-" "Mozilla/5.0 (Windows; U; Windows NT 5.1; en-US; rv:1.7.5) Gecko/20041107 Firefox/1.0"
223.105.0.240 - - [15/May/2020:03:10:52 +0600] "GET http://search.sina.com.cn/?c=blog&q=%D6%D0%B9%FA%D2%C6%B6%AF&range=article&by=all&sort=time HTTP/1.1" 400 63316 "-" "Mozilla/5.0 (Macintosh; Intel Mac OS X 10_11_6) AppleWebKit/537.36 (KHTML, like Gecko) Chrome/63.0.3239.132 Safari/537.36"
223.105.0.240 - - [15/May/2020:03:10:52 +0600] "GET http://search.tianya.cn/bbs?q=%E4%B8%A4%E4%BC%9A HTTP/1.1" 400 62162 "-" "Mozilla/5.0 (Windows NT 6.1; rv:29.0) Gecko/20100101 Firefox/29.0"
223.105.0.240 - - [15/May/2020:03:10:52 +0600] "GET http://news.chinaso.com/search?wd=%E6%B2%B9%E4%BB%B7%E5%B0%86%E8%BF%8E%E4%BA%8C%E8%BF%9E%E8%B7%8C&order=time&page=0&startTime=3h&endTime=now HTTP/1.1" 400 63692 "-" "Mozilla/5.0 (Windows NT 6.1; WOW64) AppleWebKit/537.36 (KHTML, like Gecko) Chrome/51.0.2704.63 Safari/537.36"
223.105.0.240 - - [15/May/2020:03:10:52 +0600] "GET http://news.sogou.com/news?time=0&query=%CB%D5%D6%DD&mode=1&sort=1 HTTP/1.1" 400 62903 "-" "Mozilla/5.0 (Windows NT 6.1; Win64; x64) AppleWebKit/537.36 (KHTML, like Gecko) Chrome/70.0.3538.102 Safari/537.36"
223.105.0.240 - - [15/May/2020:03:10:52 +0600] "CONNECT m.weibo.cn:443 HTTP/1.0" 400 60727 "-" "-"
223.105.0.240 - - [15/May/2020:03:10:52 +0600] "CONNECT www.toutiao.com:443 HTTP/1.0" 400 60811 "-" "-"
223.105.0.240 - - [15/May/2020:03:10:52 +0600] "CONNECT weixin.sogou.com:443 HTTP/1.0" 400 60845 "-" "-"
223.105.0.240 - - [15/May/2020:03:10:52 +0600] "CONNECT www.douban.com:443 HTTP/1.0" 400 60795 "-" "-"
::1 - - [15/May/2020:03:10:54 +0600] "OPTIONS * HTTP/1.0" 200 126 "-" "Apache/2.4.41 (Ubuntu) mod_wsgi/4.6.8 Python/3.8 (internal dummy connection)"
223.105.4.245 - - [15/May/2020:03:10:54 +0600] "GET http://www.baidu.com/ HTTP/1.1" 400 61458 "-" "Opera/9.80 (Windows NT 6.0) Presto/2.12.388 Version/12.14"
223.105.4.245 - - [15/May/2020:03:10:54 +0600] "GET http://2018.ip138.com/ic.asp HTTP/1.1" 400 61560 "-" "Opera/9.80 (Windows NT 6.0) Presto/2.12.388 Version/12.14"
182.138.137.200 - - [15/May/2020:03:10:54 +0600] "HEAD http://123.125.114.144/ HTTP/1.1" 400 174 "-" "Mozilla/5.01732016 Mozilla/5.0 (Windows NT 6.1; Win64; x64; rv:55.0) Gecko/20100101 Firefox/55.0"
112.25.65.106 - - [15/May/2020:03:11:00 +0600] "GET http://www.ksbbs.com/thread-htm-fid-112-page-4.html HTTP/1.1" 400 64246 "http://www.ksbbs.com/thread-htm-fid-112.html" "Mozilla/5.0 (Windows NT 10.0; Win64; x64) AppleWebKit/537.36 (KHTML, like Gecko) Chrome/52.0.2743.116 Safari/537.36 Edge/15.15063"
112.25.65.106 - - [15/May/2020:03:11:03 +0600] "GET http://www.ksbbs.com/thread-htm-fid-505-page-4.html HTTP/1.1" 400 64200 "http://www.ksbbs.com/thread-htm-fid-505.html" "Mozilla/5.0 (Windows NT 10.0; Win64; x64) AppleWebKit/537.36 (KHTML, like Gecko) Chrome/70.0.3538.110 Safari/537.36"
223.105.4.245 - - [15/May/2020:03:11:17 +0600] "GET http://2018.ip138.com/ic.asp HTTP/1.1" 400 61559 "-" "Mozilla/5.0 (Windows; U; MSIE 7.0; Windows NT 6.0; en-US)"
223.105.4.245 - - [15/May/2020:03:11:17 +0600] "GET http://www.baidu.com/ HTTP/1.1" 400 61458 "-" "Mozilla/5.0 (Windows; U; MSIE 7.0; Windows NT 6.0; en-US)"
112.25.65.106 - - [15/May/2020:03:11:30 +0600] "GET http://news.66163.com/news/nd/ HTTP/1.1" 400 61653 "-" "python-requests/2.8.1"
223.105.4.244 - - [15/May/2020:03:11:33 +0600] "GET http://www.baidu.com/ HTTP/1.1" 400 61538 "-" "Opera/9.80 (Macintosh; Intel Mac OS X 10.6.8; U; de) Presto/2.9.168 Version/11.52"
223.105.4.244 - - [15/May/2020:03:11:33 +0600] "GET http://2018.ip138.com/ic.asp HTTP/1.1" 400 61640 "-" "Opera/9.80 (Macintosh; Intel Mac OS X 10.6.8; U; de) Presto/2.9.168 Version/11.52"
