223.105.4.244 - - [15/May/2020:01:53:36 +0600] "GET http://www.baidu.com/ HTTP/1.1" 400 61578 "-" "Mozilla/5.0 (X11; U; Linux i686; en-US; rv:1.8.1.12) Gecko/20080219 Firefox/2.0.0.12 Navigator/9.0.0.6"
223.105.4.244 - - [15/May/2020:01:53:37 +0600] "GET http://2018.ip138.com/ic.asp HTTP/1.1" 400 61680 "-" "Mozilla/5.0 (X11; U; Linux i686; en-US; rv:1.8.1.12) Gecko/20080219 Firefox/2.0.0.12 Navigator/9.0.0.6"
223.105.0.240 - - [15/May/2020:01:53:51 +0600] "GET http://news.chinaso.com/search?wd=%E6%B2%B9%E4%BB%B7%E5%B0%86%E8%BF%8E%E4%BA%8C%E8%BF%9E%E8%B7%8C&order=time&page=0&startTime=3h&endTime=now HTTP/1.1" 400 63693 "-" "Mozilla/5.0 (Windows NT 6.1; WOW64) AppleWebKit/537.36 (KHTML, like Gecko) Chrome/50.0.2661.102 Safari/537.36"
223.105.0.240 - - [15/May/2020:01:53:51 +0600] "GET http://news.baidu.com/ HTTP/1.1" 400 61627 "-" "Mozilla/5.0 (Windows NT 5.1; rv:36.0) Gecko/20100101 Firefox/36.0"
223.105.0.240 - - [15/May/2020:01:53:51 +0600] "GET http://search.tianya.cn/bbs?q=%E4%B8%A4%E4%BC%9A HTTP/1.1" 400 62223 "-" "Mozilla/5.0 (Windows; U; Windows NT 5.1; rv:1.7.3) Gecko/20041001 Firefox/0.10.1"
223.105.0.240 - - [15/May/2020:01:53:51 +0600] "GET http://search.sina.com.cn/?c=blog&q=%D6%D0%B9%FA%D2%C6%B6%AF&range=article&by=all&sort=time HTTP/1.1" 400 63301 "-" "Mozilla/5.0 (Windows NT 6.1; Win64; x64) AppleWebKit/537.36 (KHTML, like Gecko) Chrome/64.0.3282.186 Safari/537.36"
223.105.0.240 - - [15/May/2020:01:53:51 +0600] "GET http://www.baidu.com/s?tn=baidurt&rtt=4&pnw=1&pbl=0&pbs=0&bsst=1&rn=20&wd=%E7%9F%B3%E5%A2%A8%E7%83%AF HTTP/1.1" 400 63796 "-" "Mozilla/5.0 (Macintosh; U; Intel Mac OS X 10_5_4; de-de) AppleWebKit/525.18 (KHTML, like Gecko) Version/3.1.2 Safari/525.20.1"
223.105.0.240 - - [15/May/2020:01:53:51 +0600] "GET http://news.sogou.com/news?time=0&query=%CB%D5%D6%DD&mode=1&sort=1 HTTP/1.1" 400 62787 "-" "Mozilla/5.0 (Windows NT 10.0; WOW64; rv:43.0) Gecko/20100101 Firefox/43.0"
223.105.0.240 - - [15/May/2020:01:53:51 +0600] "CONNECT weixin.sogou.com:443 HTTP/1.0" 400 60843 "-" "-"
223.105.0.240 - - [15/May/2020:01:53:51 +0600] "CONNECT www.douban.com:443 HTTP/1.0" 400 60794 "-" "-"
223.105.0.240 - - [15/May/2020:01:53:51 +0600] "CONNECT www.toutiao.com:443 HTTP/1.0" 400 60810 "-" "-"
223.105.0.240 - - [15/May/2020:01:53:51 +0600] "CONNECT m.weibo.cn:443 HTTP/1.0" 400 60725 "-" "-"
::1 - - [15/May/2020:01:53:53 +0600] "OPTIONS * HTTP/1.0" 200 126 "-" "Apache/2.4.41 (Ubuntu) mod_wsgi/4.6.8 Python/3.8 (internal dummy connection)"
223.105.4.245 - - [15/May/2020:01:53:59 +0600] "GET http://www.baidu.com/ HTTP/1.1" 400 61537 "-" "Opera/9.80 (Macintosh; Intel Mac OS X 10.6.8; U; de) Presto/2.9.168 Version/11.52"
223.105.4.244 - - [15/May/2020:01:53:59 +0600] "GET http://2018.ip138.com/ic.asp HTTP/1.1" 400 61712 "-" "Mozilla/5.0 (Macintosh; Intel Mac OS X 10_8_2) AppleWebKit/537.17 (KHTML, like Gecko) Chrome/24.0.1309.0 Safari/537.17"
223.105.4.244 - - [15/May/2020:01:53:59 +0600] "GET http://www.baidu.com/ HTTP/1.1" 400 61611 "-" "Mozilla/5.0 (Macintosh; Intel Mac OS X 10_8_2) AppleWebKit/537.17 (KHTML, like Gecko) Chrome/24.0.1309.0 Safari/537.17"
223.105.4.245 - - [15/May/2020:01:54:00 +0600] "GET http://2018.ip138.com/ic.asp HTTP/1.1" 400 61638 "-" "Opera/9.80 (Macintosh; Intel Mac OS X 10.6.8; U; de) Presto/2.9.168 Version/11.52"
223.105.4.245 - - [15/May/2020:01:54:26 +0600] "GET http://www.baidu.com/ HTTP/1.1" 400 61534 "-" "Mozilla/5.0 (Windows NT 6.2; WOW64; rv:15.0) Gecko/20120910144328 Firefox/15.0.2"
223.105.4.245 - - [15/May/2020:01:54:26 +0600] "GET http://2018.ip138.com/ic.asp HTTP/1.1" 400 61637 "-" "Mozilla/5.0 (Windows NT 6.2; WOW64; rv:15.0) Gecko/20120910144328 Firefox/15.0.2"
223.105.4.244 - - [15/May/2020:01:54:39 +0600] "GET http://www.baidu.com/ HTTP/1.1" 400 61578 "-" "Mozilla/5.0 (X11; U; Linux i686; en-US; rv:1.8.1.12) Gecko/20080219 Firefox/2.0.0.12 Navigator/9.0.0.6"
223.105.4.244 - - [15/May/2020:01:54:39 +0600] "GET http://2018.ip138.com/ic.asp HTTP/1.1" 400 61681 "-" "Mozilla/5.0 (X11; U; Linux i686; en-US; rv:1.8.1.12) Gecko/20080219 Firefox/2.0.0.12 Navigator/9.0.0.6"
223.105.4.245 - - [15/May/2020:01:54:51 +0600] "GET http://2018.ip138.com/ic.asp HTTP/1.1" 400 61645 "-" "Mozilla/5.0 (Macintosh; U; Intel Mac OS X 10.6; en-US; rv:1.9.2.13; ) Gecko/20101203"
223.105.4.245 - - [15/May/2020:01:54:51 +0600] "GET http://www.baidu.com/ HTTP/1.1" 400 61542 "-" "Mozilla/5.0 (Macintosh; U; Intel Mac OS X 10.6; en-US; rv:1.9.2.13; ) Gecko/20101203"
223.105.4.244 - - [15/May/2020:01:55:30 +0600] "GET http://2018.ip138.com/ic.asp HTTP/1.1" 400 61596 "-" "Mozilla/5.0 (X11; Ubuntu; Linux i686; rv:15.0) Gecko/20100101 Firefox/15.0.1"
223.105.4.244 - - [15/May/2020:01:55:30 +0600] "GET http://www.baidu.com/ HTTP/1.1" 400 61494 "-" "Mozilla/5.0 (X11; Ubuntu; Linux i686; rv:15.0) Gecko/20100101 Firefox/15.0.1"
223.105.0.240 - - [15/May/2020:01:55:41 +0600] "GET http://news.baidu.com/ HTTP/1.1" 400 61648 "-" "Mozilla/5.0 (Windows NT 6.3; WOW64; rv:63.0) Gecko/20100101 Firefox/63.0"
223.105.0.240 - - [15/May/2020:01:55:41 +0600] "GET http://news.chinaso.com/search?wd=%E6%B2%B9%E4%BB%B7%E5%B0%86%E8%BF%8E%E4%BA%8C%E8%BF%9E%E8%B7%8C&order=time&page=0&startTime=3h&endTime=now HTTP/1.1" 400 63578 "-" "Mozilla/5.0 (Windows NT 5.1; rv:7.0.1) Gecko/20100101 Firefox/7.0.1"
223.105.0.240 - - [15/May/2020:01:55:41 +0600] "GET http://search.tianya.cn/bbs?q=%E4%B8%A4%E4%BC%9A HTTP/1.1" 400 62290 "-" "Mozilla/5.0 (Macintosh; Intel Mac OS X 10_10) AppleWebKit/600.1.25 (KHTML, like Gecko) Version/8.0 Safari/600.1.25"
223.105.0.240 - - [15/May/2020:01:55:41 +0600] "GET http://www.baidu.com/s?tn=baidurt&rtt=4&pnw=1&pbl=0&pbs=0&bsst=1&rn=20&wd=%E7%9F%B3%E5%A2%A8%E7%83%AF HTTP/1.1" 400 63775 "-" "Mozilla/5.0 (Windows NT 6.2; Win64; x64) AppleWebKit/537.36 (KHTML, like Gecko) Chrome/57.0.2987.133 Safari/537.36"
223.105.0.240 - - [15/May/2020:01:55:41 +0600] "GET http://search.sina.com.cn/?c=blog&q=%D6%D0%B9%FA%D2%C6%B6%AF&range=article&by=all&sort=time HTTP/1.1" 400 63194 "-" "Mozilla/5.0 (Windows NT 6.1; Win64; x64; rv:60.0) Gecko/20100101 Firefox/60.0"
223.105.0.240 - - [15/May/2020:01:55:41 +0600] "CONNECT www.toutiao.com:443 HTTP/1.0" 400 60811 "-" "-"
223.105.0.240 - - [15/May/2020:01:55:41 +0600] "CONNECT weixin.sogou.com:443 HTTP/1.0" 400 60843 "-" "-"
223.105.0.240 - - [15/May/2020:01:55:41 +0600] "GET http://news.sogou.com/news?time=0&query=%CB%D5%D6%DD&mode=1&sort=1 HTTP/1.1" 400 62788 "-" "Mozilla/5.0 (Windows NT 10.0; WOW64; rv:54.0) Gecko/20100101 Firefox/54.0"
223.105.0.240 - - [15/May/2020:01:55:41 +0600] "CONNECT m.weibo.cn:443 HTTP/1.0" 400 60726 "-" "-"
223.105.0.240 - - [15/May/2020:01:55:41 +0600] "CONNECT www.douban.com:443 HTTP/1.0" 400 60794 "-" "-"
::1 - - [15/May/2020:01:55:43 +0600] "OPTIONS * HTTP/1.0" 200 126 "-" "Apache/2.4.41 (Ubuntu) mod_wsgi/4.6.8 Python/3.8 (internal dummy connection)"
223.105.4.244 - - [15/May/2020:01:55:56 +0600] "GET http://2018.ip138.com/ic.asp HTTP/1.1" 400 61636 "-" "Mozilla/5.0 (Windows NT 6.2; WOW64; rv:15.0) Gecko/20120910144328 Firefox/15.0.2"
223.105.4.244 - - [15/May/2020:01:55:56 +0600] "GET http://www.baidu.com/ HTTP/1.1" 400 61535 "-" "Mozilla/5.0 (Windows NT 6.2; WOW64; rv:15.0) Gecko/20120910144328 Firefox/15.0.2"
223.105.4.244 - - [15/May/2020:01:56:13 +0600] "GET http://2018.ip138.com/ic.asp HTTP/1.1" 400 61597 "-" "Mozilla/6.0 (Windows NT 6.2; WOW64; rv:16.0.1) Gecko/20121011 Firefox/16.0.1"
223.105.4.244 - - [15/May/2020:01:56:13 +0600] "GET http://www.baidu.com/ HTTP/1.1" 400 61495 "-" "Mozilla/6.0 (Windows NT 6.2; WOW64; rv:16.0.1) Gecko/20121011 Firefox/16.0.1"
223.105.4.244 - - [15/May/2020:01:56:23 +0600] "GET http://www.baidu.com/ HTTP/1.1" 400 61476 "-" "Mozilla/5.0 (X11; U; Linux i686; en-US; rv:1.9a3pre) Gecko/20070330"
223.105.4.244 - - [15/May/2020:01:56:23 +0600] "GET http://2018.ip138.com/ic.asp HTTP/1.1" 400 61579 "-" "Mozilla/5.0 (X11; U; Linux i686; en-US; rv:1.9a3pre) Gecko/20070330"
223.105.4.245 - - [15/May/2020:01:56:25 +0600] "GET http://www.baidu.com/ HTTP/1.1" 400 61457 "-" "Opera/9.80 (Windows NT 6.0) Presto/2.12.388 Version/12.14"
223.105.4.245 - - [15/May/2020:01:56:25 +0600] "GET http://2018.ip138.com/ic.asp HTTP/1.1" 400 61559 "-" "Opera/9.80 (Windows NT 6.0) Presto/2.12.388 Version/12.14"
112.25.65.104 - - [15/May/2020:01:56:50 +0600] "GET http://www.ksbbs.com/thread-htm-fid-1186-page-2.html HTTP/1.1" 400 65057 "http://www.ksbbs.com/thread-htm-fid-1186.html" "Mozilla/5.0 (Windows NT 10.0; WOW64; Trident/7.0; rv:11.0) like Gecko"
223.105.4.245 - - [15/May/2020:01:56:51 +0600] "GET http://www.baidu.com/ HTTP/1.1" 400 61456 "-" "Mozilla/5.0 (Windows; U; MSIE 7.0; Windows NT 6.0; en-US)"
223.105.4.245 - - [15/May/2020:01:56:51 +0600] "GET http://2018.ip138.com/ic.asp HTTP/1.1" 400 61559 "-" "Mozilla/5.0 (Windows; U; MSIE 7.0; Windows NT 6.0; en-US)"
223.105.4.244 - - [15/May/2020:01:57:31 +0600] "GET http://2018.ip138.com/ic.asp HTTP/1.1" 400 61559 "-" "Mozilla/5.0 (Windows; U; MSIE 7.0; Windows NT 6.0; en-US)"
223.105.4.244 - - [15/May/2020:01:57:31 +0600] "GET http://www.baidu.com/ HTTP/1.1" 400 61457 "-" "Mozilla/5.0 (Windows; U; MSIE 7.0; Windows NT 6.0; en-US)"
223.105.4.245 - - [15/May/2020:01:57:55 +0600] "GET http://www.baidu.com/ HTTP/1.1" 400 61590 "-" "Mozilla/5.0 (Windows NT 6.1; WOW64) AppleWebKit/537.17 (KHTML, like Gecko) Chrome/24.0.1312.60 Safari/537.17"
223.105.4.245 - - [15/May/2020:01:57:56 +0600] "GET http://2018.ip138.com/ic.asp HTTP/1.1" 400 61693 "-" "Mozilla/5.0 (Windows NT 6.1; WOW64) AppleWebKit/537.17 (KHTML, like Gecko) Chrome/24.0.1312.60 Safari/537.17"
223.105.4.245 - - [15/May/2020:01:58:08 +0600] "GET http://2018.ip138.com/ic.asp HTTP/1.1" 400 61708 "-" "Mozilla/5.0 (Macintosh; U; PPC Mac OS X Mach-O; en-US; rv:1.8.1.7pre) Gecko/20070815 Firefox/2.0.0.6 Navigator/9.0b3"
223.105.4.245 - - [15/May/2020:01:58:09 +0600] "GET http://www.baidu.com/ HTTP/1.1" 400 61607 "-" "Mozilla/5.0 (Macintosh; U; PPC Mac OS X Mach-O; en-US; rv:1.8.1.7pre) Gecko/20070815 Firefox/2.0.0.6 Navigator/9.0b3"
223.105.4.244 - - [15/May/2020:01:58:09 +0600] "GET http://www.baidu.com/ HTTP/1.1" 400 61469 "-" "Mozilla/5.0 (Windows; U; Windows NT 6.1; rv:2.2) Gecko/20110201"
223.105.4.244 - - [15/May/2020:01:58:09 +0600] "GET http://2018.ip138.com/ic.asp HTTP/1.1" 400 61570 "-" "Mozilla/5.0 (Windows; U; Windows NT 6.1; rv:2.2) Gecko/20110201"
112.25.65.105 - - [15/May/2020:01:58:11 +0600] "CONNECT mp.weixin.qq.com:443 HTTP/1.1" 400 61080 "-" "-"
112.25.65.103 - - [15/May/2020:01:58:36 +0600] "CONNECT app.thepaper.cn:443 HTTP/1.1" 400 61045 "-" "-"
112.25.65.105 - - [15/May/2020:01:58:39 +0600] "CONNECT mp.weixin.qq.com:443 HTTP/1.1" 400 61080 "-" "-"
112.25.65.105 - - [15/May/2020:01:58:49 +0600] "CONNECT mp.weixin.qq.com:443 HTTP/1.1" 400 61080 "-" "-"
223.105.4.244 - - [15/May/2020:01:58:49 +0600] "GET http://2018.ip138.com/ic.asp HTTP/1.1" 400 61778 "-" "Mozilla/4.0 (compatible; MSIE 8.0; Windows NT 6.2; Trident/4.0; SLCC2; .NET CLR 2.0.50727; .NET CLR 3.5.30729; .NET CLR 3.0.30729; Media Center PC 6.0)"
223.105.4.245 - - [15/May/2020:01:58:49 +0600] "GET http://2018.ip138.com/ic.asp HTTP/1.1" 400 61708 "-" "Mozilla/5.0 (Macintosh; U; PPC Mac OS X Mach-O; en-US; rv:1.8.1.7pre) Gecko/20070815 Firefox/2.0.0.6 Navigator/9.0b3"
112.25.65.106 - - [15/May/2020:01:58:49 +0600] "GET http://ggzy.xzsp.tj.gov.cn/queryContent_1-jyxx.jspx?title=&inDates=&ext=&ext1=&origin=&channelId=261&beginTime=&endTime= HTTP/1.1" 400 64331 "-" "Mozilla/5.0 (Windows NT 6.1; WOW64) AppleWebKit/537.36 (KHTML, like Gecko) Chrome/69.0.3497.100 Safari/537.36"
223.105.4.244 - - [15/May/2020:01:58:49 +0600] "GET http://www.baidu.com/ HTTP/1.1" 400 61677 "-" "Mozilla/4.0 (compatible; MSIE 8.0; Windows NT 6.2; Trident/4.0; SLCC2; .NET CLR 2.0.50727; .NET CLR 3.5.30729; .NET CLR 3.0.30729; Media Center PC 6.0)"
223.105.4.245 - - [15/May/2020:01:58:49 +0600] "GET http://www.baidu.com/ HTTP/1.1" 400 61606 "-" "Mozilla/5.0 (Macintosh; U; PPC Mac OS X Mach-O; en-US; rv:1.8.1.7pre) Gecko/20070815 Firefox/2.0.0.6 Navigator/9.0b3"
112.25.65.103 - - [15/May/2020:01:59:01 +0600] "CONNECT app.thepaper.cn:443 HTTP/1.1" 400 61045 "-" "-"
223.105.4.245 - - [15/May/2020:01:59:10 +0600] "GET http://www.baidu.com/ HTTP/1.1" 400 61610 "-" "Mozilla/5.0 (Macintosh; Intel Mac OS X 10_8_2) AppleWebKit/537.17 (KHTML, like Gecko) Chrome/24.0.1309.0 Safari/537.17"
223.105.4.245 - - [15/May/2020:01:59:10 +0600] "GET http://2018.ip138.com/ic.asp HTTP/1.1" 400 61712 "-" "Mozilla/5.0 (Macintosh; Intel Mac OS X 10_8_2) AppleWebKit/537.17 (KHTML, like Gecko) Chrome/24.0.1309.0 Safari/537.17"
112.25.65.103 - - [15/May/2020:01:59:16 +0600] "CONNECT app.thepaper.cn:443 HTTP/1.1" 400 61046 "-" "-"
223.105.4.244 - - [15/May/2020:01:59:19 +0600] "GET http://www.baidu.com/ HTTP/1.1" 400 61535 "-" "Mozilla/5.0 (Windows NT 6.2; WOW64; rv:15.0) Gecko/20120910144328 Firefox/15.0.2"
223.105.4.244 - - [15/May/2020:01:59:19 +0600] "GET http://2018.ip138.com/ic.asp HTTP/1.1" 400 61636 "-" "Mozilla/5.0 (Windows NT 6.2; WOW64; rv:15.0) Gecko/20120910144328 Firefox/15.0.2"
112.25.65.103 - - [15/May/2020:01:59:19 +0600] "GET http://www.yanjinews.com/index.php?m=content&c=index&a=lists&catid=10 HTTP/1.1" 400 62778 "-" "python-requests/2.8.1"
112.25.65.104 - - [15/May/2020:01:59:22 +0600] "GET http://www.pjszyw.com/kejiaopuji/list_8_1.html HTTP/1.1" 400 61875 "-" "python-requests/2.8.1"
223.105.0.240 - - [15/May/2020:01:59:29 +0600] "GET http://news.chinaso.com/search?wd=%E6%B2%B9%E4%BB%B7%E5%B0%86%E8%BF%8E%E4%BA%8C%E8%BF%9E%E8%B7%8C&order=time&page=0&startTime=3h&endTime=now HTTP/1.1" 400 63639 "-" "Mozilla/5.0 (Macintosh; Intel Mac OS X 10.11; rv:51.0) Gecko/20100101 Firefox/51.0"
223.105.0.240 - - [15/May/2020:01:59:29 +0600] "GET http://news.baidu.com/ HTTP/1.1" 400 61749 "-" "Mozilla/5.0 (Windows NT 10.0; WOW64) AppleWebKit/537.36 (KHTML, like Gecko) Chrome/57.0.2987.133 Safari/537.36"
223.105.0.240 - - [15/May/2020:01:59:29 +0600] "GET http://www.baidu.com/s?tn=baidurt&rtt=4&pnw=1&pbl=0&pbs=0&bsst=1&rn=20&wd=%E7%9F%B3%E5%A2%A8%E7%83%AF HTTP/1.1" 400 63645 "-" "Mozilla/5.0 (Windows NT 6.1; rv:58.0) Gecko/20100101 Firefox/58.0"
223.105.0.240 - - [15/May/2020:01:59:29 +0600] "GET http://search.tianya.cn/bbs?q=%E4%B8%A4%E4%BC%9A HTTP/1.1" 400 62175 "-" "Mozilla/5.0 (Windows NT 6.1; WOW64; rv:39.0) Gecko/20100101 Firefox/39.0"
223.105.0.240 - - [15/May/2020:01:59:29 +0600] "CONNECT www.toutiao.com:443 HTTP/1.0" 400 60810 "-" "-"
223.105.0.240 - - [15/May/2020:01:59:30 +0600] "CONNECT weixin.sogou.com:443 HTTP/1.0" 400 60844 "-" "-"
223.105.0.240 - - [15/May/2020:01:59:30 +0600] "GET http://search.sina.com.cn/?c=blog&q=%D6%D0%B9%FA%D2%C6%B6%AF&range=article&by=all&sort=time HTTP/1.1" 400 63184 "-" "Mozilla/5.0 (Windows NT 6.1; WOW64; rv:31.0) Gecko/20100101 Firefox/31.0"
223.105.0.240 - - [15/May/2020:01:59:30 +0600] "CONNECT m.weibo.cn:443 HTTP/1.0" 400 60725 "-" "-"
223.105.0.240 - - [15/May/2020:01:59:30 +0600] "GET http://news.sogou.com/news?time=0&query=%CB%D5%D6%DD&mode=1&sort=1 HTTP/1.1" 400 62786 "-" "Mozilla/5.0 (Windows NT 6.1; WOW64; rv:36.0) Gecko/20100101 Firefox/36.0"
223.105.0.240 - - [15/May/2020:01:59:30 +0600] "CONNECT www.douban.com:443 HTTP/1.0" 400 60793 "-" "-"
::1 - - [15/May/2020:01:59:32 +0600] "OPTIONS * HTTP/1.0" 200 126 "-" "Apache/2.4.41 (Ubuntu) mod_wsgi/4.6.8 Python/3.8 (internal dummy connection)"
223.105.4.244 - - [15/May/2020:01:59:32 +0600] "GET http://2018.ip138.com/ic.asp HTTP/1.1" 400 61594 "-" "Mozilla/5.0 (Windows; U; MSIE 6.0; Windows NT 5.1; SV1; .NET CLR 2.0.50727)"
223.105.4.244 - - [15/May/2020:01:59:32 +0600] "GET http://www.baidu.com/ HTTP/1.1" 400 61492 "-" "Mozilla/5.0 (Windows; U; MSIE 6.0; Windows NT 5.1; SV1; .NET CLR 2.0.50727)"
112.25.65.106 - - [15/May/2020:01:59:37 +0600] "GET http://digi.hsw.cn/yjdt/ HTTP/1.1" 400 61556 "-" "python-requests/2.8.1"
223.105.4.244 - - [15/May/2020:01:59:44 +0600] "GET http://www.baidu.com/ HTTP/1.1" 400 61591 "-" "Mozilla/5.0 (Windows NT 6.1; WOW64) AppleWebKit/537.17 (KHTML, like Gecko) Chrome/24.0.1312.60 Safari/537.17"
223.105.4.244 - - [15/May/2020:01:59:44 +0600] "GET http://2018.ip138.com/ic.asp HTTP/1.1" 400 61692 "-" "Mozilla/5.0 (Windows NT 6.1; WOW64) AppleWebKit/537.17 (KHTML, like Gecko) Chrome/24.0.1312.60 Safari/537.17"
223.105.4.244 - - [15/May/2020:02:00:07 +0600] "GET http://2018.ip138.com/ic.asp HTTP/1.1" 400 61596 "-" "Mozilla/5.0 (X11; Ubuntu; Linux i686; rv:15.0) Gecko/20100101 Firefox/15.0.1"
223.105.4.244 - - [15/May/2020:02:00:07 +0600] "GET http://www.baidu.com/ HTTP/1.1" 400 61494 "-" "Mozilla/5.0 (X11; Ubuntu; Linux i686; rv:15.0) Gecko/20100101 Firefox/15.0.1"
223.105.4.245 - - [15/May/2020:02:00:25 +0600] "GET http://2018.ip138.com/ic.asp HTTP/1.1" 400 61597 "-" "Mozilla/5.0 (X11; Ubuntu; Linux i686; rv:15.0) Gecko/20100101 Firefox/15.0.1"
223.105.4.245 - - [15/May/2020:02:00:25 +0600] "GET http://www.baidu.com/ HTTP/1.1" 400 61494 "-" "Mozilla/5.0 (X11; Ubuntu; Linux i686; rv:15.0) Gecko/20100101 Firefox/15.0.1"
223.105.4.244 - - [15/May/2020:02:00:39 +0600] "GET http://2018.ip138.com/ic.asp HTTP/1.1" 400 61708 "-" "Mozilla/5.0 (Macintosh; U; PPC Mac OS X Mach-O; en-US; rv:1.8.1.7pre) Gecko/20070815 Firefox/2.0.0.6 Navigator/9.0b3"
223.105.4.244 - - [15/May/2020:02:00:39 +0600] "GET http://www.baidu.com/ HTTP/1.1" 400 61606 "-" "Mozilla/5.0 (Macintosh; U; PPC Mac OS X Mach-O; en-US; rv:1.8.1.7pre) Gecko/20070815 Firefox/2.0.0.6 Navigator/9.0b3"
112.25.65.104 - - [15/May/2020:02:01:25 +0600] "GET http://www.dyq.gov.cn/module/xxgk/search.jsp?divid=div9634&infotypeId=DQ06&jdid=270&area= HTTP/1.1" 400 62981 "-" "python-requests/2.8.1"
112.25.65.104 - - [15/May/2020:02:01:30 +0600] "GET http://www.dyq.gov.cn/module/xxgk/search.jsp?divid=div9634&infotypeId=DQ06&jdid=270&area= HTTP/1.1" 400 63148 "-" "Mozilla/5.0 (Windows NT 6.1; Win64; x64; rv:57.0) Gecko/20100101 Firefox/57.0"
223.105.4.245 - - [15/May/2020:02:01:31 +0600] "GET http://2018.ip138.com/ic.asp HTTP/1.1" 400 61649 "-" "Mozilla/5.0 (Windows; U; Win 9x 4.90; SG; rv:1.9.2.4) Gecko/20101104 Netscape/9.1.0285"
223.105.4.245 - - [15/May/2020:02:01:31 +0600] "GET http://www.baidu.com/ HTTP/1.1" 400 61546 "-" "Mozilla/5.0 (Windows; U; Win 9x 4.90; SG; rv:1.9.2.4) Gecko/20101104 Netscape/9.1.0285"
223.105.4.244 - - [15/May/2020:02:01:43 +0600] "GET http://www.baidu.com/ HTTP/1.1" 400 61492 "-" "Mozilla/5.0 (Windows; U; MSIE 6.0; Windows NT 5.1; SV1; .NET CLR 2.0.50727)"
223.105.4.244 - - [15/May/2020:02:01:43 +0600] "GET http://2018.ip138.com/ic.asp HTTP/1.1" 400 61594 "-" "Mozilla/5.0 (Windows; U; MSIE 6.0; Windows NT 5.1; SV1; .NET CLR 2.0.50727)"
112.25.65.103 - - [15/May/2020:02:01:47 +0600] "GET http://www.ksbbs.com/thread-htm-fid-1036-page-2.html HTTP/1.1" 400 65192 "http://www.ksbbs.com/thread-htm-fid-1036.html" "Mozilla/5.0 (Windows NT 10.0; Win64; x64) AppleWebKit/537.36 (KHTML, like Gecko) Chrome/60.0.3112.90 Safari/537.36"
223.105.4.244 - - [15/May/2020:02:01:57 +0600] "GET http://www.baidu.com/ HTTP/1.1" 400 61676 "-" "Mozilla/4.0 (compatible; MSIE 8.0; Windows NT 6.2; Trident/4.0; SLCC2; .NET CLR 2.0.50727; .NET CLR 3.5.30729; .NET CLR 3.0.30729; Media Center PC 6.0)"
223.105.4.244 - - [15/May/2020:02:01:57 +0600] "GET http://2018.ip138.com/ic.asp HTTP/1.1" 400 61779 "-" "Mozilla/4.0 (compatible; MSIE 8.0; Windows NT 6.2; Trident/4.0; SLCC2; .NET CLR 2.0.50727; .NET CLR 3.5.30729; .NET CLR 3.0.30729; Media Center PC 6.0)"
223.105.4.245 - - [15/May/2020:02:02:04 +0600] "GET http://2018.ip138.com/ic.asp HTTP/1.1" 400 61712 "-" "Mozilla/5.0 (Macintosh; Intel Mac OS X 10_8_2) AppleWebKit/537.17 (KHTML, like Gecko) Chrome/24.0.1309.0 Safari/537.17"
223.105.4.245 - - [15/May/2020:02:02:04 +0600] "GET http://www.baidu.com/ HTTP/1.1" 400 61611 "-" "Mozilla/5.0 (Macintosh; Intel Mac OS X 10_8_2) AppleWebKit/537.17 (KHTML, like Gecko) Chrome/24.0.1309.0 Safari/537.17"
223.105.4.244 - - [15/May/2020:02:02:15 +0600] "GET http://www.baidu.com/ HTTP/1.1" 400 61543 "-" "Mozilla/5.0 (Macintosh; U; Intel Mac OS X 10.6; en-US; rv:1.9.2.13; ) Gecko/20101203"
223.105.4.244 - - [15/May/2020:02:02:15 +0600] "GET http://2018.ip138.com/ic.asp HTTP/1.1" 400 61644 "-" "Mozilla/5.0 (Macintosh; U; Intel Mac OS X 10.6; en-US; rv:1.9.2.13; ) Gecko/20101203"
223.105.4.245 - - [15/May/2020:02:02:25 +0600] "GET http://www.baidu.com/ HTTP/1.1" 400 61542 "-" "Mozilla/5.0 (Macintosh; U; Intel Mac OS X 10.6; en-US; rv:1.9.2.13; ) Gecko/20101203"
223.105.4.245 - - [15/May/2020:02:02:25 +0600] "GET http://2018.ip138.com/ic.asp HTTP/1.1" 400 61644 "-" "Mozilla/5.0 (Macintosh; U; Intel Mac OS X 10.6; en-US; rv:1.9.2.13; ) Gecko/20101203"
223.105.4.244 - - [15/May/2020:02:02:31 +0600] "GET http://2018.ip138.com/ic.asp HTTP/1.1" 400 61570 "-" "Mozilla/5.0 (Windows; U; Windows NT 6.1; rv:2.2) Gecko/20110201"
223.105.4.244 - - [15/May/2020:02:02:31 +0600] "GET http://www.baidu.com/ HTTP/1.1" 400 61469 "-" "Mozilla/5.0 (Windows; U; Windows NT 6.1; rv:2.2) Gecko/20110201"
223.105.4.244 - - [15/May/2020:02:02:44 +0600] "GET http://www.baidu.com/ HTTP/1.1" 400 61536 "-" "Opera/9.80 (Macintosh; Intel Mac OS X 10.6.8; U; de) Presto/2.9.168 Version/11.52"
223.105.4.244 - - [15/May/2020:02:02:44 +0600] "GET http://2018.ip138.com/ic.asp HTTP/1.1" 400 61639 "-" "Opera/9.80 (Macintosh; Intel Mac OS X 10.6.8; U; de) Presto/2.9.168 Version/11.52"
223.105.4.245 - - [15/May/2020:02:02:50 +0600] "GET http://www.baidu.com/ HTTP/1.1" 400 61474 "-" "Opera/9.80 (X11; Linux x86_64; U; fr) Presto/2.9.168 Version/11.50"
112.25.65.107 - - [15/May/2020:02:02:50 +0600] "GET http://www.fynews.com.cn/fycj HTTP/1.1" 400 61666 "-" "python-requests/2.8.1"
223.105.4.245 - - [15/May/2020:02:02:51 +0600] "GET http://2018.ip138.com/ic.asp HTTP/1.1" 400 61576 "-" "Opera/9.80 (X11; Linux x86_64; U; fr) Presto/2.9.168 Version/11.50"
223.105.4.244 - - [15/May/2020:02:02:54 +0600] "GET http://www.baidu.com/ HTTP/1.1" 400 61492 "-" "Mozilla/5.0 (Windows; U; MSIE 6.0; Windows NT 5.1; SV1; .NET CLR 2.0.50727)"
223.105.4.244 - - [15/May/2020:02:02:54 +0600] "GET http://2018.ip138.com/ic.asp HTTP/1.1" 400 61595 "-" "Mozilla/5.0 (Windows; U; MSIE 6.0; Windows NT 5.1; SV1; .NET CLR 2.0.50727)"
223.105.4.244 - - [15/May/2020:02:03:04 +0600] "GET http://www.baidu.com/ HTTP/1.1" 400 61535 "-" "Mozilla/5.0 (Windows NT 6.2; WOW64; rv:15.0) Gecko/20120910144328 Firefox/15.0.2"
223.105.4.244 - - [15/May/2020:02:03:04 +0600] "GET http://2018.ip138.com/ic.asp HTTP/1.1" 400 61636 "-" "Mozilla/5.0 (Windows NT 6.2; WOW64; rv:15.0) Gecko/20120910144328 Firefox/15.0.2"
112.25.65.103 - - [15/May/2020:02:03:10 +0600] "GET http://inews.nmgnews.com.cn/zt/2020nmglh/rmxkd/ HTTP/1.1" 400 61929 "-" "python-requests/2.8.1"
223.105.0.240 - - [15/May/2020:02:03:20 +0600] "GET http://www.baidu.com/s?tn=baidurt&rtt=4&pnw=1&pbl=0&pbs=0&bsst=1&rn=20&wd=%E7%9F%B3%E5%A2%A8%E7%83%AF HTTP/1.1" 400 63710 "-" "Mozilla/5.0 (Macintosh; Intel Mac OS X 10.11; rv:45.0) Gecko/20100101 Firefox/45.0"
223.105.0.240 - - [15/May/2020:02:03:20 +0600] "GET http://search.sina.com.cn/?c=blog&q=%D6%D0%B9%FA%D2%C6%B6%AF&range=article&by=all&sort=time HTTP/1.1" 400 63290 "-" "Mozilla/5.0 (Windows NT 10.0; WOW64) AppleWebKit/537.36 (KHTML, like Gecko) Chrome/56.0.2924.87 Safari/537.36"
223.105.0.240 - - [15/May/2020:02:03:20 +0600] "GET http://news.chinaso.com/search?wd=%E6%B2%B9%E4%BB%B7%E5%B0%86%E8%BF%8E%E4%BA%8C%E8%BF%9E%E8%B7%8C&order=time&page=0&startTime=3h&endTime=now HTTP/1.1" 400 63587 "-" "Mozilla/5.0 (Windows NT 6.3; WOW64; rv:39.0) Gecko/20100101 Firefox/39.0"
223.105.0.240 - - [15/May/2020:02:03:20 +0600] "GET http://news.baidu.com/ HTTP/1.1" 400 61764 "-" "Mozilla/5.0 (Macintosh; Intel Mac OS X 10_10_5) AppleWebKit/603.1.30 (KHTML, like Gecko) Version/10.1 Safari/603.1.30"
223.105.0.240 - - [15/May/2020:02:03:20 +0600] "GET http://search.tianya.cn/bbs?q=%E4%B8%A4%E4%BC%9A HTTP/1.1" 400 62296 "-" "Mozilla/5.0 (Macintosh; Intel Mac OS X 10_10_5) AppleWebKit/603.2.5 (KHTML, like Gecko) Version/10.1.1 Safari/603.2.5"
223.105.0.240 - - [15/May/2020:02:03:20 +0600] "GET http://news.sogou.com/news?time=0&query=%CB%D5%D6%DD&mode=1&sort=1 HTTP/1.1" 400 62908 "-" "Mozilla/5.0 (Macintosh; Intel Mac OS X 10_7_5) AppleWebKit/537.78.2 (KHTML, like Gecko) Version/6.1.6 Safari/537.78.2"
223.105.0.240 - - [15/May/2020:02:03:20 +0600] "CONNECT weixin.sogou.com:443 HTTP/1.0" 400 60844 "-" "-"
223.105.0.240 - - [15/May/2020:02:03:20 +0600] "CONNECT www.douban.com:443 HTTP/1.0" 400 60794 "-" "-"
223.105.0.240 - - [15/May/2020:02:03:20 +0600] "CONNECT www.toutiao.com:443 HTTP/1.0" 400 60810 "-" "-"
223.105.0.240 - - [15/May/2020:02:03:20 +0600] "CONNECT m.weibo.cn:443 HTTP/1.0" 400 60726 "-" "-"
112.25.65.107 - - [15/May/2020:02:03:22 +0600] "GET http://www.fynews.com.cn/xzdt HTTP/1.1" 400 61665 "-" "python-requests/2.8.1"
::1 - - [15/May/2020:02:03:23 +0600] "OPTIONS * HTTP/1.0" 200 126 "-" "Apache/2.4.41 (Ubuntu) mod_wsgi/4.6.8 Python/3.8 (internal dummy connection)"
223.105.4.244 - - [15/May/2020:02:03:30 +0600] "GET http://www.baidu.com/ HTTP/1.1" 400 61578 "-" "Mozilla/5.0 (X11; Linux i686) AppleWebKit/537.31 (KHTML, like Gecko) Chrome/26.0.1410.43 Safari/537.31"
223.105.4.244 - - [15/May/2020:02:03:30 +0600] "GET http://2018.ip138.com/ic.asp HTTP/1.1" 400 61681 "-" "Mozilla/5.0 (X11; Linux i686) AppleWebKit/537.31 (KHTML, like Gecko) Chrome/26.0.1410.43 Safari/537.31"
223.105.4.245 - - [15/May/2020:02:03:45 +0600] "GET http://www.baidu.com/ HTTP/1.1" 400 61578 "-" "Mozilla/5.0 (X11; Linux i686) AppleWebKit/537.31 (KHTML, like Gecko) Chrome/26.0.1410.43 Safari/537.31"
223.105.4.245 - - [15/May/2020:02:03:45 +0600] "GET http://2018.ip138.com/ic.asp HTTP/1.1" 400 61681 "-" "Mozilla/5.0 (X11; Linux i686) AppleWebKit/537.31 (KHTML, like Gecko) Chrome/26.0.1410.43 Safari/537.31"
112.25.65.107 - - [15/May/2020:02:03:51 +0600] "GET http://www.fynews.com.cn/xzdt HTTP/1.1" 400 61825 "-" "Mozilla/5.0 (Windows NT 10.0; WOW64; rv:54.0) Gecko/20100101 Firefox/54.0"
223.105.4.244 - - [15/May/2020:02:03:57 +0600] "GET http://www.baidu.com/ HTTP/1.1" 400 61457 "-" "Opera/9.80 (Windows NT 6.0) Presto/2.12.388 Version/12.14"
223.105.4.244 - - [15/May/2020:02:03:57 +0600] "GET http://2018.ip138.com/ic.asp HTTP/1.1" 400 61558 "-" "Opera/9.80 (Windows NT 6.0) Presto/2.12.388 Version/12.14"
223.105.4.245 - - [15/May/2020:02:04:03 +0600] "GET http://2018.ip138.com/ic.asp HTTP/1.1" 400 61570 "-" "Mozilla/5.0 (Windows; U; Windows NT 6.1; rv:2.2) Gecko/20110201"
223.105.4.245 - - [15/May/2020:02:04:03 +0600] "GET http://www.baidu.com/ HTTP/1.1" 400 61468 "-" "Mozilla/5.0 (Windows; U; Windows NT 6.1; rv:2.2) Gecko/20110201"
112.25.65.103 - - [15/May/2020:02:04:35 +0600] "GET http://www.ksbbs.com/thread-htm-fid-1037-page-3.html HTTP/1.1" 400 65206 "http://www.ksbbs.com/thread-htm-fid-1037.html" "Mozilla/5.0 (Windows NT 6.1; Win64; x64) AppleWebKit/537.36 (KHTML, like Gecko) Chrome/69.0.3497.100 Safari/537.36"
223.105.4.245 - - [15/May/2020:02:04:38 +0600] "GET http://www.baidu.com/ HTTP/1.1" 400 61534 "-" "Mozilla/5.0 (Windows NT 6.2; WOW64; rv:15.0) Gecko/20120910144328 Firefox/15.0.2"
223.105.4.245 - - [15/May/2020:02:04:38 +0600] "GET http://2018.ip138.com/ic.asp HTTP/1.1" 400 61637 "-" "Mozilla/5.0 (Windows NT 6.2; WOW64; rv:15.0) Gecko/20120910144328 Firefox/15.0.2"
223.105.4.244 - - [15/May/2020:02:04:42 +0600] "GET http://2018.ip138.com/ic.asp HTTP/1.1" 400 61713 "-" "Mozilla/5.0 (Macintosh; Intel Mac OS X 10_8_2) AppleWebKit/537.17 (KHTML, like Gecko) Chrome/24.0.1309.0 Safari/537.17"
223.105.4.244 - - [15/May/2020:02:04:42 +0600] "GET http://www.baidu.com/ HTTP/1.1" 400 61610 "-" "Mozilla/5.0 (Macintosh; Intel Mac OS X 10_8_2) AppleWebKit/537.17 (KHTML, like Gecko) Chrome/24.0.1309.0 Safari/537.17"
223.105.4.245 - - [15/May/2020:02:04:56 +0600] "GET http://2018.ip138.com/ic.asp HTTP/1.1" 400 61648 "-" "Mozilla/5.0 (Windows; U; Win 9x 4.90; SG; rv:1.9.2.4) Gecko/20101104 Netscape/9.1.0285"
223.105.4.245 - - [15/May/2020:02:04:56 +0600] "GET http://www.baidu.com/ HTTP/1.1" 400 61546 "-" "Mozilla/5.0 (Windows; U; Win 9x 4.90; SG; rv:1.9.2.4) Gecko/20101104 Netscape/9.1.0285"
223.105.4.244 - - [15/May/2020:02:05:02 +0600] "GET http://2018.ip138.com/ic.asp HTTP/1.1" 400 61681 "-" "Mozilla/5.0 (X11; Linux i686) AppleWebKit/537.31 (KHTML, like Gecko) Chrome/26.0.1410.43 Safari/537.31"
223.105.4.244 - - [15/May/2020:02:05:02 +0600] "GET http://www.baidu.com/ HTTP/1.1" 400 61578 "-" "Mozilla/5.0 (X11; Linux i686) AppleWebKit/537.31 (KHTML, like Gecko) Chrome/26.0.1410.43 Safari/537.31"
223.105.4.244 - - [15/May/2020:02:05:16 +0600] "GET http://www.baidu.com/ HTTP/1.1" 400 61534 "-" "Mozilla/5.0 (Windows NT 6.2; WOW64; rv:15.0) Gecko/20120910144328 Firefox/15.0.2"
223.105.4.244 - - [15/May/2020:02:05:16 +0600] "GET http://2018.ip138.com/ic.asp HTTP/1.1" 400 61636 "-" "Mozilla/5.0 (Windows NT 6.2; WOW64; rv:15.0) Gecko/20120910144328 Firefox/15.0.2"
223.105.4.245 - - [15/May/2020:02:05:25 +0600] "GET http://2018.ip138.com/ic.asp HTTP/1.1" 400 61645 "-" "Mozilla/5.0 (Macintosh; U; Intel Mac OS X 10.6; en-US; rv:1.9.2.13; ) Gecko/20101203"
223.105.4.245 - - [15/May/2020:02:05:25 +0600] "GET http://www.baidu.com/ HTTP/1.1" 400 61542 "-" "Mozilla/5.0 (Macintosh; U; Intel Mac OS X 10.6; en-US; rv:1.9.2.13; ) Gecko/20101203"
223.105.4.244 - - [15/May/2020:02:05:36 +0600] "GET http://2018.ip138.com/ic.asp HTTP/1.1" 400 61596 "-" "Mozilla/6.0 (Windows NT 6.2; WOW64; rv:16.0.1) Gecko/20121011 Firefox/16.0.1"
223.105.4.244 - - [15/May/2020:02:05:36 +0600] "GET http://www.baidu.com/ HTTP/1.1" 400 61494 "-" "Mozilla/6.0 (Windows NT 6.2; WOW64; rv:16.0.1) Gecko/20121011 Firefox/16.0.1"
112.25.65.102 - - [15/May/2020:02:05:49 +0600] "GET http://www.hnhx.gov.cn/zmhd/hygq.htm HTTP/1.1" 400 61740 "-" "python-requests/2.8.1"
223.105.4.244 - - [15/May/2020:02:05:56 +0600] "GET http://2018.ip138.com/ic.asp HTTP/1.1" 400 61637 "-" "Mozilla/5.0 (Windows NT 6.2; WOW64; rv:15.0) Gecko/20120910144328 Firefox/15.0.2"
223.105.4.244 - - [15/May/2020:02:05:56 +0600] "GET http://www.baidu.com/ HTTP/1.1" 400 61534 "-" "Mozilla/5.0 (Windows NT 6.2; WOW64; rv:15.0) Gecko/20120910144328 Firefox/15.0.2"
223.105.4.244 - - [15/May/2020:02:06:02 +0600] "GET http://2018.ip138.com/ic.asp HTTP/1.1" 400 61578 "-" "Mozilla/5.0 (X11; U; Linux i686; en-US; rv:1.9a3pre) Gecko/20070330"
223.105.4.244 - - [15/May/2020:02:06:02 +0600] "GET http://www.baidu.com/ HTTP/1.1" 400 61476 "-" "Mozilla/5.0 (X11; U; Linux i686; en-US; rv:1.9a3pre) Gecko/20070330"
223.105.4.245 - - [15/May/2020:02:06:44 +0600] "GET http://www.baidu.com/ HTTP/1.1" 400 61535 "-" "Mozilla/5.0 (Windows NT 6.2; WOW64; rv:15.0) Gecko/20120910144328 Firefox/15.0.2"
223.105.4.245 - - [15/May/2020:02:06:44 +0600] "GET http://2018.ip138.com/ic.asp HTTP/1.1" 400 61636 "-" "Mozilla/5.0 (Windows NT 6.2; WOW64; rv:15.0) Gecko/20120910144328 Firefox/15.0.2"
223.105.4.244 - - [15/May/2020:02:06:51 +0600] "GET http://2018.ip138.com/ic.asp HTTP/1.1" 400 61692 "-" "Mozilla/5.0 (Windows NT 6.1; WOW64) AppleWebKit/537.17 (KHTML, like Gecko) Chrome/24.0.1312.60 Safari/537.17"
223.105.4.244 - - [15/May/2020:02:06:51 +0600] "GET http://www.baidu.com/ HTTP/1.1" 400 61590 "-" "Mozilla/5.0 (Windows NT 6.1; WOW64) AppleWebKit/537.17 (KHTML, like Gecko) Chrome/24.0.1312.60 Safari/537.17"
112.25.65.104 - - [15/May/2020:02:06:53 +0600] "GET http://www.cixi.gov.cn/module/xxgk/search.jsp?divid=div135979&infotypeId=CX1103&jdid=152&area=11330282002978985X&sortfield=compaltedate:0 HTTP/1.1" 400 63572 "-" "python-requests/2.8.1"
223.105.4.244 - - [15/May/2020:02:07:12 +0600] "GET http://www.baidu.com/ HTTP/1.1" 400 61611 "-" "Mozilla/5.0 (Macintosh; Intel Mac OS X 10_8_2) AppleWebKit/537.17 (KHTML, like Gecko) Chrome/24.0.1309.0 Safari/537.17"
223.105.4.244 - - [15/May/2020:02:07:12 +0600] "GET http://2018.ip138.com/ic.asp HTTP/1.1" 400 61712 "-" "Mozilla/5.0 (Macintosh; Intel Mac OS X 10_8_2) AppleWebKit/537.17 (KHTML, like Gecko) Chrome/24.0.1309.0 Safari/537.17"
223.105.4.245 - - [15/May/2020:02:07:26 +0600] "GET http://2018.ip138.com/ic.asp HTTP/1.1" 400 61692 "-" "Mozilla/5.0 (Windows NT 6.1; WOW64) AppleWebKit/537.17 (KHTML, like Gecko) Chrome/24.0.1312.60 Safari/537.17"
223.105.4.245 - - [15/May/2020:02:07:26 +0600] "GET http://www.baidu.com/ HTTP/1.1" 400 61590 "-" "Mozilla/5.0 (Windows NT 6.1; WOW64) AppleWebKit/537.17 (KHTML, like Gecko) Chrome/24.0.1312.60 Safari/537.17"
223.105.4.244 - - [15/May/2020:02:07:56 +0600] "GET http://www.baidu.com/ HTTP/1.1" 400 61579 "-" "Mozilla/5.0 (X11; Linux i686) AppleWebKit/537.31 (KHTML, like Gecko) Chrome/26.0.1410.43 Safari/537.31"
223.105.4.244 - - [15/May/2020:02:07:56 +0600] "GET http://2018.ip138.com/ic.asp HTTP/1.1" 400 61680 "-" "Mozilla/5.0 (X11; Linux i686) AppleWebKit/537.31 (KHTML, like Gecko) Chrome/26.0.1410.43 Safari/537.31"
223.105.4.245 - - [15/May/2020:02:08:08 +0600] "GET http://www.baidu.com/ HTTP/1.1" 400 61578 "-" "Mozilla/5.0 (X11; U; Linux i686; en-US; rv:1.8.1.12) Gecko/20080219 Firefox/2.0.0.12 Navigator/9.0.0.6"
223.105.4.245 - - [15/May/2020:02:08:08 +0600] "GET http://2018.ip138.com/ic.asp HTTP/1.1" 400 61680 "-" "Mozilla/5.0 (X11; U; Linux i686; en-US; rv:1.8.1.12) Gecko/20080219 Firefox/2.0.0.12 Navigator/9.0.0.6"
223.105.4.245 - - [15/May/2020:02:08:24 +0600] "GET http://www.baidu.com/ HTTP/1.1" 400 61475 "-" "Opera/9.80 (X11; Linux x86_64; U; fr) Presto/2.9.168 Version/11.50"
223.105.4.245 - - [15/May/2020:02:08:24 +0600] "GET http://2018.ip138.com/ic.asp HTTP/1.1" 400 61576 "-" "Opera/9.80 (X11; Linux x86_64; U; fr) Presto/2.9.168 Version/11.50"
223.105.4.245 - - [15/May/2020:02:08:42 +0600] "GET http://www.baidu.com/ HTTP/1.1" 400 61546 "-" "Mozilla/5.0 (Windows; U; Win 9x 4.90; SG; rv:1.9.2.4) Gecko/20101104 Netscape/9.1.0285"
223.105.4.245 - - [15/May/2020:02:08:42 +0600] "GET http://2018.ip138.com/ic.asp HTTP/1.1" 400 61648 "-" "Mozilla/5.0 (Windows; U; Win 9x 4.90; SG; rv:1.9.2.4) Gecko/20101104 Netscape/9.1.0285"
223.105.4.244 - - [15/May/2020:02:08:44 +0600] "GET http://2018.ip138.com/ic.asp HTTP/1.1" 400 61578 "-" "Mozilla/5.0 (X11; U; Linux i686; en-US; rv:1.9a3pre) Gecko/20070330"
223.105.4.244 - - [15/May/2020:02:08:44 +0600] "GET http://www.baidu.com/ HTTP/1.1" 400 61477 "-" "Mozilla/5.0 (X11; U; Linux i686; en-US; rv:1.9a3pre) Gecko/20070330"
223.105.4.244 - - [15/May/2020:02:08:55 +0600] "GET http://2018.ip138.com/ic.asp HTTP/1.1" 400 61639 "-" "Opera/9.80 (Macintosh; Intel Mac OS X 10.6.8; U; de) Presto/2.9.168 Version/11.52"
223.105.4.244 - - [15/May/2020:02:08:55 +0600] "GET http://www.baidu.com/ HTTP/1.1" 400 61536 "-" "Opera/9.80 (Macintosh; Intel Mac OS X 10.6.8; U; de) Presto/2.9.168 Version/11.52"
223.105.4.244 - - [15/May/2020:02:09:04 +0600] "GET http://2018.ip138.com/ic.asp HTTP/1.1" 400 61712 "-" "Mozilla/5.0 (Macintosh; Intel Mac OS X 10_8_2) AppleWebKit/537.17 (KHTML, like Gecko) Chrome/24.0.1309.0 Safari/537.17"
223.105.4.244 - - [15/May/2020:02:09:04 +0600] "GET http://www.baidu.com/ HTTP/1.1" 400 61610 "-" "Mozilla/5.0 (Macintosh; Intel Mac OS X 10_8_2) AppleWebKit/537.17 (KHTML, like Gecko) Chrome/24.0.1309.0 Safari/537.17"
112.25.65.106 - - [15/May/2020:02:09:11 +0600] "GET http://ztggzyjy.zt.gov.cn/jyxx/jsgcZbyc HTTP/1.1" 400 62124 "-" "Mozilla/2.02E (Win95; U)"
112.25.65.106 - - [15/May/2020:02:09:12 +0600] "GET http://ztggzyjy.zt.gov.cn/jyxx/jsgcBgtz HTTP/1.1" 400 62093 "-" "Mozilla/5.0 (Windows; U; Win98; en-US; rv:1.4) Gecko Netscape/7.1 (ax)"
112.25.65.106 - - [15/May/2020:02:09:13 +0600] "GET http://ztggzyjy.zt.gov.cn/jyxx/tdsyq/bytz HTTP/1.1" 400 62106 "-" "Mozilla/5.0 (Windows; U; Windows XP) Gecko MultiZilla/1.6.1.0a"
223.105.4.245 - - [15/May/2020:02:09:22 +0600] "GET http://www.baidu.com/ HTTP/1.1" 400 61494 "-" "Mozilla/6.0 (Windows NT 6.2; WOW64; rv:16.0.1) Gecko/20121011 Firefox/16.0.1"
223.105.4.245 - - [15/May/2020:02:09:22 +0600] "GET http://2018.ip138.com/ic.asp HTTP/1.1" 400 61597 "-" "Mozilla/6.0 (Windows NT 6.2; WOW64; rv:16.0.1) Gecko/20121011 Firefox/16.0.1"
223.105.0.240 - - [15/May/2020:02:09:53 +0600] "GET http://www.baidu.com/s?tn=baidurt&rtt=4&pnw=1&pbl=0&pbs=0&bsst=1&rn=20&wd=%E7%9F%B3%E5%A2%A8%E7%83%AF HTTP/1.1" 400 63772 "-" "Mozilla/5.0 (Windows NT 6.3; Win64; x64) AppleWebKit/537.36 (KHTML, like Gecko) Chrome/70.0.3538.67 Safari/537.36"
223.105.0.240 - - [15/May/2020:02:09:53 +0600] "GET http://news.baidu.com/ HTTP/1.1" 400 61758 "-" "Mozilla/5.0 (Windows NT 6.1; Win64; x64) AppleWebKit/537.36 (KHTML, like Gecko) Chrome/69.0.3497.100 Safari/537.36"
223.105.0.240 - - [15/May/2020:02:09:53 +0600] "GET http://news.chinaso.com/search?wd=%E6%B2%B9%E4%BB%B7%E5%B0%86%E8%BF%8E%E4%BA%8C%E8%BF%9E%E8%B7%8C&order=time&page=0&startTime=3h&endTime=now HTTP/1.1" 400 63707 "-" "Mozilla/5.0 (Macintosh; Intel Mac OS X 10_11_4) AppleWebKit/601.5.17 (KHTML, like Gecko) Version/9.1 Safari/601.5.17"
223.105.0.240 - - [15/May/2020:02:09:53 +0600] "GET http://search.tianya.cn/bbs?q=%E4%B8%A4%E4%BC%9A HTTP/1.1" 400 62304 "-" "Mozilla/5.0 (Macintosh; U; Intel Mac OS X 10_4_11; en) AppleWebKit/525.18 (KHTML, like Gecko) Version/3.1.2 Safari/525.22"
223.105.0.240 - - [15/May/2020:02:09:53 +0600] "CONNECT www.toutiao.com:443 HTTP/1.0" 400 60811 "-" "-"
223.105.0.240 - - [15/May/2020:02:09:54 +0600] "GET http://search.sina.com.cn/?c=blog&q=%D6%D0%B9%FA%D2%C6%B6%AF&range=article&by=all&sort=time HTTP/1.1" 400 63322 "-" "Mozilla/5.0 (Macintosh; U; Intel Mac OS X 10_4_11; en) AppleWebKit/525.18 (KHTML, like Gecko) Version/3.1.2 Safari/525.22"
223.105.0.240 - - [15/May/2020:02:09:53 +0600] "CONNECT m.weibo.cn:443 HTTP/1.0" 400 60726 "-" "-"
223.105.0.240 - - [15/May/2020:02:09:53 +0600] "CONNECT weixin.sogou.com:443 HTTP/1.0" 400 60843 "-" "-"
223.105.0.240 - - [15/May/2020:02:09:53 +0600] "CONNECT www.douban.com:443 HTTP/1.0" 400 60793 "-" "-"
223.105.0.240 - - [15/May/2020:02:09:54 +0600] "GET http://news.sogou.com/news?time=0&query=%CB%D5%D6%DD&mode=1&sort=1 HTTP/1.1" 400 62786 "-" "Mozilla/5.0 (Windows NT 6.3; WOW64; rv:57.0) Gecko/20100101 Firefox/57.0"
223.105.4.245 - - [15/May/2020:02:09:55 +0600] "GET http://www.baidu.com/ HTTP/1.1" 400 61456 "-" "Mozilla/5.0 (Windows; U; MSIE 7.0; Windows NT 6.0; en-US)"
223.105.4.245 - - [15/May/2020:02:09:55 +0600] "GET http://2018.ip138.com/ic.asp HTTP/1.1" 400 61559 "-" "Mozilla/5.0 (Windows; U; MSIE 7.0; Windows NT 6.0; en-US)"
::1 - - [15/May/2020:02:09:57 +0600] "OPTIONS * HTTP/1.0" 200 126 "-" "Apache/2.4.41 (Ubuntu) mod_wsgi/4.6.8 Python/3.8 (internal dummy connection)"
223.105.4.244 - - [15/May/2020:02:10:08 +0600] "GET http://2018.ip138.com/ic.asp HTTP/1.1" 400 61597 "-" "Mozilla/6.0 (Windows NT 6.2; WOW64; rv:16.0.1) Gecko/20121011 Firefox/16.0.1"
223.105.4.244 - - [15/May/2020:02:10:08 +0600] "GET http://www.baidu.com/ HTTP/1.1" 400 61494 "-" "Mozilla/6.0 (Windows NT 6.2; WOW64; rv:16.0.1) Gecko/20121011 Firefox/16.0.1"
223.105.4.245 - - [15/May/2020:02:10:19 +0600] "GET http://www.baidu.com/ HTTP/1.1" 400 61476 "-" "Mozilla/5.0 (X11; U; Linux i686; en-US; rv:1.9a3pre) Gecko/20070330"
223.105.4.245 - - [15/May/2020:02:10:19 +0600] "GET http://2018.ip138.com/ic.asp HTTP/1.1" 400 61578 "-" "Mozilla/5.0 (X11; U; Linux i686; en-US; rv:1.9a3pre) Gecko/20070330"
223.105.4.244 - - [15/May/2020:02:10:26 +0600] "GET http://www.baidu.com/ HTTP/1.1" 400 61537 "-" "Opera/9.80 (Macintosh; Intel Mac OS X 10.6.8; U; de) Presto/2.9.168 Version/11.52"
223.105.4.244 - - [15/May/2020:02:10:26 +0600] "GET http://2018.ip138.com/ic.asp HTTP/1.1" 400 61638 "-" "Opera/9.80 (Macintosh; Intel Mac OS X 10.6.8; U; de) Presto/2.9.168 Version/11.52"
223.105.4.244 - - [15/May/2020:02:10:36 +0600] "GET http://2018.ip138.com/ic.asp HTTP/1.1" 400 61778 "-" "Mozilla/4.0 (compatible; MSIE 8.0; Windows NT 6.2; Trident/4.0; SLCC2; .NET CLR 2.0.50727; .NET CLR 3.5.30729; .NET CLR 3.0.30729; Media Center PC 6.0)"
223.105.4.244 - - [15/May/2020:02:10:36 +0600] "GET http://www.baidu.com/ HTTP/1.1" 400 61676 "-" "Mozilla/4.0 (compatible; MSIE 8.0; Windows NT 6.2; Trident/4.0; SLCC2; .NET CLR 2.0.50727; .NET CLR 3.5.30729; .NET CLR 3.0.30729; Media Center PC 6.0)"
223.105.4.244 - - [15/May/2020:02:10:45 +0600] "GET http://www.baidu.com/ HTTP/1.1" 400 61677 "-" "Mozilla/4.0 (compatible; MSIE 8.0; Windows NT 6.2; Trident/4.0; SLCC2; .NET CLR 2.0.50727; .NET CLR 3.5.30729; .NET CLR 3.0.30729; Media Center PC 6.0)"
223.105.4.244 - - [15/May/2020:02:10:45 +0600] "GET http://2018.ip138.com/ic.asp HTTP/1.1" 400 61778 "-" "Mozilla/4.0 (compatible; MSIE 8.0; Windows NT 6.2; Trident/4.0; SLCC2; .NET CLR 2.0.50727; .NET CLR 3.5.30729; .NET CLR 3.0.30729; Media Center PC 6.0)"
223.105.4.245 - - [15/May/2020:02:11:01 +0600] "GET http://www.baidu.com/ HTTP/1.1" 400 61456 "-" "Mozilla/5.0 (Windows; U; MSIE 7.0; Windows NT 6.0; en-US)"
223.105.4.245 - - [15/May/2020:02:11:01 +0600] "GET http://2018.ip138.com/ic.asp HTTP/1.1" 400 61558 "-" "Mozilla/5.0 (Windows; U; MSIE 7.0; Windows NT 6.0; en-US)"
112.25.65.107 - - [15/May/2020:02:11:05 +0600] "GET http://www.hlbe.gov.cn/supervision/productList/product_id=3/ HTTP/1.1" 400 62088 "-" "python-requests/2.8.1"
112.25.65.107 - - [15/May/2020:02:11:06 +0600] "GET http://www.hlbe.gov.cn/supervision/productList/product_id=3/ HTTP/1.1" 400 62389 "-" "Mozilla/5.0 (Windows NT 10.0; Win64; x64) AppleWebKit/537.36 (KHTML, like Gecko) Chrome/51.0.2704.79 Safari/537.36 Edge/14.14393"
223.105.4.244 - - [15/May/2020:02:11:16 +0600] "GET http://2018.ip138.com/ic.asp HTTP/1.1" 400 61713 "-" "Mozilla/5.0 (Macintosh; Intel Mac OS X 10_8_2) AppleWebKit/537.17 (KHTML, like Gecko) Chrome/24.0.1309.0 Safari/537.17"
223.105.4.244 - - [15/May/2020:02:11:16 +0600] "GET http://www.baidu.com/ HTTP/1.1" 400 61610 "-" "Mozilla/5.0 (Macintosh; Intel Mac OS X 10_8_2) AppleWebKit/537.17 (KHTML, like Gecko) Chrome/24.0.1309.0 Safari/537.17"
223.105.4.245 - - [15/May/2020:02:11:30 +0600] "GET http://2018.ip138.com/ic.asp HTTP/1.1" 400 61558 "-" "Mozilla/5.0 (Windows; U; MSIE 7.0; Windows NT 6.0; en-US)"
223.105.4.245 - - [15/May/2020:02:11:30 +0600] "GET http://www.baidu.com/ HTTP/1.1" 400 61456 "-" "Mozilla/5.0 (Windows; U; MSIE 7.0; Windows NT 6.0; en-US)"
112.25.65.104 - - [15/May/2020:02:11:42 +0600] "GET http://www.ksbbs.com/thread-htm-fid-1458-page-3.html HTTP/1.1" 400 63414 "http://www.ksbbs.com/thread-htm-fid-1458.html" "Mozilla/5.0 (Windows; U; Windows NT 5.1; en-US; rv:1.7.12) Gecko/20050915 Firefox/1.0.7"
223.105.4.245 - - [15/May/2020:02:11:58 +0600] "GET http://2018.ip138.com/ic.asp HTTP/1.1" 400 61637 "-" "Mozilla/5.0 (Windows NT 6.2; WOW64; rv:15.0) Gecko/20120910144328 Firefox/15.0.2"
223.105.4.245 - - [15/May/2020:02:11:58 +0600] "GET http://www.baidu.com/ HTTP/1.1" 400 61534 "-" "Mozilla/5.0 (Windows NT 6.2; WOW64; rv:15.0) Gecko/20120910144328 Firefox/15.0.2"
223.105.4.244 - - [15/May/2020:02:11:59 +0600] "GET http://www.baidu.com/ HTTP/1.1" 400 61578 "-" "Mozilla/5.0 (X11; U; Linux i686; en-US; rv:1.8.1.12) Gecko/20080219 Firefox/2.0.0.12 Navigator/9.0.0.6"
223.105.4.244 - - [15/May/2020:02:11:59 +0600] "GET http://2018.ip138.com/ic.asp HTTP/1.1" 400 61680 "-" "Mozilla/5.0 (X11; U; Linux i686; en-US; rv:1.8.1.12) Gecko/20080219 Firefox/2.0.0.12 Navigator/9.0.0.6"
223.105.4.244 - - [15/May/2020:02:12:10 +0600] "GET http://www.baidu.com/ HTTP/1.1" 400 61543 "-" "Mozilla/5.0 (Macintosh; U; Intel Mac OS X 10.6; en-US; rv:1.9.2.13; ) Gecko/20101203"
223.105.4.244 - - [15/May/2020:02:12:10 +0600] "GET http://2018.ip138.com/ic.asp HTTP/1.1" 400 61644 "-" "Mozilla/5.0 (Macintosh; U; Intel Mac OS X 10.6; en-US; rv:1.9.2.13; ) Gecko/20101203"
223.105.4.245 - - [15/May/2020:02:12:33 +0600] "GET http://www.baidu.com/ HTTP/1.1" 400 61476 "-" "Mozilla/5.0 (X11; U; Linux i686; en-US; rv:1.9a3pre) Gecko/20070330"
223.105.4.245 - - [15/May/2020:02:12:33 +0600] "GET http://2018.ip138.com/ic.asp HTTP/1.1" 400 61578 "-" "Mozilla/5.0 (X11; U; Linux i686; en-US; rv:1.9a3pre) Gecko/20070330"
223.105.4.244 - - [15/May/2020:02:12:45 +0600] "GET http://2018.ip138.com/ic.asp HTTP/1.1" 400 61680 "-" "Mozilla/5.0 (X11; Linux i686) AppleWebKit/537.31 (KHTML, like Gecko) Chrome/26.0.1410.43 Safari/537.31"
223.105.4.244 - - [15/May/2020:02:12:45 +0600] "GET http://www.baidu.com/ HTTP/1.1" 400 61579 "-" "Mozilla/5.0 (X11; Linux i686) AppleWebKit/537.31 (KHTML, like Gecko) Chrome/26.0.1410.43 Safari/537.31"
223.105.4.244 - - [15/May/2020:02:13:02 +0600] "GET http://2018.ip138.com/ic.asp HTTP/1.1" 400 61639 "-" "Opera/9.80 (Macintosh; Intel Mac OS X 10.6.8; U; de) Presto/2.9.168 Version/11.52"
223.105.4.244 - - [15/May/2020:02:13:02 +0600] "GET http://www.baidu.com/ HTTP/1.1" 400 61536 "-" "Opera/9.80 (Macintosh; Intel Mac OS X 10.6.8; U; de) Presto/2.9.168 Version/11.52"
223.105.4.244 - - [15/May/2020:02:13:17 +0600] "GET http://www.baidu.com/ HTTP/1.1" 400 61476 "-" "Mozilla/5.0 (X11; U; Linux i686; en-US; rv:1.9a3pre) Gecko/20070330"
223.105.4.244 - - [15/May/2020:02:13:17 +0600] "GET http://2018.ip138.com/ic.asp HTTP/1.1" 400 61578 "-" "Mozilla/5.0 (X11; U; Linux i686; en-US; rv:1.9a3pre) Gecko/20070330"
223.105.4.244 - - [15/May/2020:02:13:38 +0600] "GET http://2018.ip138.com/ic.asp HTTP/1.1" 400 61648 "-" "Mozilla/5.0 (Windows; U; Win 9x 4.90; SG; rv:1.9.2.4) Gecko/20101104 Netscape/9.1.0285"
223.105.4.244 - - [15/May/2020:02:13:38 +0600] "GET http://www.baidu.com/ HTTP/1.1" 400 61547 "-" "Mozilla/5.0 (Windows; U; Win 9x 4.90; SG; rv:1.9.2.4) Gecko/20101104 Netscape/9.1.0285"
223.105.0.240 - - [15/May/2020:02:13:46 +0600] "GET http://news.chinaso.com/search?wd=%E6%B2%B9%E4%BB%B7%E5%B0%86%E8%BF%8E%E4%BA%8C%E8%BF%9E%E8%B7%8C&order=time&page=0&startTime=3h&endTime=now HTTP/1.1" 400 63589 "-" "Mozilla/5.0 (Windows NT 10.0; WOW64; rv:51.0) Gecko/20100101 Firefox/51.0"
223.105.0.240 - - [15/May/2020:02:13:46 +0600] "GET http://news.baidu.com/ HTTP/1.1" 400 61642 "-" "Mozilla/5.0 (Windows NT 6.1; WOW64; rv:17.0) Gecko/20100101 Firefox/17.0"
223.105.0.240 - - [15/May/2020:02:13:46 +0600] "GET http://www.baidu.com/s?tn=baidurt&rtt=4&pnw=1&pbl=0&pbs=0&bsst=1&rn=20&wd=%E7%9F%B3%E5%A2%A8%E7%83%AF HTTP/1.1" 400 63644 "-" "Mozilla/5.0 (Windows NT 6.1; rv:42.0) Gecko/20100101 Firefox/42.0"
223.105.0.240 - - [15/May/2020:02:13:46 +0600] "GET http://search.tianya.cn/bbs?q=%E4%B8%A4%E4%BC%9A HTTP/1.1" 400 62185 "-" "Mozilla/5.0 (Windows NT 6.1; Win64; x64; rv:63.0) Gecko/20100101 Firefox/63.0"
223.105.0.240 - - [15/May/2020:02:13:46 +0600] "CONNECT www.toutiao.com:443 HTTP/1.0" 400 60810 "-" "-"
223.105.0.240 - - [15/May/2020:02:13:46 +0600] "CONNECT weixin.sogou.com:443 HTTP/1.0" 400 60844 "-" "-"
223.105.0.240 - - [15/May/2020:02:13:46 +0600] "CONNECT m.weibo.cn:443 HTTP/1.0" 400 60725 "-" "-"
223.105.0.240 - - [15/May/2020:02:13:46 +0600] "CONNECT www.douban.com:443 HTTP/1.0" 400 60794 "-" "-"
223.105.0.240 - - [15/May/2020:02:13:47 +0600] "GET http://search.sina.com.cn/?c=blog&q=%D6%D0%B9%FA%D2%C6%B6%AF&range=article&by=all&sort=time HTTP/1.1" 400 63185 "-" "Mozilla/5.0 (Windows NT 6.3; WOW64; rv:39.0) Gecko/20100101 Firefox/39.0"
223.105.0.240 - - [15/May/2020:02:13:47 +0600] "GET http://news.sogou.com/news?time=0&query=%CB%D5%D6%DD&mode=1&sort=1 HTTP/1.1" 400 62853 "-" "Mozilla/5.0 (Windows; U; Windows NT 5.1; en-US; rv:1.8.0.4) Gecko/20060508 Firefox/1.5.0.4"
::1 - - [15/May/2020:02:13:48 +0600] "OPTIONS * HTTP/1.0" 200 126 "-" "Apache/2.4.41 (Ubuntu) mod_wsgi/4.6.8 Python/3.8 (internal dummy connection)"
223.105.4.244 - - [15/May/2020:02:13:54 +0600] "GET http://www.baidu.com/ HTTP/1.1" 400 61476 "-" "Mozilla/5.0 (X11; U; Linux i686; en-US; rv:1.9a3pre) Gecko/20070330"
223.105.4.244 - - [15/May/2020:02:13:54 +0600] "GET http://2018.ip138.com/ic.asp HTTP/1.1" 400 61579 "-" "Mozilla/5.0 (X11; U; Linux i686; en-US; rv:1.9a3pre) Gecko/20070330"
112.25.65.104 - - [15/May/2020:02:14:23 +0600] "GET http://hs.fjsen.com/node_175530.htm HTTP/1.1" 400 61714 "-" "python-requests/2.8.1"
223.105.4.244 - - [15/May/2020:02:14:33 +0600] "GET http://www.baidu.com/ HTTP/1.1" 400 61554 "-" "Mozilla/5.0 (Windows; U; Win 9x 4.90; SG; rv:1.9.2.4) Gecko/20101104 Netscape/9.1.0285"
223.105.4.244 - - [15/May/2020:02:14:33 +0600] "GET http://2018.ip138.com/ic.asp HTTP/1.1" 400 61649 "-" "Mozilla/5.0 (Windows; U; Win 9x 4.90; SG; rv:1.9.2.4) Gecko/20101104 Netscape/9.1.0285"
223.105.4.244 - - [15/May/2020:02:14:47 +0600] "GET http://www.baidu.com/ HTTP/1.1" 400 61494 "-" "Mozilla/6.0 (Windows NT 6.2; WOW64; rv:16.0.1) Gecko/20121011 Firefox/16.0.1"
223.105.4.244 - - [15/May/2020:02:14:47 +0600] "GET http://2018.ip138.com/ic.asp HTTP/1.1" 400 61597 "-" "Mozilla/6.0 (Windows NT 6.2; WOW64; rv:16.0.1) Gecko/20121011 Firefox/16.0.1"
112.25.65.107 - - [15/May/2020:02:14:54 +0600] "GET http://www.hlraohe.gov.cn/newslist/newslist_all.jsp?fjlm=24299&lmid=24728 HTTP/1.1" 400 62604 "-" "python-requests/2.8.1"
223.105.4.244 - - [15/May/2020:02:14:59 +0600] "GET http://2018.ip138.com/ic.asp HTTP/1.1" 400 61645 "-" "Mozilla/5.0 (Macintosh; U; Intel Mac OS X 10.6; en-US; rv:1.9.2.13; ) Gecko/20101203"
223.105.4.244 - - [15/May/2020:02:14:59 +0600] "GET http://www.baidu.com/ HTTP/1.1" 400 61543 "-" "Mozilla/5.0 (Macintosh; U; Intel Mac OS X 10.6; en-US; rv:1.9.2.13; ) Gecko/20101203"
223.105.4.244 - - [15/May/2020:02:15:24 +0600] "GET http://2018.ip138.com/ic.asp HTTP/1.1" 400 61778 "-" "Mozilla/4.0 (compatible; MSIE 8.0; Windows NT 6.2; Trident/4.0; SLCC2; .NET CLR 2.0.50727; .NET CLR 3.5.30729; .NET CLR 3.0.30729; Media Center PC 6.0)"
223.105.4.244 - - [15/May/2020:02:15:24 +0600] "GET http://www.baidu.com/ HTTP/1.1" 400 61677 "-" "Mozilla/4.0 (compatible; MSIE 8.0; Windows NT 6.2; Trident/4.0; SLCC2; .NET CLR 2.0.50727; .NET CLR 3.5.30729; .NET CLR 3.0.30729; Media Center PC 6.0)"
223.105.4.245 - - [15/May/2020:02:15:27 +0600] "GET http://www.baidu.com/ HTTP/1.1" 400 61477 "-" "Mozilla/5.0 (X11; U; Linux i686; en-US; rv:1.9a3pre) Gecko/20070330"
223.105.4.245 - - [15/May/2020:02:15:27 +0600] "GET http://2018.ip138.com/ic.asp HTTP/1.1" 400 61579 "-" "Mozilla/5.0 (X11; U; Linux i686; en-US; rv:1.9a3pre) Gecko/20070330"
