223.105.4.244 - - [15/May/2020:02:15:37 +0600] "GET http://www.baidu.com/ HTTP/1.1" 400 61590 "-" "Mozilla/5.0 (Windows NT 6.1; WOW64) AppleWebKit/537.17 (KHTML, like Gecko) Chrome/24.0.1312.60 Safari/537.17"
223.105.4.244 - - [15/May/2020:02:15:37 +0600] "GET http://2018.ip138.com/ic.asp HTTP/1.1" 400 61693 "-" "Mozilla/5.0 (Windows NT 6.1; WOW64) AppleWebKit/537.17 (KHTML, like Gecko) Chrome/24.0.1312.60 Safari/537.17"
223.105.4.244 - - [15/May/2020:02:15:44 +0600] "GET http://2018.ip138.com/ic.asp HTTP/1.1" 400 61681 "-" "Mozilla/5.0 (X11; U; Linux i686; en-US; rv:1.8.1.12) Gecko/20080219 Firefox/2.0.0.12 Navigator/9.0.0.6"
223.105.4.244 - - [15/May/2020:02:15:44 +0600] "GET http://www.baidu.com/ HTTP/1.1" 400 61579 "-" "Mozilla/5.0 (X11; U; Linux i686; en-US; rv:1.8.1.12) Gecko/20080219 Firefox/2.0.0.12 Navigator/9.0.0.6"
223.105.4.244 - - [15/May/2020:02:16:04 +0600] "GET http://www.baidu.com/ HTTP/1.1" 400 61476 "-" "Mozilla/5.0 (X11; U; Linux i686; en-US; rv:1.9a3pre) Gecko/20070330"
223.105.4.244 - - [15/May/2020:02:16:04 +0600] "GET http://2018.ip138.com/ic.asp HTTP/1.1" 400 61579 "-" "Mozilla/5.0 (X11; U; Linux i686; en-US; rv:1.9a3pre) Gecko/20070330"
112.25.65.106 - - [15/May/2020:02:16:10 +0600] "POST http://218.2.208.144:8094/EBTS/publish/announcement/getList?placard_type=1 HTTP/1.1" 400 63565 "-" "Mozilla/5.0 (Windows; U; Windows NT 5.2; en-US) AppleWebKit/532.9 (KHTML, like Gecko) Chrome/5.0.310.0 Safari/532.9"
223.105.4.245 - - [15/May/2020:02:16:46 +0600] "GET http://2018.ip138.com/ic.asp HTTP/1.1" 400 61639 "-" "Opera/9.80 (Macintosh; Intel Mac OS X 10.6.8; U; de) Presto/2.9.168 Version/11.52"
223.105.4.245 - - [15/May/2020:02:16:46 +0600] "GET http://www.baidu.com/ HTTP/1.1" 400 61537 "-" "Opera/9.80 (Macintosh; Intel Mac OS X 10.6.8; U; de) Presto/2.9.168 Version/11.52"
223.105.4.245 - - [15/May/2020:02:17:00 +0600] "GET http://www.baidu.com/ HTTP/1.1" 400 61475 "-" "Opera/9.80 (X11; Linux x86_64; U; fr) Presto/2.9.168 Version/11.50"
223.105.4.245 - - [15/May/2020:02:17:00 +0600] "GET http://2018.ip138.com/ic.asp HTTP/1.1" 400 61576 "-" "Opera/9.80 (X11; Linux x86_64; U; fr) Presto/2.9.168 Version/11.50"
223.105.4.245 - - [15/May/2020:02:17:31 +0600] "GET http://2018.ip138.com/ic.asp HTTP/1.1" 400 61681 "-" "Mozilla/5.0 (X11; U; Linux i686; en-US; rv:1.8.1.12) Gecko/20080219 Firefox/2.0.0.12 Navigator/9.0.0.6"
223.105.4.245 - - [15/May/2020:02:17:31 +0600] "GET http://www.baidu.com/ HTTP/1.1" 400 61578 "-" "Mozilla/5.0 (X11; U; Linux i686; en-US; rv:1.8.1.12) Gecko/20080219 Firefox/2.0.0.12 Navigator/9.0.0.6"
223.105.0.240 - - [15/May/2020:02:17:34 +0600] "GET http://news.chinaso.com/search?wd=%E6%B2%B9%E4%BB%B7%E5%B0%86%E8%BF%8E%E4%BA%8C%E8%BF%9E%E8%B7%8C&order=time&page=0&startTime=3h&endTime=now HTTP/1.1" 400 63600 "-" "Mozilla/5.0 (Windows NT 10.0; Win64; x64; rv:62.0) Gecko/20100101 Firefox/62.0"
223.105.0.240 - - [15/May/2020:02:17:34 +0600] "GET http://news.baidu.com/ HTTP/1.1" 400 61733 "-" "Mozilla/5.0 (Windows NT 6.1) AppleWebKit/537.36 (KHTML, like Gecko) Chrome/70.0.3538.110 Safari/537.36"
223.105.0.240 - - [15/May/2020:02:17:34 +0600] "CONNECT www.toutiao.com:443 HTTP/1.0" 400 60811 "-" "-"
223.105.0.240 - - [15/May/2020:02:17:34 +0600] "GET http://search.tianya.cn/bbs?q=%E4%B8%A4%E4%BC%9A HTTP/1.1" 400 62291 "-" "Mozilla/5.0 (Windows NT 10.0; Win64; x64) AppleWebKit/537.36 (KHTML, like Gecko) Chrome/68.0.3440.84 Safari/537.36"
223.105.0.240 - - [15/May/2020:02:17:34 +0600] "GET http://www.baidu.com/s?tn=baidurt&rtt=4&pnw=1&pbl=0&pbs=0&bsst=1&rn=20&wd=%E7%9F%B3%E5%A2%A8%E7%83%AF HTTP/1.1" 400 63774 "-" "Mozilla/5.0 (Windows NT 6.1; Win64; x64) AppleWebKit/537.36 (KHTML, like Gecko) Chrome/61.0.3163.100 Safari/537.36"
223.105.0.240 - - [15/May/2020:02:17:34 +0600] "GET http://search.sina.com.cn/?c=blog&q=%D6%D0%B9%FA%D2%C6%B6%AF&range=article&by=all&sort=time HTTP/1.1" 400 63252 "-" "Mozilla/5.0 (Windows; U; Windows NT 5.1; en-US; rv:1.8.1.4) Gecko/20070515 Firefox/2.0.0.4"
223.105.0.240 - - [15/May/2020:02:17:34 +0600] "GET http://news.sogou.com/news?time=0&query=%CB%D5%D6%DD&mode=1&sort=1 HTTP/1.1" 400 62894 "-" "Mozilla/5.0 (Windows NT 10.0; WOW64) AppleWebKit/537.36 (KHTML, like Gecko) Chrome/52.0.2743.116 Safari/537.36"
223.105.0.240 - - [15/May/2020:02:17:34 +0600] "CONNECT www.douban.com:443 HTTP/1.0" 400 60793 "-" "-"
223.105.0.240 - - [15/May/2020:02:17:34 +0600] "CONNECT m.weibo.cn:443 HTTP/1.0" 400 60725 "-" "-"
223.105.0.240 - - [15/May/2020:02:17:34 +0600] "CONNECT weixin.sogou.com:443 HTTP/1.0" 400 60844 "-" "-"
::1 - - [15/May/2020:02:17:35 +0600] "OPTIONS * HTTP/1.0" 200 126 "-" "Apache/2.4.41 (Ubuntu) mod_wsgi/4.6.8 Python/3.8 (internal dummy connection)"
223.105.4.244 - - [15/May/2020:02:17:40 +0600] "GET http://2018.ip138.com/ic.asp HTTP/1.1" 400 61559 "-" "Opera/9.80 (Windows NT 6.0) Presto/2.12.388 Version/12.14"
223.105.4.244 - - [15/May/2020:02:17:40 +0600] "GET http://www.baidu.com/ HTTP/1.1" 400 61457 "-" "Opera/9.80 (Windows NT 6.0) Presto/2.12.388 Version/12.14"
223.105.4.244 - - [15/May/2020:02:17:53 +0600] "GET http://2018.ip138.com/ic.asp HTTP/1.1" 400 61639 "-" "Opera/9.80 (Macintosh; Intel Mac OS X 10.6.8; U; de) Presto/2.9.168 Version/11.52"
223.105.4.244 - - [15/May/2020:02:17:53 +0600] "GET http://www.baidu.com/ HTTP/1.1" 400 61536 "-" "Opera/9.80 (Macintosh; Intel Mac OS X 10.6.8; U; de) Presto/2.9.168 Version/11.52"
223.105.4.245 - - [15/May/2020:02:18:02 +0600] "GET http://www.baidu.com/ HTTP/1.1" 400 61474 "-" "Opera/9.80 (X11; Linux x86_64; U; fr) Presto/2.9.168 Version/11.50"
223.105.4.245 - - [15/May/2020:02:18:02 +0600] "GET http://2018.ip138.com/ic.asp HTTP/1.1" 400 61577 "-" "Opera/9.80 (X11; Linux x86_64; U; fr) Presto/2.9.168 Version/11.50"
112.25.65.107 - - [15/May/2020:02:18:13 +0600] "GET http://www.jiaozuo.gov.cn/forum/forum.php?mod=forumdisplay&fid=9&filter=author&orderby=dateline HTTP/1.1" 400 63052 "-" "python-requests/2.8.1"
223.105.4.244 - - [15/May/2020:02:18:35 +0600] "GET http://www.baidu.com/ HTTP/1.1" 400 61475 "-" "Opera/9.80 (X11; Linux x86_64; U; fr) Presto/2.9.168 Version/11.50"
223.105.4.244 - - [15/May/2020:02:18:35 +0600] "GET http://2018.ip138.com/ic.asp HTTP/1.1" 400 61577 "-" "Opera/9.80 (X11; Linux x86_64; U; fr) Presto/2.9.168 Version/11.50"
223.105.4.244 - - [15/May/2020:02:18:49 +0600] "GET http://2018.ip138.com/ic.asp HTTP/1.1" 400 61638 "-" "Opera/9.80 (Macintosh; Intel Mac OS X 10.6.8; U; de) Presto/2.9.168 Version/11.52"
223.105.4.244 - - [15/May/2020:02:18:49 +0600] "GET http://www.baidu.com/ HTTP/1.1" 400 61537 "-" "Opera/9.80 (Macintosh; Intel Mac OS X 10.6.8; U; de) Presto/2.9.168 Version/11.52"
223.105.4.245 - - [15/May/2020:02:19:12 +0600] "GET http://2018.ip138.com/ic.asp HTTP/1.1" 400 61779 "-" "Mozilla/4.0 (compatible; MSIE 8.0; Windows NT 6.2; Trident/4.0; SLCC2; .NET CLR 2.0.50727; .NET CLR 3.5.30729; .NET CLR 3.0.30729; Media Center PC 6.0)"
223.105.4.245 - - [15/May/2020:02:19:12 +0600] "GET http://www.baidu.com/ HTTP/1.1" 400 61677 "-" "Mozilla/4.0 (compatible; MSIE 8.0; Windows NT 6.2; Trident/4.0; SLCC2; .NET CLR 2.0.50727; .NET CLR 3.5.30729; .NET CLR 3.0.30729; Media Center PC 6.0)"
223.105.4.244 - - [15/May/2020:02:19:23 +0600] "GET http://www.baidu.com/ HTTP/1.1" 400 61579 "-" "Mozilla/5.0 (X11; Linux i686) AppleWebKit/537.31 (KHTML, like Gecko) Chrome/26.0.1410.43 Safari/537.31"
223.105.4.244 - - [15/May/2020:02:19:23 +0600] "GET http://2018.ip138.com/ic.asp HTTP/1.1" 400 61680 "-" "Mozilla/5.0 (X11; Linux i686) AppleWebKit/537.31 (KHTML, like Gecko) Chrome/26.0.1410.43 Safari/537.31"
223.105.4.244 - - [15/May/2020:02:19:42 +0600] "GET http://2018.ip138.com/ic.asp HTTP/1.1" 400 61693 "-" "Mozilla/5.0 (Windows NT 6.1; WOW64) AppleWebKit/537.17 (KHTML, like Gecko) Chrome/24.0.1312.60 Safari/537.17"
223.105.4.244 - - [15/May/2020:02:19:42 +0600] "GET http://www.baidu.com/ HTTP/1.1" 400 61590 "-" "Mozilla/5.0 (Windows NT 6.1; WOW64) AppleWebKit/537.17 (KHTML, like Gecko) Chrome/24.0.1312.60 Safari/537.17"
223.105.4.245 - - [15/May/2020:02:19:46 +0600] "GET http://2018.ip138.com/ic.asp HTTP/1.1" 400 61596 "-" "Mozilla/6.0 (Windows NT 6.2; WOW64; rv:16.0.1) Gecko/20121011 Firefox/16.0.1"
223.105.4.245 - - [15/May/2020:02:19:46 +0600] "GET http://www.baidu.com/ HTTP/1.1" 400 61495 "-" "Mozilla/6.0 (Windows NT 6.2; WOW64; rv:16.0.1) Gecko/20121011 Firefox/16.0.1"
223.105.4.244 - - [15/May/2020:02:20:03 +0600] "GET http://2018.ip138.com/ic.asp HTTP/1.1" 400 61577 "-" "Opera/9.80 (X11; Linux x86_64; U; fr) Presto/2.9.168 Version/11.50"
223.105.4.244 - - [15/May/2020:02:20:03 +0600] "GET http://www.baidu.com/ HTTP/1.1" 400 61475 "-" "Opera/9.80 (X11; Linux x86_64; U; fr) Presto/2.9.168 Version/11.50"
223.105.4.244 - - [15/May/2020:02:20:20 +0600] "GET http://2018.ip138.com/ic.asp HTTP/1.1" 400 61558 "-" "Opera/9.80 (Windows NT 6.0) Presto/2.12.388 Version/12.14"
223.105.4.244 - - [15/May/2020:02:20:20 +0600] "GET http://www.baidu.com/ HTTP/1.1" 400 61457 "-" "Opera/9.80 (Windows NT 6.0) Presto/2.12.388 Version/12.14"
223.105.4.245 - - [15/May/2020:02:20:25 +0600] "GET http://2018.ip138.com/ic.asp HTTP/1.1" 400 61577 "-" "Opera/9.80 (X11; Linux x86_64; U; fr) Presto/2.9.168 Version/11.50"
223.105.4.245 - - [15/May/2020:02:20:25 +0600] "GET http://www.baidu.com/ HTTP/1.1" 400 61475 "-" "Opera/9.80 (X11; Linux x86_64; U; fr) Presto/2.9.168 Version/11.50"
223.105.0.240 - - [15/May/2020:02:20:35 +0600] "GET http://news.baidu.com/ HTTP/1.1" 400 61763 "-" "Mozilla/5.0 (Macintosh; Intel Mac OS X 10_11_6) AppleWebKit/603.3.8 (KHTML, like Gecko) Version/10.1.2 Safari/603.3.8"
223.105.0.240 - - [15/May/2020:02:20:35 +0600] "GET http://news.chinaso.com/search?wd=%E6%B2%B9%E4%BB%B7%E5%B0%86%E8%BF%8E%E4%BA%8C%E8%BF%9E%E8%B7%8C&order=time&page=0&startTime=3h&endTime=now HTTP/1.1" 400 63680 "-" "Mozilla/5.0 (Windows NT 6.1) AppleWebKit/537.36 (KHTML, like Gecko) Chrome/63.0.3239.132 Safari/537.36"
223.105.0.240 - - [15/May/2020:02:20:35 +0600] "CONNECT www.toutiao.com:443 HTTP/1.0" 400 60811 "-" "-"
223.105.0.240 - - [15/May/2020:02:20:36 +0600] "GET http://www.baidu.com/s?tn=baidurt&rtt=4&pnw=1&pbl=0&pbs=0&bsst=1&rn=20&wd=%E7%9F%B3%E5%A2%A8%E7%83%AF HTTP/1.1" 400 63779 "-" "Mozilla/5.0 (Macintosh; Intel Mac OS X 10_10_3) AppleWebKit/600.6.3 (KHTML, like Gecko) Version/8.0.6 Safari/600.6.3"
223.105.0.240 - - [15/May/2020:02:20:36 +0600] "GET http://search.tianya.cn/bbs?q=%E4%B8%A4%E4%BC%9A HTTP/1.1" 400 62297 "-" "Mozilla/5.0 (Macintosh; Intel Mac OS X 10_10_5) AppleWebKit/603.2.5 (KHTML, like Gecko) Version/10.1.1 Safari/603.2.5"
223.105.0.240 - - [15/May/2020:02:20:36 +0600] "CONNECT m.weibo.cn:443 HTTP/1.0" 400 60726 "-" "-"
223.105.0.240 - - [15/May/2020:02:20:36 +0600] "CONNECT weixin.sogou.com:443 HTTP/1.0" 400 60843 "-" "-"
223.105.0.240 - - [15/May/2020:02:20:36 +0600] "GET http://news.sogou.com/news?time=0&query=%CB%D5%D6%DD&mode=1&sort=1 HTTP/1.1" 400 62847 "-" "Mozilla/5.0 (Windows; U; Windows NT 5.1; en-US; rv:1.7.12) Gecko/20050915 Firefox/1.0.7"
223.105.0.240 - - [15/May/2020:02:20:36 +0600] "GET http://search.sina.com.cn/?c=blog&q=%D6%D0%B9%FA%D2%C6%B6%AF&range=article&by=all&sort=time HTTP/1.1" 400 63309 "-" "Mozilla/5.0 (Macintosh; Intel Mac OS X 10_9_5) AppleWebKit/600.7.12 (KHTML, like Gecko) Version/7.1.7 Safari/537.85.16"
223.105.0.240 - - [15/May/2020:02:20:36 +0600] "CONNECT www.douban.com:443 HTTP/1.0" 400 60794 "-" "-"
223.105.4.244 - - [15/May/2020:02:21:08 +0600] "GET http://2018.ip138.com/ic.asp HTTP/1.1" 400 61645 "-" "Mozilla/5.0 (Macintosh; U; Intel Mac OS X 10.6; en-US; rv:1.9.2.13; ) Gecko/20101203"
223.105.4.244 - - [15/May/2020:02:21:08 +0600] "GET http://www.baidu.com/ HTTP/1.1" 400 61543 "-" "Mozilla/5.0 (Macintosh; U; Intel Mac OS X 10.6; en-US; rv:1.9.2.13; ) Gecko/20101203"
223.105.4.244 - - [15/May/2020:02:21:28 +0600] "GET http://www.baidu.com/ HTTP/1.1" 400 61494 "-" "Mozilla/5.0 (X11; Ubuntu; Linux i686; rv:15.0) Gecko/20100101 Firefox/15.0.1"
223.105.4.244 - - [15/May/2020:02:21:28 +0600] "GET http://2018.ip138.com/ic.asp HTTP/1.1" 400 61597 "-" "Mozilla/5.0 (X11; Ubuntu; Linux i686; rv:15.0) Gecko/20100101 Firefox/15.0.1"
223.105.4.245 - - [15/May/2020:02:21:58 +0600] "GET http://www.baidu.com/ HTTP/1.1" 400 61495 "-" "Mozilla/5.0 (X11; Ubuntu; Linux i686; rv:15.0) Gecko/20100101 Firefox/15.0.1"
223.105.4.245 - - [15/May/2020:02:21:58 +0600] "GET http://2018.ip138.com/ic.asp HTTP/1.1" 400 61597 "-" "Mozilla/5.0 (X11; Ubuntu; Linux i686; rv:15.0) Gecko/20100101 Firefox/15.0.1"
223.105.4.244 - - [15/May/2020:02:22:17 +0600] "GET http://2018.ip138.com/ic.asp HTTP/1.1" 400 61570 "-" "Mozilla/5.0 (Windows; U; Windows NT 6.1; rv:2.2) Gecko/20110201"
223.105.4.244 - - [15/May/2020:02:22:17 +0600] "GET http://www.baidu.com/ HTTP/1.1" 400 61469 "-" "Mozilla/5.0 (Windows; U; Windows NT 6.1; rv:2.2) Gecko/20110201"
223.105.4.244 - - [15/May/2020:02:22:45 +0600] "GET http://2018.ip138.com/ic.asp HTTP/1.1" 400 61579 "-" "Mozilla/5.0 (X11; U; Linux i686; en-US; rv:1.9a3pre) Gecko/20070330"
223.105.4.244 - - [15/May/2020:02:22:45 +0600] "GET http://www.baidu.com/ HTTP/1.1" 400 61477 "-" "Mozilla/5.0 (X11; U; Linux i686; en-US; rv:1.9a3pre) Gecko/20070330"
223.105.4.244 - - [15/May/2020:02:23:06 +0600] "GET http://2018.ip138.com/ic.asp HTTP/1.1" 400 61680 "-" "Mozilla/5.0 (X11; Linux i686) AppleWebKit/537.31 (KHTML, like Gecko) Chrome/26.0.1410.43 Safari/537.31"
223.105.4.244 - - [15/May/2020:02:23:06 +0600] "GET http://www.baidu.com/ HTTP/1.1" 400 61579 "-" "Mozilla/5.0 (X11; Linux i686) AppleWebKit/537.31 (KHTML, like Gecko) Chrome/26.0.1410.43 Safari/537.31"
223.105.4.245 - - [15/May/2020:02:23:31 +0600] "GET http://2018.ip138.com/ic.asp HTTP/1.1" 400 61693 "-" "Mozilla/5.0 (Windows NT 6.1; WOW64) AppleWebKit/537.17 (KHTML, like Gecko) Chrome/24.0.1312.60 Safari/537.17"
223.105.4.245 - - [15/May/2020:02:23:31 +0600] "GET http://www.baidu.com/ HTTP/1.1" 400 61591 "-" "Mozilla/5.0 (Windows NT 6.1; WOW64) AppleWebKit/537.17 (KHTML, like Gecko) Chrome/24.0.1312.60 Safari/537.17"
223.105.4.244 - - [15/May/2020:02:24:04 +0600] "GET http://www.baidu.com/ HTTP/1.1" 400 61535 "-" "Mozilla/5.0 (Windows NT 6.2; WOW64; rv:15.0) Gecko/20120910144328 Firefox/15.0.2"
223.105.4.244 - - [15/May/2020:02:24:04 +0600] "GET http://2018.ip138.com/ic.asp HTTP/1.1" 400 61636 "-" "Mozilla/5.0 (Windows NT 6.2; WOW64; rv:15.0) Gecko/20120910144328 Firefox/15.0.2"
112.25.65.102 - - [15/May/2020:02:24:07 +0600] "GET http://www.ksbbs.com/thread-htm-fid-1547-page-3.html HTTP/1.1" 400 64054 "http://www.ksbbs.com/thread-htm-fid-1547.html" "Mozilla/5.0 (Windows; U; Windows NT 5.1; en-US; rv:1.7.12) Gecko/20050915 Firefox/1.0.7"
112.25.65.102 - - [15/May/2020:02:24:07 +0600] "GET http://www.ksbbs.com/thread-htm-fid-1547-page-2.html HTTP/1.1" 400 64003 "http://www.ksbbs.com/thread-htm-fid-1547.html" "Mozilla/5.0 (Windows NT 10.0; Win64; x64; rv:61.0) Gecko/20100101 Firefox/61.0"
223.105.4.245 - - [15/May/2020:02:24:26 +0600] "GET http://2018.ip138.com/ic.asp HTTP/1.1" 400 61595 "-" "Mozilla/5.0 (Windows; U; MSIE 6.0; Windows NT 5.1; SV1; .NET CLR 2.0.50727)"
223.105.4.245 - - [15/May/2020:02:24:26 +0600] "GET http://www.baidu.com/ HTTP/1.1" 400 61492 "-" "Mozilla/5.0 (Windows; U; MSIE 6.0; Windows NT 5.1; SV1; .NET CLR 2.0.50727)"
223.105.4.244 - - [15/May/2020:02:24:55 +0600] "GET http://2018.ip138.com/ic.asp HTTP/1.1" 400 61596 "-" "Mozilla/6.0 (Windows NT 6.2; WOW64; rv:16.0.1) Gecko/20121011 Firefox/16.0.1"
223.105.4.244 - - [15/May/2020:02:24:55 +0600] "GET http://www.baidu.com/ HTTP/1.1" 400 61495 "-" "Mozilla/6.0 (Windows NT 6.2; WOW64; rv:16.0.1) Gecko/20121011 Firefox/16.0.1"
223.105.4.245 - - [15/May/2020:02:25:31 +0600] "GET http://2018.ip138.com/ic.asp HTTP/1.1" 400 61559 "-" "Mozilla/5.0 (Windows; U; MSIE 7.0; Windows NT 6.0; en-US)"
223.105.4.245 - - [15/May/2020:02:25:31 +0600] "GET http://www.baidu.com/ HTTP/1.1" 400 61457 "-" "Mozilla/5.0 (Windows; U; MSIE 7.0; Windows NT 6.0; en-US)"
112.25.65.107 - - [15/May/2020:02:25:44 +0600] "GET http://www.yybnet.net/baise/longlin/ HTTP/1.1" 400 61735 "-" "python-requests/2.8.1"
223.105.4.244 - - [15/May/2020:02:25:51 +0600] "GET http://2018.ip138.com/ic.asp HTTP/1.1" 400 61648 "-" "Mozilla/5.0 (Windows; U; Win 9x 4.90; SG; rv:1.9.2.4) Gecko/20101104 Netscape/9.1.0285"
223.105.4.244 - - [15/May/2020:02:25:51 +0600] "GET http://www.baidu.com/ HTTP/1.1" 400 61547 "-" "Mozilla/5.0 (Windows; U; Win 9x 4.90; SG; rv:1.9.2.4) Gecko/20101104 Netscape/9.1.0285"
223.105.0.240 - - [15/May/2020:02:25:56 +0600] "GET http://news.chinaso.com/search?wd=%E6%B2%B9%E4%BB%B7%E5%B0%86%E8%BF%8E%E4%BA%8C%E8%BF%9E%E8%B7%8C&order=time&page=0&startTime=3h&endTime=now HTTP/1.1" 400 63588 "-" "Mozilla/5.0 (Windows NT 6.1; WOW64; rv:31.0) Gecko/20100101 Firefox/31.0"
223.105.0.240 - - [15/May/2020:02:25:56 +0600] "GET http://search.tianya.cn/bbs?q=%E4%B8%A4%E4%BC%9A HTTP/1.1" 400 62290 "-" "Mozilla/5.0 (Windows NT 6.3; Win64; x64) AppleWebKit/537.36 (KHTML, like Gecko) Chrome/70.0.3538.102 Safari/537.36"
223.105.0.240 - - [15/May/2020:02:25:56 +0600] "GET http://news.baidu.com/ HTTP/1.1" 400 61628 "-" "Mozilla/5.0 (Windows NT 6.1; rv:57.0) Gecko/20100101 Firefox/57.0"
223.105.0.240 - - [15/May/2020:02:25:56 +0600] "GET http://www.baidu.com/s?tn=baidurt&rtt=4&pnw=1&pbl=0&pbs=0&bsst=1&rn=20&wd=%E7%9F%B3%E5%A2%A8%E7%83%AF HTTP/1.1" 400 63658 "-" "Mozilla/5.0 (Windows NT 6.3; WOW64; rv:50.0) Gecko/20100101 Firefox/50.0"
223.105.0.240 - - [15/May/2020:02:25:56 +0600] "CONNECT www.toutiao.com:443 HTTP/1.0" 400 60811 "-" "-"
223.105.0.240 - - [15/May/2020:02:25:56 +0600] "CONNECT weixin.sogou.com:443 HTTP/1.0" 400 60843 "-" "-"
223.105.0.240 - - [15/May/2020:02:25:57 +0600] "GET http://search.sina.com.cn/?c=blog&q=%D6%D0%B9%FA%D2%C6%B6%AF&range=article&by=all&sort=time HTTP/1.1" 400 63235 "-" "Mozilla/5.0 (Macintosh; Intel Mac OS X 10.9; rv:35.0) Gecko/20100101 Firefox/35.0"
223.105.0.240 - - [15/May/2020:02:25:57 +0600] "GET http://news.sogou.com/news?time=0&query=%CB%D5%D6%DD&mode=1&sort=1 HTTP/1.1" 400 62835 "-" "Mozilla/5.0 (Macintosh; Intel Mac OS X 10.5; rv:16.0) Gecko/20100101 Firefox/16.0"
223.105.0.240 - - [15/May/2020:02:25:57 +0600] "CONNECT m.weibo.cn:443 HTTP/1.0" 400 60726 "-" "-"
223.105.0.240 - - [15/May/2020:02:25:57 +0600] "CONNECT www.douban.com:443 HTTP/1.0" 400 60793 "-" "-"
::1 - - [15/May/2020:02:25:58 +0600] "OPTIONS * HTTP/1.0" 200 126 "-" "Apache/2.4.41 (Ubuntu) mod_wsgi/4.6.8 Python/3.8 (internal dummy connection)"
223.105.4.245 - - [15/May/2020:02:26:36 +0600] "GET http://2018.ip138.com/ic.asp HTTP/1.1" 400 61680 "-" "Mozilla/5.0 (X11; U; Linux i686; en-US; rv:1.8.1.12) Gecko/20080219 Firefox/2.0.0.12 Navigator/9.0.0.6"
223.105.4.245 - - [15/May/2020:02:26:36 +0600] "GET http://www.baidu.com/ HTTP/1.1" 400 61579 "-" "Mozilla/5.0 (X11; U; Linux i686; en-US; rv:1.8.1.12) Gecko/20080219 Firefox/2.0.0.12 Navigator/9.0.0.6"
223.105.4.245 - - [15/May/2020:02:27:02 +0600] "GET http://www.baidu.com/ HTTP/1.1" 400 61537 "-" "Opera/9.80 (Macintosh; Intel Mac OS X 10.6.8; U; de) Presto/2.9.168 Version/11.52"
223.105.4.245 - - [15/May/2020:02:27:02 +0600] "GET http://2018.ip138.com/ic.asp HTTP/1.1" 400 61639 "-" "Opera/9.80 (Macintosh; Intel Mac OS X 10.6.8; U; de) Presto/2.9.168 Version/11.52"
112.25.65.106 - - [15/May/2020:02:27:04 +0600] "GET http://www.ksbbs.com/thread-htm-fid-1548.html HTTP/1.1" 400 62133 "-" "Mozilla/5.0 (Windows NT 10.0; Win64; x64) AppleWebKit/537.36 (KHTML, like Gecko) Chrome/57.0.2987.133 Safari/537.36"
112.25.65.106 - - [15/May/2020:02:27:14 +0600] "GET http://www.ksbbs.com/thread-htm-fid-109-page-3.html HTTP/1.1" 400 63341 "http://www.ksbbs.com/thread-htm-fid-109.html" "Mozilla/4.0 (compatible; MSIE 6.0; Windows NT 5.1; SV1; .NET CLR 1.0.3705)"
223.105.4.245 - - [15/May/2020:02:27:15 +0600] "GET http://2018.ip138.com/ic.asp HTTP/1.1" 400 61596 "-" "Mozilla/6.0 (Windows NT 6.2; WOW64; rv:16.0.1) Gecko/20121011 Firefox/16.0.1"
223.105.4.245 - - [15/May/2020:02:27:15 +0600] "GET http://www.baidu.com/ HTTP/1.1" 400 61495 "-" "Mozilla/6.0 (Windows NT 6.2; WOW64; rv:16.0.1) Gecko/20121011 Firefox/16.0.1"
223.105.4.244 - - [15/May/2020:02:27:46 +0600] "GET http://2018.ip138.com/ic.asp HTTP/1.1" 400 61709 "-" "Mozilla/5.0 (Macintosh; U; PPC Mac OS X Mach-O; en-US; rv:1.8.1.7pre) Gecko/20070815 Firefox/2.0.0.6 Navigator/9.0b3"
223.105.4.244 - - [15/May/2020:02:27:46 +0600] "GET http://www.baidu.com/ HTTP/1.1" 400 61607 "-" "Mozilla/5.0 (Macintosh; U; PPC Mac OS X Mach-O; en-US; rv:1.8.1.7pre) Gecko/20070815 Firefox/2.0.0.6 Navigator/9.0b3"
223.105.4.244 - - [15/May/2020:02:27:55 +0600] "GET http://2018.ip138.com/ic.asp HTTP/1.1" 400 61680 "-" "Mozilla/5.0 (X11; U; Linux i686; en-US; rv:1.8.1.12) Gecko/20080219 Firefox/2.0.0.12 Navigator/9.0.0.6"
223.105.4.244 - - [15/May/2020:02:27:55 +0600] "GET http://www.baidu.com/ HTTP/1.1" 400 61579 "-" "Mozilla/5.0 (X11; U; Linux i686; en-US; rv:1.8.1.12) Gecko/20080219 Firefox/2.0.0.12 Navigator/9.0.0.6"
223.105.0.240 - - [15/May/2020:02:28:15 +0600] "GET http://news.baidu.com/ HTTP/1.1" 400 61652 "-" "Mozilla/5.0 (Windows NT 6.3; Win64; x64; rv:57.0) Gecko/20100101 Firefox/57.0"
223.105.0.240 - - [15/May/2020:02:28:15 +0600] "GET http://news.chinaso.com/search?wd=%E6%B2%B9%E4%BB%B7%E5%B0%86%E8%BF%8E%E4%BA%8C%E8%BF%9E%E8%B7%8C&order=time&page=0&startTime=3h&endTime=now HTTP/1.1" 400 63696 "-" "Mozilla/5.0 (Windows NT 10.0; WOW64) AppleWebKit/537.36 (KHTML, like Gecko) Chrome/51.0.2704.103 Safari/537.36"
223.105.0.240 - - [15/May/2020:02:28:15 +0600] "GET http://www.baidu.com/s?tn=baidurt&rtt=4&pnw=1&pbl=0&pbs=0&bsst=1&rn=20&wd=%E7%9F%B3%E5%A2%A8%E7%83%AF HTTP/1.1" 400 63644 "-" "Mozilla/5.0 (Windows NT 6.1; rv:38.0) Gecko/20100101 Firefox/38.0"
223.105.0.240 - - [15/May/2020:02:28:15 +0600] "CONNECT www.toutiao.com:443 HTTP/1.0" 400 60811 "-" "-"
223.105.0.240 - - [15/May/2020:02:28:15 +0600] "GET http://search.tianya.cn/bbs?q=%E4%B8%A4%E4%BC%9A HTTP/1.1" 400 62303 "-" "Mozilla/5.0 (Macintosh; Intel Mac OS X 10_10_5) AppleWebKit/537.36 (KHTML, like Gecko) Chrome/56.0.2924.87 Safari/537.36"
223.105.0.240 - - [15/May/2020:02:28:15 +0600] "GET http://search.sina.com.cn/?c=blog&q=%D6%D0%B9%FA%D2%C6%B6%AF&range=article&by=all&sort=time HTTP/1.1" 400 63309 "-" "Mozilla/5.0 (Macintosh; Intel Mac OS X 10_11_5) AppleWebKit/601.6.17 (KHTML, like Gecko) Version/9.1.1 Safari/601.6.17"
223.105.0.240 - - [15/May/2020:02:28:15 +0600] "GET http://news.sogou.com/news?time=0&query=%CB%D5%D6%DD&mode=1&sort=1 HTTP/1.1" 400 62861 "-" "Mozilla/5.0 (Windows; U; Windows NT 5.1; en-US; rv:1.8.0.1) Gecko/20060111 Firefox/1.5.0.1"
223.105.0.240 - - [15/May/2020:02:28:15 +0600] "CONNECT weixin.sogou.com:443 HTTP/1.0" 400 60843 "-" "-"
223.105.0.240 - - [15/May/2020:02:28:15 +0600] "CONNECT m.weibo.cn:443 HTTP/1.0" 400 60726 "-" "-"
223.105.0.240 - - [15/May/2020:02:28:15 +0600] "CONNECT www.douban.com:443 HTTP/1.0" 400 60793 "-" "-"
::1 - - [15/May/2020:02:28:17 +0600] "OPTIONS * HTTP/1.0" 200 126 "-" "Apache/2.4.41 (Ubuntu) mod_wsgi/4.6.8 Python/3.8 (internal dummy connection)"
223.105.4.244 - - [15/May/2020:02:28:54 +0600] "GET http://www.baidu.com/ HTTP/1.1" 400 61579 "-" "Mozilla/5.0 (X11; U; Linux i686; en-US; rv:1.8.1.12) Gecko/20080219 Firefox/2.0.0.12 Navigator/9.0.0.6"
223.105.4.244 - - [15/May/2020:02:28:54 +0600] "GET http://2018.ip138.com/ic.asp HTTP/1.1" 400 61680 "-" "Mozilla/5.0 (X11; U; Linux i686; en-US; rv:1.8.1.12) Gecko/20080219 Firefox/2.0.0.12 Navigator/9.0.0.6"
112.25.65.107 - - [15/May/2020:02:28:58 +0600] "GET http://www.rszx365.com/forum/board-52316-fresh-1-1.html HTTP/1.1" 400 62005 "-" "python-requests/2.8.1"
223.105.4.244 - - [15/May/2020:02:29:10 +0600] "GET http://2018.ip138.com/ic.asp HTTP/1.1" 400 61594 "-" "Mozilla/5.0 (Windows; U; MSIE 6.0; Windows NT 5.1; SV1; .NET CLR 2.0.50727)"
223.105.4.244 - - [15/May/2020:02:29:10 +0600] "GET http://www.baidu.com/ HTTP/1.1" 400 61492 "-" "Mozilla/5.0 (Windows; U; MSIE 6.0; Windows NT 5.1; SV1; .NET CLR 2.0.50727)"
112.25.65.107 - - [15/May/2020:02:29:16 +0600] "GET http://www.rszx365.com/forum/board-52316-fresh-1-1.html HTTP/1.1" 400 62164 "-" "Mozilla/5.0 (Windows NT 6.1; WOW64; rv:52.0) Gecko/20100101 Firefox/52.0"
223.105.4.244 - - [15/May/2020:02:29:27 +0600] "GET http://www.baidu.com/ HTTP/1.1" 400 61476 "-" "Mozilla/5.0 (X11; U; Linux i686; en-US; rv:1.9a3pre) Gecko/20070330"
223.105.4.244 - - [15/May/2020:02:29:27 +0600] "GET http://2018.ip138.com/ic.asp HTTP/1.1" 400 61579 "-" "Mozilla/5.0 (X11; U; Linux i686; en-US; rv:1.9a3pre) Gecko/20070330"
223.105.4.245 - - [15/May/2020:02:29:53 +0600] "GET http://www.baidu.com/ HTTP/1.1" 400 61546 "-" "Mozilla/5.0 (Windows; U; Win 9x 4.90; SG; rv:1.9.2.4) Gecko/20101104 Netscape/9.1.0285"
223.105.4.245 - - [15/May/2020:02:29:53 +0600] "GET http://2018.ip138.com/ic.asp HTTP/1.1" 400 61649 "-" "Mozilla/5.0 (Windows; U; Win 9x 4.90; SG; rv:1.9.2.4) Gecko/20101104 Netscape/9.1.0285"
223.105.4.244 - - [15/May/2020:02:30:02 +0600] "GET http://www.baidu.com/ HTTP/1.1" 400 61456 "-" "Mozilla/5.0 (Windows; U; MSIE 7.0; Windows NT 6.0; en-US)"
223.105.4.244 - - [15/May/2020:02:30:02 +0600] "GET http://2018.ip138.com/ic.asp HTTP/1.1" 400 61559 "-" "Mozilla/5.0 (Windows; U; MSIE 7.0; Windows NT 6.0; en-US)"
223.105.4.244 - - [15/May/2020:02:30:25 +0600] "GET http://www.baidu.com/ HTTP/1.1" 400 61456 "-" "Mozilla/5.0 (Windows; U; MSIE 7.0; Windows NT 6.0; en-US)"
223.105.4.244 - - [15/May/2020:02:30:25 +0600] "GET http://2018.ip138.com/ic.asp HTTP/1.1" 400 61559 "-" "Mozilla/5.0 (Windows; U; MSIE 7.0; Windows NT 6.0; en-US)"
223.105.4.245 - - [15/May/2020:02:30:44 +0600] "GET http://2018.ip138.com/ic.asp HTTP/1.1" 400 61644 "-" "Mozilla/5.0 (Macintosh; U; Intel Mac OS X 10.6; en-US; rv:1.9.2.13; ) Gecko/20101203"
223.105.4.245 - - [15/May/2020:02:30:44 +0600] "GET http://www.baidu.com/ HTTP/1.1" 400 61543 "-" "Mozilla/5.0 (Macintosh; U; Intel Mac OS X 10.6; en-US; rv:1.9.2.13; ) Gecko/20101203"
223.105.4.244 - - [15/May/2020:02:31:45 +0600] "GET http://2018.ip138.com/ic.asp HTTP/1.1" 400 61645 "-" "Mozilla/5.0 (Macintosh; U; Intel Mac OS X 10.6; en-US; rv:1.9.2.13; ) Gecko/20101203"
223.105.4.244 - - [15/May/2020:02:31:45 +0600] "GET http://www.baidu.com/ HTTP/1.1" 400 61542 "-" "Mozilla/5.0 (Macintosh; U; Intel Mac OS X 10.6; en-US; rv:1.9.2.13; ) Gecko/20101203"
223.105.4.245 - - [15/May/2020:02:31:57 +0600] "GET http://2018.ip138.com/ic.asp HTTP/1.1" 400 61638 "-" "Opera/9.80 (Macintosh; Intel Mac OS X 10.6.8; U; de) Presto/2.9.168 Version/11.52"
223.105.4.245 - - [15/May/2020:02:31:57 +0600] "GET http://www.baidu.com/ HTTP/1.1" 400 61536 "-" "Opera/9.80 (Macintosh; Intel Mac OS X 10.6.8; U; de) Presto/2.9.168 Version/11.52"
112.25.65.107 - - [15/May/2020:02:32:05 +0600] "GET http://www.gaoxian.gov.cn/ HTTP/1.1" 400 61628 "-" "python-requests/2.8.1"
223.105.4.244 - - [15/May/2020:02:32:19 +0600] "GET http://2018.ip138.com/ic.asp HTTP/1.1" 400 61644 "-" "Mozilla/5.0 (Macintosh; U; Intel Mac OS X 10.6; en-US; rv:1.9.2.13; ) Gecko/20101203"
223.105.4.244 - - [15/May/2020:02:32:19 +0600] "GET http://www.baidu.com/ HTTP/1.1" 400 61543 "-" "Mozilla/5.0 (Macintosh; U; Intel Mac OS X 10.6; en-US; rv:1.9.2.13; ) Gecko/20101203"
223.105.4.244 - - [15/May/2020:02:33:12 +0600] "GET http://www.baidu.com/ HTTP/1.1" 400 61492 "-" "Mozilla/5.0 (Windows; U; MSIE 6.0; Windows NT 5.1; SV1; .NET CLR 2.0.50727)"
223.105.4.244 - - [15/May/2020:02:33:12 +0600] "GET http://2018.ip138.com/ic.asp HTTP/1.1" 400 61595 "-" "Mozilla/5.0 (Windows; U; MSIE 6.0; Windows NT 5.1; SV1; .NET CLR 2.0.50727)"
223.105.4.244 - - [15/May/2020:02:33:22 +0600] "GET http://www.baidu.com/ HTTP/1.1" 400 61677 "-" "Mozilla/4.0 (compatible; MSIE 8.0; Windows NT 6.2; Trident/4.0; SLCC2; .NET CLR 2.0.50727; .NET CLR 3.5.30729; .NET CLR 3.0.30729; Media Center PC 6.0)"
223.105.4.244 - - [15/May/2020:02:33:22 +0600] "GET http://2018.ip138.com/ic.asp HTTP/1.1" 400 61779 "-" "Mozilla/4.0 (compatible; MSIE 8.0; Windows NT 6.2; Trident/4.0; SLCC2; .NET CLR 2.0.50727; .NET CLR 3.5.30729; .NET CLR 3.0.30729; Media Center PC 6.0)"
223.105.4.244 - - [15/May/2020:02:33:35 +0600] "GET http://2018.ip138.com/ic.asp HTTP/1.1" 400 61578 "-" "Mozilla/5.0 (X11; U; Linux i686; en-US; rv:1.9a3pre) Gecko/20070330"
223.105.4.244 - - [15/May/2020:02:33:35 +0600] "GET http://www.baidu.com/ HTTP/1.1" 400 61477 "-" "Mozilla/5.0 (X11; U; Linux i686; en-US; rv:1.9a3pre) Gecko/20070330"
223.105.4.244 - - [15/May/2020:02:33:52 +0600] "GET http://www.baidu.com/ HTTP/1.1" 400 61543 "-" "Mozilla/5.0 (Macintosh; U; Intel Mac OS X 10.6; en-US; rv:1.9.2.13; ) Gecko/20101203"
223.105.4.244 - - [15/May/2020:02:33:52 +0600] "GET http://2018.ip138.com/ic.asp HTTP/1.1" 400 61645 "-" "Mozilla/5.0 (Macintosh; U; Intel Mac OS X 10.6; en-US; rv:1.9.2.13; ) Gecko/20101203"
223.105.0.240 - - [15/May/2020:02:34:05 +0600] "GET http://www.baidu.com/s?tn=baidurt&rtt=4&pnw=1&pbl=0&pbs=0&bsst=1&rn=20&wd=%E7%9F%B3%E5%A2%A8%E7%83%AF HTTP/1.1" 400 63751 "-" "Mozilla/5.0 (Windows NT 6.1) AppleWebKit/537.36 (KHTML, like Gecko) Chrome/70.0.3538.110 Safari/537.36"
223.105.0.240 - - [15/May/2020:02:34:05 +0600] "GET http://news.chinaso.com/search?wd=%E6%B2%B9%E4%BB%B7%E5%B0%86%E8%BF%8E%E4%BA%8C%E8%BF%9E%E8%B7%8C&order=time&page=0&startTime=3h&endTime=now HTTP/1.1" 400 63701 "-" "Mozilla/5.0 (Windows NT 6.1; Win64; x64) AppleWebKit/537.36 (KHTML, like Gecko) Chrome/62.0.3202.94 Safari/537.36"
223.105.0.240 - - [15/May/2020:02:34:05 +0600] "GET http://search.sina.com.cn/?c=blog&q=%D6%D0%B9%FA%D2%C6%B6%AF&range=article&by=all&sort=time HTTP/1.1" 400 63171 "-" "Mozilla/5.0 (Windows NT 6.1; rv:34.0) Gecko/20100101 Firefox/34.0"
223.105.0.240 - - [15/May/2020:02:34:05 +0600] "GET http://news.baidu.com/ HTTP/1.1" 400 61654 "-" "Mozilla/5.0 (Windows NT 10.0; Win64; x64; rv:58.0) Gecko/20100101 Firefox/58.0"
223.105.0.240 - - [15/May/2020:02:34:05 +0600] "GET http://search.tianya.cn/bbs?q=%E4%B8%A4%E4%BC%9A HTTP/1.1" 400 62177 "-" "Mozilla/5.0 (Windows NT 10.0; WOW64; rv:42.0) Gecko/20100101 Firefox/42.0"
223.105.0.240 - - [15/May/2020:02:34:05 +0600] "GET http://news.sogou.com/news?time=0&query=%CB%D5%D6%DD&mode=1&sort=1 HTTP/1.1" 400 62913 "-" "Mozilla/5.0 (Macintosh; Intel Mac OS X 10_10_5) AppleWebKit/537.36 (KHTML, like Gecko) Chrome/55.0.2883.95 Safari/537.36"
223.105.0.240 - - [15/May/2020:02:34:05 +0600] "CONNECT weixin.sogou.com:443 HTTP/1.0" 400 60843 "-" "-"
223.105.0.240 - - [15/May/2020:02:34:05 +0600] "CONNECT www.douban.com:443 HTTP/1.0" 400 60793 "-" "-"
223.105.0.240 - - [15/May/2020:02:34:05 +0600] "CONNECT m.weibo.cn:443 HTTP/1.0" 400 60726 "-" "-"
223.105.0.240 - - [15/May/2020:02:34:05 +0600] "CONNECT www.toutiao.com:443 HTTP/1.0" 400 60811 "-" "-"
::1 - - [15/May/2020:02:34:06 +0600] "OPTIONS * HTTP/1.0" 200 126 "-" "Apache/2.4.41 (Ubuntu) mod_wsgi/4.6.8 Python/3.8 (internal dummy connection)"
223.105.4.244 - - [15/May/2020:02:34:07 +0600] "GET http://2018.ip138.com/ic.asp HTTP/1.1" 400 61578 "-" "Mozilla/5.0 (X11; U; Linux i686; en-US; rv:1.9a3pre) Gecko/20070330"
223.105.4.244 - - [15/May/2020:02:34:07 +0600] "GET http://www.baidu.com/ HTTP/1.1" 400 61477 "-" "Mozilla/5.0 (X11; U; Linux i686; en-US; rv:1.9a3pre) Gecko/20070330"
223.105.4.244 - - [15/May/2020:02:34:30 +0600] "GET http://www.baidu.com/ HTTP/1.1" 400 61475 "-" "Opera/9.80 (X11; Linux x86_64; U; fr) Presto/2.9.168 Version/11.50"
223.105.4.244 - - [15/May/2020:02:34:30 +0600] "GET http://2018.ip138.com/ic.asp HTTP/1.1" 400 61577 "-" "Opera/9.80 (X11; Linux x86_64; U; fr) Presto/2.9.168 Version/11.50"
223.105.4.244 - - [15/May/2020:02:34:39 +0600] "GET http://2018.ip138.com/ic.asp HTTP/1.1" 400 61779 "-" "Mozilla/4.0 (compatible; MSIE 8.0; Windows NT 6.2; Trident/4.0; SLCC2; .NET CLR 2.0.50727; .NET CLR 3.5.30729; .NET CLR 3.0.30729; Media Center PC 6.0)"
223.105.4.244 - - [15/May/2020:02:34:39 +0600] "GET http://www.baidu.com/ HTTP/1.1" 400 61676 "-" "Mozilla/4.0 (compatible; MSIE 8.0; Windows NT 6.2; Trident/4.0; SLCC2; .NET CLR 2.0.50727; .NET CLR 3.5.30729; .NET CLR 3.0.30729; Media Center PC 6.0)"
223.105.4.245 - - [15/May/2020:02:35:13 +0600] "GET http://www.baidu.com/ HTTP/1.1" 400 61579 "-" "Mozilla/5.0 (X11; Linux i686) AppleWebKit/537.31 (KHTML, like Gecko) Chrome/26.0.1410.43 Safari/537.31"
223.105.4.245 - - [15/May/2020:02:35:13 +0600] "GET http://2018.ip138.com/ic.asp HTTP/1.1" 400 61680 "-" "Mozilla/5.0 (X11; Linux i686) AppleWebKit/537.31 (KHTML, like Gecko) Chrome/26.0.1410.43 Safari/537.31"
112.25.65.103 - - [15/May/2020:02:35:23 +0600] "GET http://www.cz-jr88.com/chalingxinwen/list_1_1.html HTTP/1.1" 400 61935 "-" "python-requests/2.8.1"
112.25.65.102 - - [15/May/2020:02:35:32 +0600] "GET http://www.pjszyw.com/dushujiaoyu/list_9_1.html HTTP/1.1" 400 61889 "-" "python-requests/2.8.1"
223.105.4.244 - - [15/May/2020:02:35:45 +0600] "GET http://www.baidu.com/ HTTP/1.1" 400 61476 "-" "Mozilla/5.0 (X11; U; Linux i686; en-US; rv:1.9a3pre) Gecko/20070330"
223.105.4.244 - - [15/May/2020:02:35:45 +0600] "GET http://2018.ip138.com/ic.asp HTTP/1.1" 400 61579 "-" "Mozilla/5.0 (X11; U; Linux i686; en-US; rv:1.9a3pre) Gecko/20070330"
223.105.0.240 - - [15/May/2020:02:35:54 +0600] "GET http://news.chinaso.com/search?wd=%E6%B2%B9%E4%BB%B7%E5%B0%86%E8%BF%8E%E4%BA%8C%E8%BF%9E%E8%B7%8C&order=time&page=0&startTime=3h&endTime=now HTTP/1.1" 400 63714 "-" "Mozilla/5.0 (Macintosh; Intel Mac OS X 10_11_6) AppleWebKit/605.1.15 (KHTML, like Gecko) Version/11.1.1 Safari/605.1.15"
223.105.0.240 - - [15/May/2020:02:35:54 +0600] "GET http://news.baidu.com/ HTTP/1.1" 400 61758 "-" "Mozilla/5.0 (Windows NT 10.0; Win64; x64) AppleWebKit/537.36 (KHTML, like Gecko) Chrome/54.0.2840.99 Safari/537.36"
223.105.0.240 - - [15/May/2020:02:35:54 +0600] "GET http://www.baidu.com/s?tn=baidurt&rtt=4&pnw=1&pbl=0&pbs=0&bsst=1&rn=20&wd=%E7%9F%B3%E5%A2%A8%E7%83%AF HTTP/1.1" 400 63778 "-" "Mozilla/5.0 (Macintosh; Intel Mac OS X 10_9_5) AppleWebKit/601.7.8 (KHTML, like Gecko) Version/9.1.3 Safari/537.86.7"
223.105.0.240 - - [15/May/2020:02:35:54 +0600] "CONNECT www.toutiao.com:443 HTTP/1.0" 400 60811 "-" "-"
223.105.0.240 - - [15/May/2020:02:35:54 +0600] "GET http://search.tianya.cn/bbs?q=%E4%B8%A4%E4%BC%9A HTTP/1.1" 400 62280 "-" "Mozilla/5.0 (Windows NT 6.1; WOW64) AppleWebKit/537.36 (KHTML, like Gecko) Chrome/51.0.2704.103 Safari/537.36"
223.105.0.240 - - [15/May/2020:02:35:54 +0600] "CONNECT weixin.sogou.com:443 HTTP/1.0" 400 60844 "-" "-"
223.105.0.240 - - [15/May/2020:02:35:54 +0600] "GET http://search.sina.com.cn/?c=blog&q=%D6%D0%B9%FA%D2%C6%B6%AF&range=article&by=all&sort=time HTTP/1.1" 400 63299 "-" "Mozilla/5.0 (Windows NT 6.1; Win64; x64) AppleWebKit/537.36 (KHTML, like Gecko) Chrome/54.0.2840.99 Safari/537.36"
223.105.0.240 - - [15/May/2020:02:35:54 +0600] "CONNECT m.weibo.cn:443 HTTP/1.0" 400 60725 "-" "-"
223.105.0.240 - - [15/May/2020:02:35:54 +0600] "GET http://news.sogou.com/news?time=0&query=%CB%D5%D6%DD&mode=1&sort=1 HTTP/1.1" 400 62772 "-" "Mozilla/5.0 (Windows NT 6.1; rv:45.0) Gecko/20100101 Firefox/45.0"
223.105.0.240 - - [15/May/2020:02:35:55 +0600] "CONNECT www.douban.com:443 HTTP/1.0" 400 60793 "-" "-"
::1 - - [15/May/2020:02:35:55 +0600] "OPTIONS * HTTP/1.0" 200 126 "-" "Apache/2.4.41 (Ubuntu) mod_wsgi/4.6.8 Python/3.8 (internal dummy connection)"
223.105.4.245 - - [15/May/2020:02:35:56 +0600] "GET http://2018.ip138.com/ic.asp HTTP/1.1" 400 61680 "-" "Mozilla/5.0 (X11; U; Linux i686; en-US; rv:1.8.1.12) Gecko/20080219 Firefox/2.0.0.12 Navigator/9.0.0.6"
223.105.4.245 - - [15/May/2020:02:35:56 +0600] "GET http://www.baidu.com/ HTTP/1.1" 400 61579 "-" "Mozilla/5.0 (X11; U; Linux i686; en-US; rv:1.8.1.12) Gecko/20080219 Firefox/2.0.0.12 Navigator/9.0.0.6"
223.105.4.245 - - [15/May/2020:02:36:43 +0600] "GET http://2018.ip138.com/ic.asp HTTP/1.1" 400 61649 "-" "Mozilla/5.0 (Windows; U; Win 9x 4.90; SG; rv:1.9.2.4) Gecko/20101104 Netscape/9.1.0285"
223.105.4.245 - - [15/May/2020:02:36:43 +0600] "GET http://www.baidu.com/ HTTP/1.1" 400 61547 "-" "Mozilla/5.0 (Windows; U; Win 9x 4.90; SG; rv:1.9.2.4) Gecko/20101104 Netscape/9.1.0285"
223.105.4.245 - - [15/May/2020:02:37:06 +0600] "GET http://2018.ip138.com/ic.asp HTTP/1.1" 400 61597 "-" "Mozilla/6.0 (Windows NT 6.2; WOW64; rv:16.0.1) Gecko/20121011 Firefox/16.0.1"
223.105.4.245 - - [15/May/2020:02:37:06 +0600] "GET http://www.baidu.com/ HTTP/1.1" 400 61494 "-" "Mozilla/6.0 (Windows NT 6.2; WOW64; rv:16.0.1) Gecko/20121011 Firefox/16.0.1"
112.25.65.106 - - [15/May/2020:02:37:08 +0600] "GET http://www.ksbbs.com/thread-htm-fid-1337-page-3.html HTTP/1.1" 400 63935 "http://www.ksbbs.com/thread-htm-fid-1337.html" "Mozilla/5.0 (Windows NT 10.0; Win64; x64) AppleWebKit/537.36 (KHTML, like Gecko) Chrome/60.0.3112.113 Safari/537.36"
223.105.4.245 - - [15/May/2020:02:37:20 +0600] "GET http://www.baidu.com/ HTTP/1.1" 400 61492 "-" "Mozilla/5.0 (Windows; U; MSIE 6.0; Windows NT 5.1; SV1; .NET CLR 2.0.50727)"
223.105.4.245 - - [15/May/2020:02:37:20 +0600] "GET http://2018.ip138.com/ic.asp HTTP/1.1" 400 61595 "-" "Mozilla/5.0 (Windows; U; MSIE 6.0; Windows NT 5.1; SV1; .NET CLR 2.0.50727)"
223.105.4.245 - - [15/May/2020:02:37:46 +0600] "GET http://2018.ip138.com/ic.asp HTTP/1.1" 400 61639 "-" "Opera/9.80 (Macintosh; Intel Mac OS X 10.6.8; U; de) Presto/2.9.168 Version/11.52"
223.105.4.245 - - [15/May/2020:02:37:46 +0600] "GET http://www.baidu.com/ HTTP/1.1" 400 61537 "-" "Opera/9.80 (Macintosh; Intel Mac OS X 10.6.8; U; de) Presto/2.9.168 Version/11.52"
223.105.4.244 - - [15/May/2020:02:37:49 +0600] "GET http://2018.ip138.com/ic.asp HTTP/1.1" 400 61712 "-" "Mozilla/5.0 (Macintosh; Intel Mac OS X 10_8_2) AppleWebKit/537.17 (KHTML, like Gecko) Chrome/24.0.1309.0 Safari/537.17"
223.105.4.244 - - [15/May/2020:02:37:49 +0600] "GET http://www.baidu.com/ HTTP/1.1" 400 61611 "-" "Mozilla/5.0 (Macintosh; Intel Mac OS X 10_8_2) AppleWebKit/537.17 (KHTML, like Gecko) Chrome/24.0.1309.0 Safari/537.17"
223.105.4.245 - - [15/May/2020:02:37:54 +0600] "GET http://2018.ip138.com/ic.asp HTTP/1.1" 400 61649 "-" "Mozilla/5.0 (Windows; U; Win 9x 4.90; SG; rv:1.9.2.4) Gecko/20101104 Netscape/9.1.0285"
223.105.4.245 - - [15/May/2020:02:37:54 +0600] "GET http://www.baidu.com/ HTTP/1.1" 400 61547 "-" "Mozilla/5.0 (Windows; U; Win 9x 4.90; SG; rv:1.9.2.4) Gecko/20101104 Netscape/9.1.0285"
223.105.4.245 - - [15/May/2020:02:38:16 +0600] "GET http://www.baidu.com/ HTTP/1.1" 400 61534 "-" "Mozilla/5.0 (Windows NT 6.2; WOW64; rv:15.0) Gecko/20120910144328 Firefox/15.0.2"
223.105.4.245 - - [15/May/2020:02:38:16 +0600] "GET http://2018.ip138.com/ic.asp HTTP/1.1" 400 61637 "-" "Mozilla/5.0 (Windows NT 6.2; WOW64; rv:15.0) Gecko/20120910144328 Firefox/15.0.2"
223.105.4.244 - - [15/May/2020:02:38:21 +0600] "GET http://www.baidu.com/ HTTP/1.1" 400 61495 "-" "Mozilla/6.0 (Windows NT 6.2; WOW64; rv:16.0.1) Gecko/20121011 Firefox/16.0.1"
223.105.4.244 - - [15/May/2020:02:38:21 +0600] "GET http://2018.ip138.com/ic.asp HTTP/1.1" 400 61597 "-" "Mozilla/6.0 (Windows NT 6.2; WOW64; rv:16.0.1) Gecko/20121011 Firefox/16.0.1"
223.105.4.244 - - [15/May/2020:02:38:56 +0600] "GET http://2018.ip138.com/ic.asp HTTP/1.1" 400 61596 "-" "Mozilla/6.0 (Windows NT 6.2; WOW64; rv:16.0.1) Gecko/20121011 Firefox/16.0.1"
223.105.4.244 - - [15/May/2020:02:38:56 +0600] "GET http://www.baidu.com/ HTTP/1.1" 400 61495 "-" "Mozilla/6.0 (Windows NT 6.2; WOW64; rv:16.0.1) Gecko/20121011 Firefox/16.0.1"
223.105.4.244 - - [15/May/2020:02:39:18 +0600] "GET http://2018.ip138.com/ic.asp HTTP/1.1" 400 61693 "-" "Mozilla/5.0 (Windows NT 6.1; WOW64) AppleWebKit/537.17 (KHTML, like Gecko) Chrome/24.0.1312.60 Safari/537.17"
223.105.4.244 - - [15/May/2020:02:39:18 +0600] "GET http://www.baidu.com/ HTTP/1.1" 400 61591 "-" "Mozilla/5.0 (Windows NT 6.1; WOW64) AppleWebKit/537.17 (KHTML, like Gecko) Chrome/24.0.1312.60 Safari/537.17"
223.105.4.244 - - [15/May/2020:02:39:43 +0600] "GET http://2018.ip138.com/ic.asp HTTP/1.1" 400 61578 "-" "Mozilla/5.0 (X11; U; Linux i686; en-US; rv:1.9a3pre) Gecko/20070330"
223.105.4.244 - - [15/May/2020:02:39:43 +0600] "GET http://www.baidu.com/ HTTP/1.1" 400 61477 "-" "Mozilla/5.0 (X11; U; Linux i686; en-US; rv:1.9a3pre) Gecko/20070330"
223.105.4.244 - - [15/May/2020:02:39:54 +0600] "GET http://2018.ip138.com/ic.asp HTTP/1.1" 400 61559 "-" "Mozilla/5.0 (Windows; U; MSIE 7.0; Windows NT 6.0; en-US)"
223.105.4.244 - - [15/May/2020:02:39:54 +0600] "GET http://www.baidu.com/ HTTP/1.1" 400 61457 "-" "Mozilla/5.0 (Windows; U; MSIE 7.0; Windows NT 6.0; en-US)"
223.105.4.245 - - [15/May/2020:02:40:07 +0600] "GET http://www.baidu.com/ HTTP/1.1" 400 61606 "-" "Mozilla/5.0 (Macintosh; U; PPC Mac OS X Mach-O; en-US; rv:1.8.1.7pre) Gecko/20070815 Firefox/2.0.0.6 Navigator/9.0b3"
223.105.4.245 - - [15/May/2020:02:40:07 +0600] "GET http://2018.ip138.com/ic.asp HTTP/1.1" 400 61709 "-" "Mozilla/5.0 (Macintosh; U; PPC Mac OS X Mach-O; en-US; rv:1.8.1.7pre) Gecko/20070815 Firefox/2.0.0.6 Navigator/9.0b3"
223.105.4.244 - - [15/May/2020:02:40:16 +0600] "GET http://2018.ip138.com/ic.asp HTTP/1.1" 400 61637 "-" "Mozilla/5.0 (Windows NT 6.2; WOW64; rv:15.0) Gecko/20120910144328 Firefox/15.0.2"
223.105.4.244 - - [15/May/2020:02:40:16 +0600] "GET http://www.baidu.com/ HTTP/1.1" 400 61535 "-" "Mozilla/5.0 (Windows NT 6.2; WOW64; rv:15.0) Gecko/20120910144328 Firefox/15.0.2"
223.105.4.244 - - [15/May/2020:02:40:33 +0600] "GET http://www.baidu.com/ HTTP/1.1" 400 61578 "-" "Mozilla/5.0 (X11; U; Linux i686; en-US; rv:1.8.1.12) Gecko/20080219 Firefox/2.0.0.12 Navigator/9.0.0.6"
223.105.4.244 - - [15/May/2020:02:40:33 +0600] "GET http://2018.ip138.com/ic.asp HTTP/1.1" 400 61681 "-" "Mozilla/5.0 (X11; U; Linux i686; en-US; rv:1.8.1.12) Gecko/20080219 Firefox/2.0.0.12 Navigator/9.0.0.6"
112.25.65.104 - - [15/May/2020:02:40:44 +0600] "CONNECT www.dingcheng.gov.cn:443 HTTP/1.1" 400 61152 "-" "-"
112.25.65.107 - - [15/May/2020:02:40:57 +0600] "GET http://tuquan.nmgnews.com.cn/spxw/ HTTP/1.1" 400 61752 "-" "python-requests/2.8.1"
223.105.4.245 - - [15/May/2020:02:41:00 +0600] "GET http://www.baidu.com/ HTTP/1.1" 400 61495 "-" "Mozilla/5.0 (X11; Ubuntu; Linux i686; rv:15.0) Gecko/20100101 Firefox/15.0.1"
223.105.4.245 - - [15/May/2020:02:41:01 +0600] "GET http://2018.ip138.com/ic.asp HTTP/1.1" 400 61597 "-" "Mozilla/5.0 (X11; Ubuntu; Linux i686; rv:15.0) Gecko/20100101 Firefox/15.0.1"
220.133.167.4 - - [15/May/2020:02:41:07 +0600] "GET / HTTP/1.1" 400 0 "-" "-"
223.105.4.245 - - [15/May/2020:02:41:10 +0600] "GET http://www.baidu.com/ HTTP/1.1" 400 61475 "-" "Opera/9.80 (X11; Linux x86_64; U; fr) Presto/2.9.168 Version/11.50"
223.105.4.245 - - [15/May/2020:02:41:10 +0600] "GET http://2018.ip138.com/ic.asp HTTP/1.1" 400 61577 "-" "Opera/9.80 (X11; Linux x86_64; U; fr) Presto/2.9.168 Version/11.50"
112.25.65.107 - - [15/May/2020:02:41:14 +0600] "GET http://xam.nmgnews.com.cn/ly/ HTTP/1.1" 400 61669 "-" "python-requests/2.8.1"
112.25.65.107 - - [15/May/2020:02:41:17 +0600] "GET http://tuquan.nmgnews.com.cn/spxw/ HTTP/1.1" 400 61914 "-" "Mozilla/4.0 (compatible; MSIE 6.0; Windows NT 5.1; SV1; .NET CLR 1.0.3705)"
223.105.4.245 - - [15/May/2020:02:41:47 +0600] "GET http://2018.ip138.com/ic.asp HTTP/1.1" 400 61596 "-" "Mozilla/5.0 (X11; Ubuntu; Linux i686; rv:15.0) Gecko/20100101 Firefox/15.0.1"
223.105.4.245 - - [15/May/2020:02:41:47 +0600] "GET http://www.baidu.com/ HTTP/1.1" 400 61495 "-" "Mozilla/5.0 (X11; Ubuntu; Linux i686; rv:15.0) Gecko/20100101 Firefox/15.0.1"
223.105.4.244 - - [15/May/2020:02:41:52 +0600] "GET http://www.baidu.com/ HTTP/1.1" 400 61477 "-" "Mozilla/5.0 (X11; U; Linux i686; en-US; rv:1.9a3pre) Gecko/20070330"
223.105.4.244 - - [15/May/2020:02:41:52 +0600] "GET http://2018.ip138.com/ic.asp HTTP/1.1" 400 61579 "-" "Mozilla/5.0 (X11; U; Linux i686; en-US; rv:1.9a3pre) Gecko/20070330"
223.105.4.244 - - [15/May/2020:02:42:03 +0600] "GET http://2018.ip138.com/ic.asp HTTP/1.1" 400 61638 "-" "Opera/9.80 (Macintosh; Intel Mac OS X 10.6.8; U; de) Presto/2.9.168 Version/11.52"
223.105.4.244 - - [15/May/2020:02:42:03 +0600] "GET http://www.baidu.com/ HTTP/1.1" 400 61537 "-" "Opera/9.80 (Macintosh; Intel Mac OS X 10.6.8; U; de) Presto/2.9.168 Version/11.52"
223.105.4.245 - - [15/May/2020:02:42:35 +0600] "GET http://2018.ip138.com/ic.asp HTTP/1.1" 400 61559 "-" "Mozilla/5.0 (Windows; U; MSIE 7.0; Windows NT 6.0; en-US)"
223.105.4.245 - - [15/May/2020:02:42:35 +0600] "GET http://www.baidu.com/ HTTP/1.1" 400 61457 "-" "Mozilla/5.0 (Windows; U; MSIE 7.0; Windows NT 6.0; en-US)"
223.105.4.245 - - [15/May/2020:02:42:47 +0600] "GET http://www.baidu.com/ HTTP/1.1" 400 61475 "-" "Opera/9.80 (X11; Linux x86_64; U; fr) Presto/2.9.168 Version/11.50"
223.105.4.245 - - [15/May/2020:02:42:47 +0600] "GET http://2018.ip138.com/ic.asp HTTP/1.1" 400 61576 "-" "Opera/9.80 (X11; Linux x86_64; U; fr) Presto/2.9.168 Version/11.50"
223.105.0.240 - - [15/May/2020:02:42:50 +0600] "GET http://news.chinaso.com/search?wd=%E6%B2%B9%E4%BB%B7%E5%B0%86%E8%BF%8E%E4%BA%8C%E8%BF%9E%E8%B7%8C&order=time&page=0&startTime=3h&endTime=now HTTP/1.1" 400 63710 "-" "Mozilla/5.0 (Macintosh; Intel Mac OS X 10_9_5) AppleWebKit/600.8.9 (KHTML, like Gecko) Version/7.1.8 Safari/537.85.17"
223.105.0.240 - - [15/May/2020:02:42:50 +0600] "GET http://news.baidu.com/ HTTP/1.1" 400 61757 "-" "Mozilla/5.0 (Windows NT 6.1; Win64; x64) AppleWebKit/537.36 (KHTML, like Gecko) Chrome/61.0.3163.100 Safari/537.36"
223.105.0.240 - - [15/May/2020:02:42:50 +0600] "CONNECT www.toutiao.com:443 HTTP/1.0" 400 60811 "-" "-"
223.105.0.240 - - [15/May/2020:02:42:50 +0600] "GET http://www.baidu.com/s?tn=baidurt&rtt=4&pnw=1&pbl=0&pbs=0&bsst=1&rn=20&wd=%E7%9F%B3%E5%A2%A8%E7%83%AF HTTP/1.1" 400 63658 "-" "Mozilla/5.0 (Windows NT 6.1; WOW64; rv:43.0) Gecko/20100101 Firefox/43.0"
223.105.0.240 - - [15/May/2020:02:42:50 +0600] "GET http://search.tianya.cn/bbs?q=%E4%B8%A4%E4%BC%9A HTTP/1.1" 400 62267 "-" "Mozilla/5.0 (Windows NT 6.1) AppleWebKit/537.36 (KHTML, like Gecko) Chrome/63.0.3239.132 Safari/537.36"
223.105.0.240 - - [15/May/2020:02:42:50 +0600] "GET http://search.sina.com.cn/?c=blog&q=%D6%D0%B9%FA%D2%C6%B6%AF&range=article&by=all&sort=time HTTP/1.1" 400 63292 "-" "Mozilla/5.0 (Windows NT 10.0; WOW64) AppleWebKit/537.36 (KHTML, like Gecko) Chrome/57.0.2987.133 Safari/537.36"
223.105.0.240 - - [15/May/2020:02:42:50 +0600] "GET http://news.sogou.com/news?time=0&query=%CB%D5%D6%DD&mode=1&sort=1 HTTP/1.1" 400 62836 "-" "Mozilla/5.0 (Macintosh; Intel Mac OS X 10.6; rv:35.0) Gecko/20100101 Firefox/35.0"
223.105.0.240 - - [15/May/2020:02:42:50 +0600] "CONNECT weixin.sogou.com:443 HTTP/1.0" 400 60844 "-" "-"
223.105.0.240 - - [15/May/2020:02:42:50 +0600] "CONNECT m.weibo.cn:443 HTTP/1.0" 400 60726 "-" "-"
223.105.0.240 - - [15/May/2020:02:42:50 +0600] "CONNECT www.douban.com:443 HTTP/1.0" 400 60793 "-" "-"
223.105.4.244 - - [15/May/2020:02:43:02 +0600] "GET http://www.baidu.com/ HTTP/1.1" 400 61578 "-" "Mozilla/5.0 (X11; U; Linux i686; en-US; rv:1.8.1.12) Gecko/20080219 Firefox/2.0.0.12 Navigator/9.0.0.6"
223.105.4.244 - - [15/May/2020:02:43:02 +0600] "GET http://2018.ip138.com/ic.asp HTTP/1.1" 400 61681 "-" "Mozilla/5.0 (X11; U; Linux i686; en-US; rv:1.8.1.12) Gecko/20080219 Firefox/2.0.0.12 Navigator/9.0.0.6"
223.105.4.244 - - [15/May/2020:02:43:14 +0600] "GET http://www.baidu.com/ HTTP/1.1" 400 61579 "-" "Mozilla/5.0 (X11; Linux i686) AppleWebKit/537.31 (KHTML, like Gecko) Chrome/26.0.1410.43 Safari/537.31"
223.105.4.244 - - [15/May/2020:02:43:14 +0600] "GET http://2018.ip138.com/ic.asp HTTP/1.1" 400 61681 "-" "Mozilla/5.0 (X11; Linux i686) AppleWebKit/537.31 (KHTML, like Gecko) Chrome/26.0.1410.43 Safari/537.31"
223.105.4.244 - - [15/May/2020:02:43:32 +0600] "GET http://www.baidu.com/ HTTP/1.1" 400 61476 "-" "Mozilla/5.0 (X11; U; Linux i686; en-US; rv:1.9a3pre) Gecko/20070330"
223.105.4.244 - - [15/May/2020:02:43:32 +0600] "GET http://2018.ip138.com/ic.asp HTTP/1.1" 400 61579 "-" "Mozilla/5.0 (X11; U; Linux i686; en-US; rv:1.9a3pre) Gecko/20070330"
223.105.4.244 - - [15/May/2020:02:43:52 +0600] "GET http://www.baidu.com/ HTTP/1.1" 400 61475 "-" "Opera/9.80 (X11; Linux x86_64; U; fr) Presto/2.9.168 Version/11.50"
223.105.4.244 - - [15/May/2020:02:43:52 +0600] "GET http://2018.ip138.com/ic.asp HTTP/1.1" 400 61577 "-" "Opera/9.80 (X11; Linux x86_64; U; fr) Presto/2.9.168 Version/11.50"
223.105.4.244 - - [15/May/2020:02:44:07 +0600] "GET http://www.baidu.com/ HTTP/1.1" 400 61611 "-" "Mozilla/5.0 (Macintosh; Intel Mac OS X 10_8_2) AppleWebKit/537.17 (KHTML, like Gecko) Chrome/24.0.1309.0 Safari/537.17"
223.105.4.244 - - [15/May/2020:02:44:07 +0600] "GET http://2018.ip138.com/ic.asp HTTP/1.1" 400 61712 "-" "Mozilla/5.0 (Macintosh; Intel Mac OS X 10_8_2) AppleWebKit/537.17 (KHTML, like Gecko) Chrome/24.0.1309.0 Safari/537.17"
223.105.4.245 - - [15/May/2020:02:44:15 +0600] "GET http://2018.ip138.com/ic.asp HTTP/1.1" 400 61559 "-" "Opera/9.80 (Windows NT 6.0) Presto/2.12.388 Version/12.14"
223.105.4.245 - - [15/May/2020:02:44:15 +0600] "GET http://www.baidu.com/ HTTP/1.1" 400 61456 "-" "Opera/9.80 (Windows NT 6.0) Presto/2.12.388 Version/12.14"
223.105.4.244 - - [15/May/2020:02:45:03 +0600] "GET http://2018.ip138.com/ic.asp HTTP/1.1" 400 61649 "-" "Mozilla/5.0 (Windows; U; Win 9x 4.90; SG; rv:1.9.2.4) Gecko/20101104 Netscape/9.1.0285"
223.105.4.244 - - [15/May/2020:02:45:03 +0600] "GET http://www.baidu.com/ HTTP/1.1" 400 61546 "-" "Mozilla/5.0 (Windows; U; Win 9x 4.90; SG; rv:1.9.2.4) Gecko/20101104 Netscape/9.1.0285"
223.105.4.245 - - [15/May/2020:02:45:08 +0600] "GET http://www.baidu.com/ HTTP/1.1" 400 61495 "-" "Mozilla/5.0 (X11; Ubuntu; Linux i686; rv:15.0) Gecko/20100101 Firefox/15.0.1"
223.105.4.245 - - [15/May/2020:02:45:08 +0600] "GET http://2018.ip138.com/ic.asp HTTP/1.1" 400 61596 "-" "Mozilla/5.0 (X11; Ubuntu; Linux i686; rv:15.0) Gecko/20100101 Firefox/15.0.1"
112.25.65.106 - - [15/May/2020:02:45:33 +0600] "GET http://ohztb.ouhai.gov.cn/ohcms/zfcgdybc/index.htm HTTP/1.1" 400 62352 "-" "Mozilla/5.0 (Windows NT 6.1; WOW64) AppleWebKit/534.27 (KHTML, like Gecko) Chrome/12.0.712.0 Safari/534.27"
